###############################################################################
#
# IAR ELF Linker V7.50.1.10123/W32 for ARM                01/Dec/2023  17:13:46
# Copyright 2007-2015 IAR Systems AB.
#
#    Output file  =  
#        C:\Tools\Jenkins\workspace\FordeMCD\01_Software\Flash_Debug\Exe\FordeMCDtest.out
#    Map file     =  
#        C:\Tools\Jenkins\workspace\FordeMCD\01_Software\Flash_Debug\List\FordeMCDtest.map
#    Command line =  
#        C:\Tools\Jenkins\workspace\FordeMCD\01_Software\Flash_Debug\Obj\app.o
#        C:\Tools\Jenkins\workspace\FordeMCD\01_Software\Flash_Debug\Obj\app_diag.o
#        C:\Tools\Jenkins\workspace\FordeMCD\01_Software\Flash_Debug\Obj\app_diag_generic_functions.o
#        C:\Tools\Jenkins\workspace\FordeMCD\01_Software\Flash_Debug\Obj\app_diag_gf.o
#        C:\Tools\Jenkins\workspace\FordeMCD\01_Software\Flash_Debug\Obj\app_FaultMgr.o
#        C:\Tools\Jenkins\workspace\FordeMCD\01_Software\Flash_Debug\Obj\app_FaultMgr_cfg.o
#        C:\Tools\Jenkins\workspace\FordeMCD\01_Software\Flash_Debug\Obj\app_Main100msMgr.o
#        C:\Tools\Jenkins\workspace\FordeMCD\01_Software\Flash_Debug\Obj\app_Main100msMgr_capi.o
#        C:\Tools\Jenkins\workspace\FordeMCD\01_Software\Flash_Debug\Obj\app_Main100msMgr_data.o
#        C:\Tools\Jenkins\workspace\FordeMCD\01_Software\Flash_Debug\Obj\app_Main10msMgr.o
#        C:\Tools\Jenkins\workspace\FordeMCD\01_Software\Flash_Debug\Obj\app_Main10msMgr_capi.o
#        C:\Tools\Jenkins\workspace\FordeMCD\01_Software\Flash_Debug\Obj\app_Main10msMgr_data.o
#        C:\Tools\Jenkins\workspace\FordeMCD\01_Software\Flash_Debug\Obj\app_Main1msMgr.o
#        C:\Tools\Jenkins\workspace\FordeMCD\01_Software\Flash_Debug\Obj\app_Main1msMgr_capi.o
#        C:\Tools\Jenkins\workspace\FordeMCD\01_Software\Flash_Debug\Obj\app_Main1msMgr_data.o
#        C:\Tools\Jenkins\workspace\FordeMCD\01_Software\Flash_Debug\Obj\app_Main50msMgr.o
#        C:\Tools\Jenkins\workspace\FordeMCD\01_Software\Flash_Debug\Obj\app_Main50msMgr_capi.o
#        C:\Tools\Jenkins\workspace\FordeMCD\01_Software\Flash_Debug\Obj\app_Main50msMgr_data.o
#        C:\Tools\Jenkins\workspace\FordeMCD\01_Software\Flash_Debug\Obj\ecu.o
#        C:\Tools\Jenkins\workspace\FordeMCD\01_Software\Flash_Debug\Obj\ecu_anlg.o
#        C:\Tools\Jenkins\workspace\FordeMCD\01_Software\Flash_Debug\Obj\ecu_anlg_cfg.o
#        C:\Tools\Jenkins\workspace\FordeMCD\01_Software\Flash_Debug\Obj\ecu_com.o
#        C:\Tools\Jenkins\workspace\FordeMCD\01_Software\Flash_Debug\Obj\ecu_com_cfg.o
#        C:\Tools\Jenkins\workspace\FordeMCD\01_Software\Flash_Debug\Obj\ecu_com_cfg_gen.o
#        C:\Tools\Jenkins\workspace\FordeMCD\01_Software\Flash_Debug\Obj\ecu_diag.o
#        C:\Tools\Jenkins\workspace\FordeMCD\01_Software\Flash_Debug\Obj\ecu_diag_cfg.o
#        C:\Tools\Jenkins\workspace\FordeMCD\01_Software\Flash_Debug\Obj\ecu_io.o
#        C:\Tools\Jenkins\workspace\FordeMCD\01_Software\Flash_Debug\Obj\ecu_io_cfg.o
#        C:\Tools\Jenkins\workspace\FordeMCD\01_Software\Flash_Debug\Obj\ecu_mem.o
#        C:\Tools\Jenkins\workspace\FordeMCD\01_Software\Flash_Debug\Obj\ecu_mem_cfg.o
#        C:\Tools\Jenkins\workspace\FordeMCD\01_Software\Flash_Debug\Obj\ecu_serial.o
#        C:\Tools\Jenkins\workspace\FordeMCD\01_Software\Flash_Debug\Obj\ecu_serial_cfg.o
#        C:\Tools\Jenkins\workspace\FordeMCD\01_Software\Flash_Debug\Obj\ecu_system.o
#        C:\Tools\Jenkins\workspace\FordeMCD\01_Software\Flash_Debug\Obj\ecu_system_cfg.o
#        C:\Tools\Jenkins\workspace\FordeMCD\01_Software\Flash_Debug\Obj\ecu_txcp.o
#        C:\Tools\Jenkins\workspace\FordeMCD\01_Software\Flash_Debug\Obj\ecu_txcp_cfg.o
#        C:\Tools\Jenkins\workspace\FordeMCD\01_Software\Flash_Debug\Obj\ecu_wdg.o
#        C:\Tools\Jenkins\workspace\FordeMCD\01_Software\Flash_Debug\Obj\ecu_wdg_cfg.o
#        C:\Tools\Jenkins\workspace\FordeMCD\01_Software\Flash_Debug\Obj\Fapi_UserDefinedFunctions.o
#        C:\Tools\Jenkins\workspace\FordeMCD\01_Software\Flash_Debug\Obj\lib_data.o
#        C:\Tools\Jenkins\workspace\FordeMCD\01_Software\Flash_Debug\Obj\lib_delay.o
#        C:\Tools\Jenkins\workspace\FordeMCD\01_Software\Flash_Debug\Obj\look1_binlxpw.o
#        C:\Tools\Jenkins\workspace\FordeMCD\01_Software\Flash_Debug\Obj\low_level_init.o
#        C:\Tools\Jenkins\workspace\FordeMCD\01_Software\Flash_Debug\Obj\main.o
#        C:\Tools\Jenkins\workspace\FordeMCD\01_Software\Flash_Debug\Obj\os.o
#        C:\Tools\Jenkins\workspace\FordeMCD\01_Software\Flash_Debug\Obj\os_cfg.o
#        C:\Tools\Jenkins\workspace\FordeMCD\01_Software\Flash_Debug\Obj\os_tasks.o
#        C:\Tools\Jenkins\workspace\FordeMCD\01_Software\Flash_Debug\Obj\rte.o
#        C:\Tools\Jenkins\workspace\FordeMCD\01_Software\Flash_Debug\Obj\rte_tasks.o
#        C:\Tools\Jenkins\workspace\FordeMCD\01_Software\Flash_Debug\Obj\tms570ls3137_cstartup.o
#        C:\Tools\Jenkins\workspace\FordeMCD\01_Software\Flash_Debug\Obj\uc.o
#        C:\Tools\Jenkins\workspace\FordeMCD\01_Software\Flash_Debug\Obj\uc_adc.o
#        C:\Tools\Jenkins\workspace\FordeMCD\01_Software\Flash_Debug\Obj\uc_adc_cfg.o
#        C:\Tools\Jenkins\workspace\FordeMCD\01_Software\Flash_Debug\Obj\uc_can.o
#        C:\Tools\Jenkins\workspace\FordeMCD\01_Software\Flash_Debug\Obj\uc_can_cfg.o
#        C:\Tools\Jenkins\workspace\FordeMCD\01_Software\Flash_Debug\Obj\uc_dio.o
#        C:\Tools\Jenkins\workspace\FordeMCD\01_Software\Flash_Debug\Obj\uc_dio_cfg.o
#        C:\Tools\Jenkins\workspace\FordeMCD\01_Software\Flash_Debug\Obj\uc_eeprom.o
#        C:\Tools\Jenkins\workspace\FordeMCD\01_Software\Flash_Debug\Obj\uc_eeprom_cfg.o
#        C:\Tools\Jenkins\workspace\FordeMCD\01_Software\Flash_Debug\Obj\uc_flash.o
#        C:\Tools\Jenkins\workspace\FordeMCD\01_Software\Flash_Debug\Obj\uc_flash_cfg.o
#        C:\Tools\Jenkins\workspace\FordeMCD\01_Software\Flash_Debug\Obj\uc_pwm.o
#        C:\Tools\Jenkins\workspace\FordeMCD\01_Software\Flash_Debug\Obj\uc_pwm_cfg.o
#        C:\Tools\Jenkins\workspace\FordeMCD\01_Software\Flash_Debug\Obj\uc_spi.o
#        C:\Tools\Jenkins\workspace\FordeMCD\01_Software\Flash_Debug\Obj\uc_spi_cfg.o
#        C:\Tools\Jenkins\workspace\FordeMCD\01_Software\Flash_Debug\Obj\uc_system.o
#        C:\Tools\Jenkins\workspace\FordeMCD\01_Software\Flash_Debug\Obj\uc_system_cfg.o
#        C:\Tools\Jenkins\workspace\FordeMCD\01_Software\Flash_Debug\Obj\uc_timer.o
#        C:\Tools\Jenkins\workspace\FordeMCD\01_Software\Flash_Debug\Obj\uc_timer_cfg.o
#        "C:\Tools\Jenkins\workspace\FordeMCD\01_Software\Flash_Debug\Obj\uc_uart
#        _cfg.o"
#        C:\Tools\Jenkins\workspace\FordeMCD\01_Software\Flash_Debug\Obj\uc_uart.o
#        C:\Tools\Jenkins\workspace\FordeMCD\01_Software\Flash_Debug\Obj\uc_wdg.o
#        C:\Tools\Jenkins\workspace\FordeMCD\01_Software\Flash_Debug\Obj\uc_wdg_cfg.o
#        -o
#        C:\Tools\Jenkins\workspace\FordeMCD\01_Software\Flash_Debug\Exe\FordeMCDtest.out
#        --redirect _Printf=_PrintfFull --redirect _Scanf=_ScanfFull --map
#        C:\Tools\Jenkins\workspace\FordeMCD\01_Software\Flash_Debug\List\FordeMCDtest.map
#        --log
#        libraries,initialization,modules,redirects,sections,veneers,unused_fragments
#        --log_file
#        C:\Tools\Jenkins\workspace\FordeMCD\01_Software\Flash_Debug\List\FordeMCDtest.log
#        --config
#        C:\Tools\Jenkins\workspace\FordeMCD\01_Software\config\TMS570LS3137_flash.icf
#        --semihosting
#        "C:\Tools\Jenkins\workspace\FordeMCD\01_Software\01_Code\deMCD\Core\LIB\F021
#        Flash API\02.01.01\F021_API_CortexR4_BE.lib" --entry
#        __iar_program_start --BE32 --vfe
#
###############################################################################

*******************************************************************************
*** RUNTIME MODEL ATTRIBUTES
***

CppFlavor       = *
__SystemLibrary = DLib


*******************************************************************************
*** PLACEMENT SUMMARY
***

"A1":  place at 0x00100000 { ro section .intvec };
"P1":  place in [from 0x00100040 to 0x002fffff] { ro };
"P2":  place in [from 0x08000000 to 0x0803ffff] {
          rw, block CSTACK, block SVC_STACK, block IRQ_STACK, block FIQ_STACK,
          block UND_STACK, block ABT_STACK, block HEAP };

  Section                 Kind        Address     Size  Object
  -------                 ----        -------     ----  ------
"A1":                                             0x3c
  .intvec                 ro code  0x00100000     0x3c  tms570ls3137_cstartup.o [1]
                                 - 0x0010003c     0x3c

"P1":                                          0x1835b
  .text                   ro code  0x00100040   0x2784  uc_can.o [1]
  Veneer                  ro code  0x001027c4      0x8  - Linker created -
  .text                   ro code  0x001027cc    0x1c0  uc_system.o [1]
  .text                   ro code  0x0010298c    0x1c0  low_level_init.o [1]
  .text                   ro code  0x00102b4c   0x1f68  ecu_com.o [1]
  .text                   ro code  0x00104ab4     0x3e  lib_data.o [1]
  .rodata                 const    0x00104af2      0x2  ecu_anlg_cfg.o [1]
  .text                   ro code  0x00104af4   0x1dac  app_diag.o [1]
  .text                   ro code  0x001068a0    0x458  ecu_diag.o [1]
  .text                   ro code  0x00106cf8    0x6c6  app_diag_gf.o [1]
  .rodata                 const    0x001073be      0x1  app_Main10msMgr_capi.o [1]
  .text                   ro code  0x001073c0    0x130  ecu_system.o [1]
  .text                   ro code  0x001074f0    0xfe0  ecu_io.o [1]
  .text                   ro code  0x001084d0    0x2f8  ecu_anlg.o [1]
  .text                   ro code  0x001087c8    0xed4  rte.o [1]
  .text                   ro code  0x0010969c     0x14  lib_delay.o [1]
  .text                   ro code  0x001096b0    0x438  ecu_mem.o [1]
  .text                   ro code  0x00109ae8    0x474  app_FaultMgr.o [1]
  .text                   ro code  0x00109f5c    0x264  uc_timer.o [1]
  .text                   ro code  0x0010a1c0    0xc94  uc_uart.o [1]
  .text                   ro code  0x0010ae54    0x520  uc_dio.o [1]
  .text                   ro code  0x0010b374    0x248  os.o [1]
  .text                   ro code  0x0010b5bc     0x5c  ecu_wdg.o [1]
  .text                   ro code  0x0010b618   0x1aac  uc_spi.o [1]
  .text                   ro code  0x0010d0c4    0xd1c  uc_pwm.o [1]
  .text                   ro code  0x0010dde0    0x6c4  uc_adc.o [1]
  .text                   ro code  0x0010e4a4    0x1ee  app_Main1msMgr.o [1]
  .text                   ro code  0x0010e694   0x1a9a  app_Main10msMgr.o [1]
  .text                   ro code  0x00110130     0x3e  app_Main50msMgr.o [1]
  .text                   ro code  0x00110170     0x3e  app_Main100msMgr.o [1]
  .text                   ro code  0x001101b0    0x258  uc_eeprom.o [1]
  .text                   ro code  0x00110408      0x8  ABImemclr4.o [6]
  .text                   ro code  0x00110410     0xd4  ABImemcpy.o [6]
  .text                   ro code  0x001104e4     0x4a  round.o [5]
  .text                   ro code  0x00110530     0x74  ABImemset.o [6]
  .text                   ro code  0x001105a4     0x54  app_Main1msMgr_capi.o [1]
  .text                   ro code  0x001105f8     0x54  app_Main10msMgr_capi.o [1]
  .text                   ro code  0x0011064c     0x54  app_Main50msMgr_capi.o [1]
  .text                   ro code  0x001106a0     0x54  app_Main100msMgr_capi.o [1]
  .text:Fapi_initializeFlashBanks
                          ro code  0x001106f4    0x260  FlashStateMachine.InitializeFlashBanks.obj [3]
  .text:Fapi_setActiveFlashBank
                          ro code  0x00110954    0x17c  FlashStateMachine.SetActiveBank.obj [3]
  .text:Fapi_enableEepromBankSectors
                          ro code  0x00110ad0     0x80  FlashStateMachine.EnableEepromSectors.obj [3]
  .text:Fapi_issueAsyncCommand
                          ro code  0x00110b50     0x2a  Async.obj [3]
  .text:Fapi_issueProgrammingCommand
                          ro code  0x00110b7c    0x178  Program.obj [3]
  .text:Fapi_doMarginRead
                          ro code  0x00110cf4     0x6e  Read.Margin.obj [3]
  .text:Fapi_issueAsyncCommandWithAddress
                          ro code  0x00110d64     0x30  Async.WithAddress.obj [3]
  .text                   ro code  0x00110d94     0x38  ABImemset48.o [6]
  .text                   ro code  0x00110dcc     0x7a  xdint.o [5]
  .text:Fapi_calculateFletcherChecksum
                          ro code  0x00110e46     0x36  Utilities.CalculateFletcher.obj [3]
  .text:_Fapi_divideUnsignedLong
                          ro code  0x00110e7c     0x1c  FlashStateMachine.InitializeFlashBanks.obj [3]
  .text:_scaleMainFclk    ro code  0x00110e98     0x10  FlashStateMachine.ScaleFclk.obj [3]
  .text:_scaleEEFclk      ro code  0x00110ea8     0x10  FlashStateMachine.ScaleFclk.obj [3]
  .text:Fapi_getNumberOfBankSectors
                          ro code  0x00110eb8     0x10  Utilities.GetNumberOfSectors.obj [3]
  .text:_Fapi_EnableSectors
                          ro code  0x00110ec8     0x44  FlashStateMachine.EnableEepromSectors.obj [3]
  .text:_Fapi_issueFsmCommand
                          ro code  0x00110f0c     0x3c  FlashStateMachine.IssueFsmCommand.obj [3]
  .text:Fapi_calculateEcc
                          ro code  0x00110f48     0x14  Utilities.CalculateEcc.obj [3]
  .text:_Fapi_enterMarginMode
                          ro code  0x00110f5c     0x68  Read.Common.obj [3]
  .text:Fapi_isAddressEcc
                          ro code  0x00110fc4     0x50  FlashStateMachine.Hercules.IsEccAddress.obj [3]
  .text:_Fapi_checkWdService
                          ro code  0x00111014      0xc  Read.WdService.obj [3]
  .text:_Fapi_exitMarginMode
                          ro code  0x00111020     0x2c  Read.Common.obj [3]
  .text:Fapi_flushPipeline
                          ro code  0x0011104c     0x22  Read.FlushPipeline.obj [3]
  .text                   ro code  0x0011106e      0x4  Fapi_UserDefinedFunctions.o [1]
  .text:Fapi_waitDelay    ro code  0x00111072     0x30  Utilities.WaitDelay.obj [3]
  .text                   ro code  0x001110a4    0xb14  ecu_serial.o [1]
  .rodata                 const    0x00111bb8    0x8d4  app_Main10msMgr_capi.o [1]
  .rodata                 const    0x0011248c    0x7fc  app_Main10msMgr_capi.o [1]
  .text                   ro code  0x00112c88    0x1e4  ecu_txcp.o [1]
  .text                   ro code  0x00112e6c    0x1cc  tms570ls3137_cstartup.o [1]
  .rodata                 const    0x00113038    0x1a4  app_Main1msMgr_capi.o [1]
  .text                   ro code  0x001131dc     0xda  main.o [1]
  .text                   ro code  0x001132b6     0x30  uc.o [1]
  .text                   ro code  0x001132e6     0x3c  ecu.o [1]
  .text                   ro code  0x00113322      0xa  app.o [1]
  .text                   ro code  0x0011332c     0xa4  os_tasks.o [1]
  .text                   ro code  0x001133d0     0x24  rte_tasks.o [1]
  .rodata                 const    0x001133f4     0xa0  app_Main10msMgr_capi.o [1]
  .text                   ro code  0x00113494     0x78  lz77_init_single.o [6]
  .rodata                 const    0x0011350c     0x54  app_Main10msMgr_capi.o [1]
  .rodata                 const    0x00113560     0x50  app_Main10msMgr_capi.o [1]
  .rodata                 const    0x001135b0     0x50  app_Main10msMgr_capi.o [1]
  .rodata                 const    0x00113600     0x50  app_Main10msMgr_capi.o [1]
  .rodata                 const    0x00113650     0x50  app_Main10msMgr_capi.o [1]
  .rodata                 const    0x001136a0     0x50  app_Main10msMgr_capi.o [1]
  .rodata                 const    0x001136f0     0x50  app_Main10msMgr_capi.o [1]
  .rodata                 const    0x00113740     0x50  app_Main10msMgr_capi.o [1]
  .rodata                 const    0x00113790     0x50  app_Main10msMgr_capi.o [1]
  .rodata                 const    0x001137e0     0x50  app_Main10msMgr_capi.o [1]
  .rodata                 const    0x00113830     0x50  app_Main10msMgr_capi.o [1]
  .rodata                 const    0x00113880     0x50  app_Main10msMgr_capi.o [1]
  .rodata                 const    0x001138d0     0x50  app_Main10msMgr_capi.o [1]
  .rodata                 const    0x00113920     0x50  app_Main10msMgr_capi.o [1]
  .rodata                 const    0x00113970     0x50  app_Main10msMgr_capi.o [1]
  .rodata                 const    0x001139c0     0x50  app_Main10msMgr_capi.o [1]
  .rodata                 const    0x00113a10     0x50  app_Main10msMgr_capi.o [1]
  .rodata                 const    0x00113a60     0x50  app_Main10msMgr_capi.o [1]
  .rodata                 const    0x00113ab0     0x50  app_Main10msMgr_capi.o [1]
  .rodata                 const    0x00113b00     0x50  app_Main10msMgr_capi.o [1]
  .rodata                 const    0x00113b50     0x50  app_Main10msMgr_capi.o [1]
  .rodata                 const    0x00113ba0     0x4c  app_Main10msMgr_capi.o [1]
  .rodata                 const    0x00113bec     0x48  app_Main10msMgr_capi.o [1]
  .rodata                 const    0x00113c34     0x48  app_Main10msMgr_capi.o [1]
  .rodata                 const    0x00113c7c     0x48  app_Main10msMgr_capi.o [1]
  .rodata                 const    0x00113cc4     0x48  app_Main10msMgr_capi.o [1]
  .rodata                 const    0x00113d0c     0x48  app_Main10msMgr_capi.o [1]
  .rodata                 const    0x00113d54     0x48  app_Main10msMgr_capi.o [1]
  .rodata                 const    0x00113d9c     0x48  app_Main10msMgr_capi.o [1]
  .rodata                 const    0x00113de4     0x48  app_Main10msMgr_capi.o [1]
  .rodata                 const    0x00113e2c     0x44  app_Main10msMgr_capi.o [1]
  .rodata                 const    0x00113e70     0x44  app_Main10msMgr_capi.o [1]
  .rodata                 const    0x00113eb4     0x44  app_Main10msMgr_capi.o [1]
  .rodata                 const    0x00113ef8     0x44  app_Main10msMgr_capi.o [1]
  .rodata                 const    0x00113f3c     0x44  app_Main10msMgr_capi.o [1]
  .rodata                 const    0x00113f80     0x44  app_Main10msMgr_capi.o [1]
  .rodata                 const    0x00113fc4     0x44  app_Main10msMgr_capi.o [1]
  .rodata                 const    0x00114008     0x44  app_Main10msMgr_capi.o [1]
  .rodata                 const    0x0011404c     0x40  app_Main10msMgr_capi.o [1]
  .rodata                 const    0x0011408c     0x40  app_Main10msMgr_capi.o [1]
  .text                   ro code  0x001140cc     0x40  zero_init3.o [6]
  .rodata                 const    0x0011410c     0x3c  app_Main10msMgr_capi.o [1]
  .rodata                 const    0x00114148     0x3c  app_Main10msMgr_capi.o [1]
  .rodata                 const    0x00114184     0x3c  app_Main10msMgr_capi.o [1]
  .rodata                 const    0x001141c0     0x38  app_Main10msMgr_capi.o [1]
  .rodata                 const    0x001141f8     0x38  app_Main10msMgr_capi.o [1]
  .rodata                 const    0x00114230     0x38  app_Main10msMgr_capi.o [1]
  .rodata                 const    0x00114268     0x38  app_Main10msMgr_capi.o [1]
  .rodata                 const    0x001142a0     0x38  app_Main10msMgr_capi.o [1]
  .rodata                 const    0x001142d8     0x38  app_Main10msMgr_capi.o [1]
  .rodata                 const    0x00114310     0x38  app_Main10msMgr_capi.o [1]
  .rodata                 const    0x00114348     0x38  app_Main10msMgr_capi.o [1]
  .rodata                 const    0x00114380     0x38  app_Main10msMgr_capi.o [1]
  .rodata                 const    0x001143b8     0x38  app_Main10msMgr_capi.o [1]
  .rodata                 const    0x001143f0     0x38  app_Main10msMgr_capi.o [1]
  .rodata                 const    0x00114428     0x38  app_Main10msMgr_capi.o [1]
  .rodata                 const    0x00114460     0x38  app_Main10msMgr_capi.o [1]
  .rodata                 const    0x00114498     0x38  app_Main10msMgr_capi.o [1]
  .rodata                 const    0x001144d0     0x38  app_Main10msMgr_capi.o [1]
  .rodata                 const    0x00114508     0x38  app_Main10msMgr_capi.o [1]
  .rodata                 const    0x00114540     0x38  app_Main10msMgr_capi.o [1]
  .rodata                 const    0x00114578     0x38  app_Main10msMgr_capi.o [1]
  .rodata                 const    0x001145b0     0x38  app_Main10msMgr_capi.o [1]
  .rodata                 const    0x001145e8     0x38  app_Main10msMgr_capi.o [1]
  .rodata                 const    0x00114620     0x38  app_Main10msMgr_capi.o [1]
  .rodata                 const    0x00114658     0x38  app_Main10msMgr_capi.o [1]
  .rodata                 const    0x00114690     0x38  app_Main10msMgr_capi.o [1]
  .rodata                 const    0x001146c8     0x38  app_Main10msMgr_capi.o [1]
  .rodata                 const    0x00114700     0x38  app_Main10msMgr_capi.o [1]
  .rodata                 const    0x00114738     0x38  app_Main10msMgr_capi.o [1]
  .rodata                 const    0x00114770     0x38  app_Main10msMgr_capi.o [1]
  .rodata                 const    0x001147a8     0x38  app_Main10msMgr_capi.o [1]
  .rodata                 const    0x001147e0     0x38  app_Main10msMgr_capi.o [1]
  .rodata                 const    0x00114818     0x38  app_Main10msMgr_capi.o [1]
  .rodata                 const    0x00114850     0x38  app_Main10msMgr_capi.o [1]
  .rodata                 const    0x00114888     0x38  app_Main10msMgr_capi.o [1]
  .rodata                 const    0x001148c0     0x38  app_Main10msMgr_capi.o [1]
  .rodata                 const    0x001148f8     0x38  app_Main10msMgr_capi.o [1]
  .rodata                 const    0x00114930     0x34  app_Main100msMgr_capi.o [1]
  .rodata                 const    0x00114964     0x34  app_Main10msMgr_capi.o [1]
  .rodata                 const    0x00114998     0x34  app_Main10msMgr_capi.o [1]
  .rodata                 const    0x001149cc     0x34  app_Main10msMgr_capi.o [1]
  .rodata                 const    0x00114a00     0x34  app_Main10msMgr_capi.o [1]
  .rodata                 const    0x00114a34     0x34  app_Main10msMgr_capi.o [1]
  .rodata                 const    0x00114a68     0x34  app_Main10msMgr_capi.o [1]
  .rodata                 const    0x00114a9c     0x34  app_Main10msMgr_capi.o [1]
  .rodata                 const    0x00114ad0     0x34  app_Main10msMgr_capi.o [1]
  .rodata                 const    0x00114b04     0x34  app_Main10msMgr_capi.o [1]
  .rodata                 const    0x00114b38     0x34  app_Main10msMgr_capi.o [1]
  .rodata                 const    0x00114b6c     0x34  app_Main10msMgr_capi.o [1]
  .rodata                 const    0x00114ba0     0x34  app_Main10msMgr_capi.o [1]
  .rodata                 const    0x00114bd4     0x34  app_Main10msMgr_capi.o [1]
  .rodata                 const    0x00114c08     0x34  app_Main10msMgr_capi.o [1]
  .rodata                 const    0x00114c3c     0x34  app_Main10msMgr_capi.o [1]
  .rodata                 const    0x00114c70     0x34  app_Main10msMgr_capi.o [1]
  .rodata                 const    0x00114ca4     0x34  app_Main10msMgr_capi.o [1]
  .rodata                 const    0x00114cd8     0x34  app_Main10msMgr_capi.o [1]
  .rodata                 const    0x00114d0c     0x34  app_Main10msMgr_capi.o [1]
  .rodata                 const    0x00114d40     0x34  app_Main10msMgr_capi.o [1]
  .rodata                 const    0x00114d74     0x34  app_Main10msMgr_capi.o [1]
  .rodata                 const    0x00114da8     0x34  app_Main10msMgr_capi.o [1]
  .rodata                 const    0x00114ddc     0x34  app_Main10msMgr_capi.o [1]
  .rodata                 const    0x00114e10     0x34  app_Main10msMgr_capi.o [1]
  .rodata                 const    0x00114e44     0x34  app_Main10msMgr_capi.o [1]
  .rodata                 const    0x00114e78     0x34  app_Main10msMgr_capi.o [1]
  .rodata                 const    0x00114eac     0x34  app_Main10msMgr_capi.o [1]
  .rodata                 const    0x00114ee0     0x34  app_Main10msMgr_capi.o [1]
  .rodata                 const    0x00114f14     0x34  app_Main10msMgr_capi.o [1]
  .rodata                 const    0x00114f48     0x34  app_Main10msMgr_capi.o [1]
  .rodata                 const    0x00114f7c     0x34  app_Main10msMgr_capi.o [1]
  .rodata                 const    0x00114fb0     0x34  app_Main10msMgr_capi.o [1]
  .rodata                 const    0x00114fe4     0x34  app_Main10msMgr_capi.o [1]
  .rodata                 const    0x00115018     0x34  app_Main10msMgr_capi.o [1]
  .rodata                 const    0x0011504c     0x34  app_Main10msMgr_capi.o [1]
  .rodata                 const    0x00115080     0x34  app_Main10msMgr_capi.o [1]
  .rodata                 const    0x001150b4     0x34  app_Main10msMgr_capi.o [1]
  .rodata                 const    0x001150e8     0x34  app_Main10msMgr_capi.o [1]
  .rodata                 const    0x0011511c     0x34  app_Main10msMgr_capi.o [1]
  .rodata                 const    0x00115150     0x34  app_Main10msMgr_capi.o [1]
  .rodata                 const    0x00115184     0x34  app_Main10msMgr_capi.o [1]
  .rodata                 const    0x001151b8     0x34  app_Main1msMgr_capi.o [1]
  .rodata                 const    0x001151ec     0x34  app_Main1msMgr_capi.o [1]
  .rodata                 const    0x00115220     0x34  app_Main1msMgr_capi.o [1]
  .rodata                 const    0x00115254     0x34  app_Main1msMgr_capi.o [1]
  .rodata                 const    0x00115288     0x34  app_Main1msMgr_capi.o [1]
  .rodata                 const    0x001152bc     0x34  app_Main1msMgr_capi.o [1]
  .rodata                 const    0x001152f0     0x34  app_Main1msMgr_capi.o [1]
  .rodata                 const    0x00115324     0x34  app_Main1msMgr_capi.o [1]
  .rodata                 const    0x00115358     0x34  app_Main1msMgr_capi.o [1]
  .rodata                 const    0x0011538c     0x34  app_Main1msMgr_capi.o [1]
  .rodata                 const    0x001153c0     0x34  app_Main1msMgr_capi.o [1]
  .rodata                 const    0x001153f4     0x34  app_Main1msMgr_capi.o [1]
  .rodata                 const    0x00115428     0x34  app_Main1msMgr_capi.o [1]
  .rodata                 const    0x0011545c     0x34  app_Main1msMgr_capi.o [1]
  .rodata                 const    0x00115490     0x34  app_Main1msMgr_capi.o [1]
  .rodata                 const    0x001154c4     0x34  app_Main1msMgr_capi.o [1]
  .rodata                 const    0x001154f8     0x30  app_Main10msMgr_capi.o [1]
  .rodata                 const    0x00115528     0x30  app_Main10msMgr_capi.o [1]
  .rodata                 const    0x00115558     0x30  app_Main10msMgr_capi.o [1]
  .rodata                 const    0x00115588     0x30  app_Main10msMgr_capi.o [1]
  .rodata                 const    0x001155b8     0x30  app_Main10msMgr_capi.o [1]
  .rodata                 const    0x001155e8     0x30  app_Main1msMgr_capi.o [1]
  .rodata                 const    0x00115618     0x30  app_Main1msMgr_capi.o [1]
  .rodata                 const    0x00115648     0x30  app_Main50msMgr_capi.o [1]
  .text                   ro code  0x00115678     0x30  data_init.o [6]
  .rodata                 const    0x001156a8     0x2c  app_Main10msMgr_capi.o [1]
  .rodata                 const    0x001156d4     0x2c  app_Main10msMgr_capi.o [1]
  .rodata                 const    0x00115700     0x2c  app_Main10msMgr_capi.o [1]
  .rodata                 const    0x0011572c     0x2c  app_Main10msMgr_capi.o [1]
  .rodata                 const    0x00115758     0x2c  app_Main10msMgr_capi.o [1]
  .rodata                 const    0x00115784     0x2c  app_Main10msMgr_capi.o [1]
  .rodata                 const    0x001157b0     0x2c  app_Main10msMgr_capi.o [1]
  .rodata                 const    0x001157dc     0x2c  app_Main10msMgr_capi.o [1]
  .rodata                 const    0x00115808     0x2c  app_Main10msMgr_capi.o [1]
  .rodata                 const    0x00115834     0x2c  app_Main10msMgr_capi.o [1]
  .rodata                 const    0x00115860     0x2c  app_Main10msMgr_capi.o [1]
  .rodata                 const    0x0011588c     0x2c  app_Main10msMgr_capi.o [1]
  .rodata                 const    0x001158b8     0x2c  app_Main10msMgr_capi.o [1]
  .rodata                 const    0x001158e4     0x2c  app_Main10msMgr_capi.o [1]
  .rodata                 const    0x00115910     0x2c  app_Main10msMgr_capi.o [1]
  .rodata                 const    0x0011593c     0x2c  app_Main10msMgr_capi.o [1]
  .rodata                 const    0x00115968     0x2c  app_Main10msMgr_capi.o [1]
  .rodata                 const    0x00115994     0x2c  app_Main10msMgr_capi.o [1]
  .rodata                 const    0x001159c0     0x2c  app_Main10msMgr_capi.o [1]
  .rodata                 const    0x001159ec     0x2c  app_Main10msMgr_capi.o [1]
  .rodata                 const    0x00115a18     0x2c  app_Main10msMgr_capi.o [1]
  .rodata                 const    0x00115a44     0x2c  app_Main10msMgr_capi.o [1]
  .rodata                 const    0x00115a70     0x2c  app_Main10msMgr_capi.o [1]
  .rodata                 const    0x00115a9c     0x2c  app_Main10msMgr_capi.o [1]
  .rodata                 const    0x00115ac8     0x2c  app_Main10msMgr_capi.o [1]
  .rodata                 const    0x00115af4     0x2c  app_Main10msMgr_capi.o [1]
  .rodata                 const    0x00115b20     0x2c  app_Main10msMgr_capi.o [1]
  .rodata                 const    0x00115b4c     0x2c  app_Main10msMgr_capi.o [1]
  .rodata                 const    0x00115b78     0x2c  app_Main10msMgr_capi.o [1]
  .rodata                 const    0x00115ba4     0x2c  app_Main10msMgr_capi.o [1]
  .rodata                 const    0x00115bd0     0x2c  app_Main10msMgr_capi.o [1]
  .rodata                 const    0x00115bfc     0x2c  app_Main10msMgr_capi.o [1]
  .rodata                 const    0x00115c28     0x2c  app_Main1msMgr_capi.o [1]
  .text                   ro code  0x00115c54     0x2c  cmain.o [6]
  Veneer                  ro code  0x00115c80      0x8  - Linker created -
  .text                   ro code  0x00115c88      0x4  exit.o [4]
  .text                   ro code  0x00115c8c     0x14  exit.o [7]
  .text                   ro code  0x00115ca0     0x10  cexit.o [6]
  .rodata                 const    0x00115cb0     0x28  app_Main100msMgr_capi.o [1]
  .rodata                 const    0x00115cd8     0x28  app_Main100msMgr_capi.o [1]
  .rodata                 const    0x00115d00     0x28  app_Main10msMgr_capi.o [1]
  .rodata                 const    0x00115d28     0x28  app_Main1msMgr_capi.o [1]
  .rodata                 const    0x00115d50     0x28  app_Main1msMgr_capi.o [1]
  .rodata                 const    0x00115d78     0x28  app_Main50msMgr_capi.o [1]
  .rodata                 const    0x00115da0     0x28  app_Main50msMgr_capi.o [1]
  .text                   ro code  0x00115dc8     0x28  fpinit.o [5]
  .iar.init_table         const    0x00115df0     0x20  - Linker created -
  .rodata                 const    0x00115e10     0x1c  app_Main100msMgr_capi.o [1]
  .rodata                 const    0x00115e2c     0x1c  app_Main100msMgr_capi.o [1]
  .rodata                 const    0x00115e48     0x1c  app_Main100msMgr_capi.o [1]
  .rodata                 const    0x00115e64     0x1c  app_Main10msMgr_capi.o [1]
  .rodata                 const    0x00115e80     0x1c  app_Main10msMgr_capi.o [1]
  .rodata                 const    0x00115e9c     0x1c  app_Main1msMgr_capi.o [1]
  .rodata                 const    0x00115eb8     0x1c  app_Main1msMgr_capi.o [1]
  .rodata                 const    0x00115ed4     0x1c  app_Main1msMgr_capi.o [1]
  .rodata                 const    0x00115ef0     0x1c  app_Main50msMgr_capi.o [1]
  .rodata                 const    0x00115f0c     0x1c  app_Main50msMgr_capi.o [1]
  .rodata                 const    0x00115f28     0x1c  app_Main50msMgr_capi.o [1]
  .rodata                 const    0x00115f44     0x14  app_Main100msMgr_capi.o [1]
  .rodata                 const    0x00115f58     0x14  app_Main10msMgr_capi.o [1]
  .rodata                 const    0x00115f6c     0x14  app_Main1msMgr_capi.o [1]
  .rodata                 const    0x00115f80     0x14  app_Main50msMgr_capi.o [1]
  .rodata                 const    0x00115f94     0x10  app_Main100msMgr_capi.o [1]
  .rodata                 const    0x00115fa4     0x10  app_Main100msMgr_capi.o [1]
  .rodata                 const    0x00115fb4     0x10  app_Main100msMgr_capi.o [1]
  .rodata                 const    0x00115fc4     0x10  app_Main100msMgr_capi.o [1]
  .rodata                 const    0x00115fd4     0x10  app_Main10msMgr_capi.o [1]
  .rodata                 const    0x00115fe4     0x10  app_Main10msMgr_capi.o [1]
  .rodata                 const    0x00115ff4     0x10  app_Main10msMgr_capi.o [1]
  .rodata                 const    0x00116004     0x10  app_Main10msMgr_capi.o [1]
  .rodata                 const    0x00116014     0x10  app_Main10msMgr_capi.o [1]
  .rodata                 const    0x00116024      0xc  app_Main100msMgr_capi.o [1]
  .rodata                 const    0x00116030     0x10  app_Main10msMgr_capi.o [1]
  .rodata                 const    0x00116040     0x10  app_Main1msMgr_capi.o [1]
  .rodata                 const    0x00116050     0x10  app_Main1msMgr_capi.o [1]
  .rodata                 const    0x00116060     0x10  app_Main1msMgr_capi.o [1]
  .rodata                 const    0x00116070     0x10  app_Main1msMgr_capi.o [1]
  .rodata                 const    0x00116080     0x10  app_Main50msMgr_capi.o [1]
  .rodata                 const    0x00116090     0x10  app_Main50msMgr_capi.o [1]
  .rodata                 const    0x001160a0     0x10  app_Main50msMgr_capi.o [1]
  .rodata                 const    0x001160b0     0x10  app_Main50msMgr_capi.o [1]
  .rodata                 const    0x001160c0      0xc  app_Main100msMgr_capi.o [1]
  .rodata                 const    0x001160cc      0xc  app_Main10msMgr_capi.o [1]
  .rodata                 const    0x001160d8      0xc  app_Main10msMgr_capi.o [1]
  .rodata                 const    0x001160e4      0xc  app_Main10msMgr_capi.o [1]
  .rodata                 const    0x001160f0      0xc  app_Main10msMgr_capi.o [1]
  .rodata                 const    0x001160fc      0xc  app_Main10msMgr_capi.o [1]
  .rodata                 const    0x00116108      0xc  app_Main10msMgr_capi.o [1]
  .rodata                 const    0x00116114      0xc  app_Main1msMgr_capi.o [1]
  .rodata                 const    0x00116120      0xc  app_Main1msMgr_capi.o [1]
  .rodata                 const    0x0011612c      0xc  app_Main1msMgr_capi.o [1]
  .rodata                 const    0x00116138      0xc  app_Main50msMgr_capi.o [1]
  .rodata                 const    0x00116144      0xc  app_Main50msMgr_capi.o [1]
  .rodata                 const    0x00116150      0xc  ecu_io.o [1]
  .rodata                 const    0x0011615c      0x8  app_diag.o [1]
  .rodata                 const    0x00116164      0x8  app_diag.o [1]
  .rodata                 const    0x0011616c      0x8  app_diag.o [1]
  .rodata                 const    0x00116174      0x8  app_diag.o [1]
  .rodata                 const    0x0011617c      0x8  app_diag.o [1]
  .rodata                 const    0x00116184      0x8  app_diag.o [1]
  .rodata                 const    0x0011618c      0x8  app_diag.o [1]
  .rodata                 const    0x00116194      0x8  app_diag.o [1]
  .rodata                 const    0x0011619c      0x8  app_Main100msMgr_capi.o [1]
  .rodata                 const    0x001161a4      0x8  app_Main100msMgr_capi.o [1]
  .rodata                 const    0x001161ac      0x8  app_Main100msMgr_capi.o [1]
  .rodata                 const    0x001161b4      0x8  app_Main100msMgr_capi.o [1]
  .rodata                 const    0x001161bc      0x8  app_Main10msMgr_capi.o [1]
  .rodata                 const    0x001161c4      0x8  app_Main10msMgr_capi.o [1]
  .rodata                 const    0x001161cc      0x8  app_Main10msMgr_capi.o [1]
  .rodata                 const    0x001161d4      0x8  app_Main10msMgr_capi.o [1]
  .rodata                 const    0x001161dc      0x8  app_Main10msMgr_capi.o [1]
  .rodata                 const    0x001161e4      0x8  app_Main10msMgr_capi.o [1]
  .rodata                 const    0x001161ec      0x8  app_Main1msMgr_capi.o [1]
  .rodata                 const    0x001161f4      0x8  app_Main1msMgr_capi.o [1]
  .rodata                 const    0x001161fc      0x8  app_Main1msMgr_capi.o [1]
  .rodata                 const    0x00116204      0x8  app_Main1msMgr_capi.o [1]
  .rodata                 const    0x0011620c      0x8  app_Main50msMgr_capi.o [1]
  .rodata                 const    0x00116214      0x8  app_Main50msMgr_capi.o [1]
  .rodata                 const    0x0011621c      0x8  app_Main50msMgr_capi.o [1]
  .rodata                 const    0x00116224      0x8  app_Main50msMgr_capi.o [1]
  .rodata                 const    0x0011622c      0x4  app_diag.o [1]
  .rodata                 const    0x00116230      0x4  app_Main100msMgr.o [1]
  .rodata                 const    0x00116234      0x4  app_Main10msMgr.o [1]
  .rodata                 const    0x00116238      0x4  app_Main1msMgr.o [1]
  .rodata                 const    0x0011623c      0x4  app_Main50msMgr.o [1]
  .rodata                 const    0x00116240      0x4  uc_system.o [1]
  .text                   ro code  0x00116244      0x4  xreturnswi.o [7]
  .rodata                 const    0x00116248      0x0  zero_init3.o [6]
  .rodata                 const    0x00116248      0x0  lz77_init_single.o [6]
  Initializer bytes       const    0x00116248   0x2153  <for P2-1>
                                 - 0x0011839b  0x1835b

"P2", part 1 of 3:                              0x87b5
  P2-1                             0x08000000   0x87b5  <Init block>
    .data                 inited   0x08000000    0x380  app_Main10msMgr_data.o [1]
    .data                 inited   0x08000380      0x4  app_diag_gf.o [1]
    .data                 inited   0x08000384      0x4  app_FaultMgr.o [1]
    .data                 inited   0x08000388     0xa8  app_FaultMgr_cfg.o [1]
    .data                 inited   0x08000430      0x4  app_Main100msMgr_capi.o [1]
    .data                 inited   0x08000434     0x68  app_Main100msMgr_capi.o [1]
    .data                 inited   0x0800049c    0x2ec  app_Main10msMgr_capi.o [1]
    .data                 inited   0x08000788     0x68  app_Main10msMgr_capi.o [1]
    .data                 inited   0x080007f0     0x50  app_Main1msMgr_capi.o [1]
    .data                 inited   0x08000840     0x68  app_Main1msMgr_capi.o [1]
    .data                 inited   0x080008a8      0x4  app_Main50msMgr_capi.o [1]
    .data                 inited   0x080008ac     0x68  app_Main50msMgr_capi.o [1]
    .data                 inited   0x08000914     0xe0  ecu_anlg_cfg.o [1]
    .data                 inited   0x080009f4     0x6c  ecu_com_cfg.o [1]
    .data                 inited   0x08000a60     0xdc  ecu_com_cfg_gen.o [1]
    .data                 inited   0x08000b3c     0xb4  ecu_com_cfg_gen.o [1]
    .data                 inited   0x08000bf0    0xc58  ecu_com_cfg_gen.o [1]
    .data                 inited   0x08001848    0xa00  ecu_com_cfg_gen.o [1]
    .data                 inited   0x08002248     0xc8  ecu_com_cfg_gen.o [1]
    .data                 inited   0x08002310     0xa0  ecu_com_cfg_gen.o [1]
    .data                 inited   0x080023b0    0xcd0  ecu_com_cfg_gen.o [1]
    .data                 inited   0x08003080    0x640  ecu_com_cfg_gen.o [1]
    .data                 inited   0x080036c0     0x64  ecu_com_cfg_gen.o [1]
    .data                 inited   0x08003724     0x28  ecu_com_cfg_gen.o [1]
    .data                 inited   0x0800374c    0x640  ecu_com_cfg_gen.o [1]
    .data                 inited   0x08003d8c    0x190  ecu_com_cfg_gen.o [1]
    .data                 inited   0x08003f1c    0x158  ecu_com_cfg_gen.o [1]
    .data                 inited   0x08004074     0x30  ecu_io.o [1]
    .data                 inited   0x080040a4     0x20  ecu_io_cfg.o [1]
    .data                 inited   0x080040c4     0x20  ecu_io_cfg.o [1]
    .data                 inited   0x080040e4    0x17c  ecu_io_cfg.o [1]
    .data                 inited   0x08004260    0x12c  ecu_io_cfg.o [1]
    .data                 inited   0x0800438c    0x1f8  ecu_mem_cfg.o [1]
    .data                 inited   0x08004584      0x8  ecu_mem_cfg.o [1]
    .data                 inited   0x0800458c   0x18c0  ecu_serial_cfg.o [1]
    .data                 inited   0x08005e4c     0x10  ecu_serial_cfg.o [1]
    .data                 inited   0x08005e5c     0x60  os_cfg.o [1]
    .data                 inited   0x08005ebc    0x4f0  rte.o [1]
    .data                 inited   0x080063ac    0x5d8  uc_adc.o [1]
    .data                 inited   0x08006984     0x34  uc_adc_cfg.o [1]
    .data                 inited   0x080069b8     0x14  uc_adc_cfg.o [1]
    .data                 inited   0x080069cc    0x540  uc_can.o [1]
    .data                 inited   0x08006f0c    0x1e0  uc_can_cfg.o [1]
    .data                 inited   0x080070ec    0x230  uc_can_cfg.o [1]
    .data                 inited   0x0800731c    0x168  uc_can_cfg.o [1]
    .data                 inited   0x08007484    0x1b8  uc_can_cfg.o [1]
    .data                 inited   0x0800763c     0x78  uc_can_cfg.o [1]
    .data                 inited   0x080076b4     0xf0  uc_can_cfg.o [1]
    .data                 inited   0x080077a4     0x6c  uc_can_cfg.o [1]
    .data                 inited   0x08007810    0x200  uc_dio.o [1]
    .data                 inited   0x08007a10    0x270  uc_dio_cfg.o [1]
    .data                 inited   0x08007c80     0x48  uc_dio_cfg.o [1]
    .data                 inited   0x08007cc8    0x160  uc_pwm.o [1]
    .data                 inited   0x08007e28     0x70  uc_pwm_cfg.o [1]
    .data                 inited   0x08007e98     0xc0  uc_pwm_cfg.o [1]
    .data                 inited   0x08007f58    0x4c0  uc_spi.o [1]
    .data                 inited   0x08008418     0x6c  uc_spi_cfg.o [1]
    .data                 inited   0x08008484     0x78  uc_spi_cfg.o [1]
    .data                 inited   0x080084fc     0xa0  uc_timer_cfg.o [1]
    .data                 inited   0x0800859c     0x88  uc_uart _cfg.o [1]
    .data                 inited   0x08008624    0x180  uc_uart.o [1]
    .data                 inited   0x080087a4      0x8  FlashStateMachine.ScaleFclk.obj [3]
    .textrw               inited   0x080087ac      0x6  uc_system.o [1]
    .data                 inited   0x080087b2      0x1  ecu_io.o [1]
    .data                 inited   0x080087b3      0x1  ecu_wdg.o [1]
    .data                 inited   0x080087b4      0x1  FlashStateMachine.SetActiveBank.obj [3]
                                 - 0x080087b5   0x87b5

"P2", part 2 of 3:                              0x4a00
  CSTACK                           0x080087b8   0x4000  <Block>
    CSTACK                uninit   0x080087b8   0x4000  <Block tail>
  SVC_STACK                        0x0800c7b8    0x200  <Block>
    SVC_STACK             uninit   0x0800c7b8    0x200  <Block tail>
  IRQ_STACK                        0x0800c9b8    0x200  <Block>
    IRQ_STACK             uninit   0x0800c9b8    0x200  <Block tail>
  FIQ_STACK                        0x0800cbb8    0x200  <Block>
    FIQ_STACK             uninit   0x0800cbb8    0x200  <Block tail>
  UND_STACK                        0x0800cdb8    0x200  <Block>
    UND_STACK             uninit   0x0800cdb8    0x200  <Block tail>
  ABT_STACK                        0x0800cfb8    0x200  <Block>
    ABT_STACK             uninit   0x0800cfb8    0x200  <Block tail>
                                 - 0x0800d1b8   0x4a00

"P2", part 3 of 3:                               0x4ac
  .bss                    zero     0x0800d1b8    0x1f0  app_Main10msMgr.o [1]
  .bss                    zero     0x0800d3a8     0xa0  app_Main1msMgr_data.o [1]
  .bss                    zero     0x0800d448     0x40  uc_dio.o [1]
  .bss                    zero     0x0800d488     0x30  app_Main100msMgr.o [1]
  .bss                    zero     0x0800d4b8     0x30  app_Main1msMgr.o [1]
  .bss                    zero     0x0800d4e8     0x30  app_Main50msMgr.o [1]
  .bss                    zero     0x0800d518     0x30  uc_adc.o [1]
  .bss                    zero     0x0800d548     0x2c  app_Main10msMgr.o [1]
  .bss                    zero     0x0800d574      0x4  app_diag.o [1]
  .bss                    zero     0x0800d578     0x18  app_Main10msMgr.o [1]
  .bss                    zero     0x0800d590     0x10  ecu_diag.o [1]
  .bss                    zero     0x0800d5a0      0x8  app_diag.o [1]
  .bss                    zero     0x0800d5a8      0x8  app_diag_gf.o [1]
  .bss                    zero     0x0800d5b0      0x8  app_diag_gf.o [1]
  .bss                    zero     0x0800d5b8      0x8  app_diag_gf.o [1]
  .bss                    zero     0x0800d5c0      0x8  app_diag_gf.o [1]
  .bss                    zero     0x0800d5c8      0x8  app_diag_gf.o [1]
  .bss                    zero     0x0800d5d0      0x8  app_Main100msMgr_data.o [1]
  .bss                    zero     0x0800d5d8      0x8  app_Main50msMgr_data.o [1]
  .bss                    zero     0x0800d5e0      0x4  app_diag_gf.o [1]
  .bss                    zero     0x0800d5e4      0x4  app_Main100msMgr_capi.o [1]
  .bss                    zero     0x0800d5e8      0x4  app_Main10msMgr_capi.o [1]
  .bss                    zero     0x0800d5ec      0x4  app_Main1msMgr_capi.o [1]
  .bss                    zero     0x0800d5f0      0x4  app_Main50msMgr_capi.o [1]
  .bss                    zero     0x0800d5f4      0x4  ecu_diag.o [1]
  .bss                    zero     0x0800d5f8      0x4  ecu_diag.o [1]
  .bss                    zero     0x0800d5fc      0x4  ecu_io.o [1]
  .bss                    zero     0x0800d600      0x4  ecu_io.o [1]
  .bss                    zero     0x0800d604      0x4  os.o [1]
  .bss                    zero     0x0800d608      0x4  os.o [1]
  .bss                    zero     0x0800d60c      0x4  os.o [1]
  .bss                    zero     0x0800d610      0x4  uc_pwm.o [1]
  .bss                    zero     0x0800d614      0x4  uc_pwm.o [1]
  .bss                    zero     0x0800d618      0x4  uc_system.o [1]
  .bss                    zero     0x0800d61c      0x4  uc_system.o [1]
  .bss                    zero     0x0800d620      0x4  uc_timer.o [1]
  .bss                    zero     0x0800d624      0x2  app_diag.o [1]
  .bss                    zero     0x0800d626      0x2  app_diag.o [1]
  .bss                    zero     0x0800d628      0x2  app_diag.o [1]
  .bss                    zero     0x0800d62a      0x2  app_diag.o [1]
  .bss                    zero     0x0800d62c      0x2  app_diag.o [1]
  .bss                    zero     0x0800d62e      0x2  app_diag.o [1]
  .bss                    zero     0x0800d630      0x2  app_diag.o [1]
  .bss                    zero     0x0800d632      0x1  app_diag.o [1]
  .bss                    zero     0x0800d633      0x1  app_diag.o [1]
  .bss                    zero     0x0800d634      0x1  app_diag.o [1]
  .bss                    zero     0x0800d635      0x1  app_diag.o [1]
  .bss                    zero     0x0800d636      0x1  app_diag.o [1]
  .bss                    zero     0x0800d637      0x1  app_diag.o [1]
  .bss                    zero     0x0800d638      0x1  app_diag.o [1]
  .bss                    zero     0x0800d639      0x1  app_diag.o [1]
  .bss                    zero     0x0800d63a      0x1  app_diag_gf.o [1]
  .bss                    zero     0x0800d63b      0x1  app_diag_gf.o [1]
  .bss                    zero     0x0800d63c      0x1  app_diag_gf.o [1]
  .bss                    zero     0x0800d63d      0x1  app_diag_gf.o [1]
  .bss                    zero     0x0800d63e      0x1  app_diag_gf.o [1]
  .bss                    zero     0x0800d63f      0x1  app_diag_gf.o [1]
  .bss                    zero     0x0800d640      0x1  app_diag_gf.o [1]
  .bss                    zero     0x0800d641      0x1  app_diag_gf.o [1]
  .bss                    zero     0x0800d642      0x1  app_diag_gf.o [1]
  .bss                    zero     0x0800d643      0x1  app_diag_gf.o [1]
  .bss                    zero     0x0800d644      0x1  app_diag_gf.o [1]
  .bss                    zero     0x0800d645      0x1  app_diag_gf.o [1]
  .bss                    zero     0x0800d646      0x1  app_diag_gf.o [1]
  .bss                    zero     0x0800d647      0x1  app_diag_gf.o [1]
  .bss                    zero     0x0800d648      0x1  app_FaultMgr.o [1]
  .bss                    zero     0x0800d649      0x1  ecu_anlg.o [1]
  .bss                    zero     0x0800d64a      0x1  ecu_com.o [1]
  .bss                    zero     0x0800d64b      0x1  ecu_com.o [1]
  .bss                    zero     0x0800d64c      0x1  ecu_diag.o [1]
  .bss                    zero     0x0800d64d      0x1  ecu_diag.o [1]
  .bss                    zero     0x0800d64e      0x1  ecu_diag.o [1]
  .bss                    zero     0x0800d64f      0x1  ecu_io.o [1]
  .bss                    zero     0x0800d650      0x1  ecu_io.o [1]
  .bss                    zero     0x0800d651      0x1  ecu_io.o [1]
  .bss                    zero     0x0800d652      0x1  ecu_io.o [1]
  .bss                    zero     0x0800d653      0x1  ecu_io.o [1]
  .bss                    zero     0x0800d654      0x1  ecu_io.o [1]
  .bss                    zero     0x0800d655      0x1  ecu_io.o [1]
  .bss                    zero     0x0800d656      0x1  ecu_io.o [1]
  .bss                    zero     0x0800d657      0x1  ecu_mem.o [1]
  .bss                    zero     0x0800d658      0x1  ecu_system.o [1]
  .bss                    zero     0x0800d659      0x1  ecu_system.o [1]
  .bss                    zero     0x0800d65a      0x1  ecu_txcp.o [1]
  .bss                    zero     0x0800d65b      0x1  ecu_txcp.o [1]
  .bss                    zero     0x0800d65c      0x1  ecu_txcp.o [1]
  .bss                    zero     0x0800d65d      0x1  ecu_wdg.o [1]
  .bss                    zero     0x0800d65e      0x1  os.o [1]
  .bss                    zero     0x0800d65f      0x1  os.o [1]
  .bss                    zero     0x0800d660      0x1  uc_pwm.o [1]
  .bss                    zero     0x0800d661      0x1  uc_uart.o [1]
                                 - 0x0800d662    0x4aa

Absolute sections, part 1 of 90:                   0x4
  .noinit                 uninit   0xff0c0000      0x4  uc_spi.o [1]
                                 - 0xff0c0004      0x4

Absolute sections, part 2 of 90:                   0x4
  .noinit                 uninit   0xff0c0200      0x4  uc_spi.o [1]
                                 - 0xff0c0204      0x4

Absolute sections, part 3 of 90:                   0x4
  .noinit                 uninit   0xff0e0000      0x4  uc_spi.o [1]
                                 - 0xff0e0004      0x4

Absolute sections, part 4 of 90:                   0x4
  .noinit                 uninit   0xff0e0200      0x4  uc_spi.o [1]
                                 - 0xff0e0204      0x4

Absolute sections, part 5 of 90:                   0x4
  .noinit                 uninit   0xff1a0000      0x4  uc_can.o [1]
                                 - 0xff1a0004      0x4

Absolute sections, part 6 of 90:                   0x4
  .noinit                 uninit   0xff1c0000      0x4  uc_can.o [1]
                                 - 0xff1c0004      0x4

Absolute sections, part 7 of 90:                   0x4
  .noinit                 uninit   0xff1e0000      0x4  uc_can.o [1]
                                 - 0xff1e0004      0x4

Absolute sections, part 8 of 90:                   0x4
  .noinit                 uninit   0xff3a0000      0x4  uc_adc.o [1]
                                 - 0xff3a0004      0x4

Absolute sections, part 9 of 90:                   0x4
  .noinit                 uninit   0xff3e0000      0x4  uc_adc.o [1]
                                 - 0xff3e0004      0x4

Absolute sections, part 10 of 90:                  0x8
  .noinit                 uninit   0xfff7b800      0x4  uc_pwm.o [1]
  .noinit                 uninit   0xfff7b804      0x4  uc_pwm.o [1]
                                 - 0xfff7b808      0x8

Absolute sections, part 11 of 90:                 0x20
  .noinit                 uninit   0xfff7b84c      0x4  uc_pwm.o [1]
  .noinit                 uninit   0xfff7b850      0x4  uc_pwm.o [1]
  .noinit                 uninit   0xfff7b854      0x4  uc_dio.o [1]
  .noinit                 uninit   0xfff7b858      0x4  uc_dio.o [1]
  .noinit                 uninit   0xfff7b85c      0x4  uc_dio.o [1]
  .noinit                 uninit   0xfff7b860      0x4  uc_dio.o [1]
  .noinit                 uninit   0xfff7b864      0x4  uc_pwm.o [1]
  .noinit                 uninit   0xfff7b868      0x4  uc_pwm.o [1]
                                 - 0xfff7b86c     0x20

Absolute sections, part 12 of 90:                 0x20
  .noinit                 uninit   0xfff7b94c      0x4  uc_dio.o [1]
  .noinit                 uninit   0xfff7b950      0x4  uc_dio.o [1]
  .noinit                 uninit   0xfff7b954      0x4  uc_dio.o [1]
  .noinit                 uninit   0xfff7b958      0x4  uc_dio.o [1]
  .noinit                 uninit   0xfff7b95c      0x4  uc_dio.o [1]
  .noinit                 uninit   0xfff7b960      0x4  uc_dio.o [1]
  .noinit                 uninit   0xfff7b964      0x4  uc_dio.o [1]
  .noinit                 uninit   0xfff7b968      0x4  uc_dio.o [1]
                                 - 0xfff7b96c     0x20

Absolute sections, part 13 of 90:                  0x4
  .noinit                 uninit   0xfff7bc00      0x4  uc_dio.o [1]
                                 - 0xfff7bc04      0x4

Absolute sections, part 14 of 90:                  0xc
  .noinit                 uninit   0xfff7bc08      0x4  uc_dio.o [1]
  .noinit                 uninit   0xfff7bc0c      0x4  uc_dio.o [1]
  .noinit                 uninit   0xfff7bc10      0x4  uc_dio.o [1]
                                 - 0xfff7bc14      0xc

Absolute sections, part 15 of 90:                  0x8
  .noinit                 uninit   0xfff7bc18      0x4  uc_dio.o [1]
  .noinit                 uninit   0xfff7bc1c      0x4  uc_dio.o [1]
                                 - 0xfff7bc20      0x8

Absolute sections, part 16 of 90:                  0x8
  .noinit                 uninit   0xfff7bc24      0x4  uc_dio.o [1]
  .noinit                 uninit   0xfff7bc28      0x4  uc_dio.o [1]
                                 - 0xfff7bc2c      0x8

Absolute sections, part 17 of 90:                 0x40
  .noinit                 uninit   0xfff7bc34      0x4  uc_dio.o [1]
  .noinit                 uninit   0xfff7bc38      0x4  uc_dio.o [1]
  .noinit                 uninit   0xfff7bc3c      0x4  uc_dio.o [1]
  .noinit                 uninit   0xfff7bc40      0x4  uc_dio.o [1]
  .noinit                 uninit   0xfff7bc44      0x4  uc_dio.o [1]
  .noinit                 uninit   0xfff7bc48      0x4  uc_dio.o [1]
  .noinit                 uninit   0xfff7bc4c      0x4  uc_dio.o [1]
  .noinit                 uninit   0xfff7bc50      0x4  uc_dio.o [1]
  .noinit                 uninit   0xfff7bc54      0x4  uc_dio.o [1]
  .noinit                 uninit   0xfff7bc58      0x4  uc_dio.o [1]
  .noinit                 uninit   0xfff7bc5c      0x4  uc_dio.o [1]
  .noinit                 uninit   0xfff7bc60      0x4  uc_dio.o [1]
  .noinit                 uninit   0xfff7bc64      0x4  uc_dio.o [1]
  .noinit                 uninit   0xfff7bc68      0x4  uc_dio.o [1]
  .noinit                 uninit   0xfff7bc6c      0x4  uc_dio.o [1]
  .noinit                 uninit   0xfff7bc70      0x4  uc_dio.o [1]
                                 - 0xfff7bc74     0x40

Absolute sections, part 18 of 90:                0x140
  .noinit                 uninit   0xfff7c000      0x4  uc_adc.o [1]
  .noinit                 uninit   0xfff7c004      0x4  uc_adc.o [1]
  .noinit                 uninit   0xfff7c008      0x4  uc_adc.o [1]
  .noinit                 uninit   0xfff7c00c      0x4  uc_adc.o [1]
  .noinit                 uninit   0xfff7c010      0x4  uc_adc.o [1]
  .noinit                 uninit   0xfff7c014      0x4  uc_adc.o [1]
  .noinit                 uninit   0xfff7c018      0x4  uc_adc.o [1]
  .noinit                 uninit   0xfff7c01c      0x4  uc_adc.o [1]
  .noinit                 uninit   0xfff7c020      0x4  uc_adc.o [1]
  .noinit                 uninit   0xfff7c024      0x4  uc_adc.o [1]
  .noinit                 uninit   0xfff7c028      0x4  uc_adc.o [1]
  .noinit                 uninit   0xfff7c02c      0x4  uc_adc.o [1]
  .noinit                 uninit   0xfff7c030      0x4  uc_adc.o [1]
  .noinit                 uninit   0xfff7c034      0x4  uc_adc.o [1]
  .noinit                 uninit   0xfff7c038      0x4  uc_adc.o [1]
  .noinit                 uninit   0xfff7c03c      0x4  uc_adc.o [1]
  .noinit                 uninit   0xfff7c040      0x4  uc_adc.o [1]
  .noinit                 uninit   0xfff7c044      0x4  uc_adc.o [1]
  .noinit                 uninit   0xfff7c048      0x4  uc_adc.o [1]
  .noinit                 uninit   0xfff7c04c      0x4  uc_adc.o [1]
  .noinit                 uninit   0xfff7c050      0x4  uc_adc.o [1]
  .noinit                 uninit   0xfff7c054      0x4  uc_adc.o [1]
  .noinit                 uninit   0xfff7c058      0x4  uc_adc.o [1]
  .noinit                 uninit   0xfff7c05c      0x4  uc_adc.o [1]
  .noinit                 uninit   0xfff7c060      0x4  uc_adc.o [1]
  .noinit                 uninit   0xfff7c064      0x4  uc_adc.o [1]
  .noinit                 uninit   0xfff7c068      0x4  uc_adc.o [1]
  .noinit                 uninit   0xfff7c06c      0x4  uc_adc.o [1]
  .noinit                 uninit   0xfff7c070      0x4  uc_adc.o [1]
  .noinit                 uninit   0xfff7c074      0x4  uc_adc.o [1]
  .noinit                 uninit   0xfff7c078      0x4  uc_adc.o [1]
  .noinit                 uninit   0xfff7c07c      0x4  uc_adc.o [1]
  .noinit                 uninit   0xfff7c080      0x4  uc_adc.o [1]
  .noinit                 uninit   0xfff7c084      0x4  uc_adc.o [1]
  .noinit                 uninit   0xfff7c088      0x4  uc_adc.o [1]
  .noinit                 uninit   0xfff7c08c      0x4  uc_adc.o [1]
  .noinit                 uninit   0xfff7c090      0x4  uc_adc.o [1]
  .noinit                 uninit   0xfff7c094      0x4  uc_adc.o [1]
  .noinit                 uninit   0xfff7c098      0x4  uc_adc.o [1]
  .noinit                 uninit   0xfff7c09c      0x4  uc_adc.o [1]
  .noinit                 uninit   0xfff7c0a0      0x4  uc_adc.o [1]
  .noinit                 uninit   0xfff7c0a4      0x4  uc_adc.o [1]
  .noinit                 uninit   0xfff7c0a8      0x4  uc_adc.o [1]
  .noinit                 uninit   0xfff7c0ac      0x4  uc_adc.o [1]
  .noinit                 uninit   0xfff7c0b0      0x4  uc_adc.o [1]
  .noinit                 uninit   0xfff7c0b4      0x4  uc_adc.o [1]
  .noinit                 uninit   0xfff7c0b8      0x4  uc_adc.o [1]
  .noinit                 uninit   0xfff7c0bc      0x4  uc_adc.o [1]
  .noinit                 uninit   0xfff7c0c0      0x4  uc_adc.o [1]
  .noinit                 uninit   0xfff7c0c4      0x4  uc_adc.o [1]
  .noinit                 uninit   0xfff7c0c8      0x4  uc_adc.o [1]
  .noinit                 uninit   0xfff7c0cc      0x4  uc_adc.o [1]
  .noinit                 uninit   0xfff7c0d0      0x4  uc_adc.o [1]
  .noinit                 uninit   0xfff7c0d4      0x4  uc_adc.o [1]
  .noinit                 uninit   0xfff7c0d8      0x4  uc_adc.o [1]
  .noinit                 uninit   0xfff7c0dc      0x4  uc_adc.o [1]
  .noinit                 uninit   0xfff7c0e0      0x4  uc_adc.o [1]
  .noinit                 uninit   0xfff7c0e4      0x4  uc_adc.o [1]
  .noinit                 uninit   0xfff7c0e8      0x4  uc_adc.o [1]
  .noinit                 uninit   0xfff7c0ec      0x4  uc_adc.o [1]
  .noinit                 uninit   0xfff7c0f0      0x4  uc_adc.o [1]
  .noinit                 uninit   0xfff7c0f4      0x4  uc_adc.o [1]
  .noinit                 uninit   0xfff7c0f8      0x4  uc_adc.o [1]
  .noinit                 uninit   0xfff7c0fc      0x4  uc_dio.o [1]
  .noinit                 uninit   0xfff7c100      0x4  uc_dio.o [1]
  .noinit                 uninit   0xfff7c104      0x4  uc_dio.o [1]
  .noinit                 uninit   0xfff7c108      0x4  uc_dio.o [1]
  .noinit                 uninit   0xfff7c10c      0x4  uc_dio.o [1]
  .noinit                 uninit   0xfff7c110      0x4  uc_dio.o [1]
  .noinit                 uninit   0xfff7c114      0x4  uc_dio.o [1]
  .noinit                 uninit   0xfff7c118      0x4  uc_dio.o [1]
  .noinit                 uninit   0xfff7c11c      0x4  uc_adc.o [1]
  .noinit                 uninit   0xfff7c120      0x4  uc_adc.o [1]
  .noinit                 uninit   0xfff7c124      0x4  uc_adc.o [1]
  .noinit                 uninit   0xfff7c128      0x4  uc_adc.o [1]
  .noinit                 uninit   0xfff7c12c      0x4  uc_adc.o [1]
  .noinit                 uninit   0xfff7c130      0x4  uc_adc.o [1]
  .noinit                 uninit   0xfff7c134      0x4  uc_adc.o [1]
  .noinit                 uninit   0xfff7c138      0x4  uc_adc.o [1]
  .noinit                 uninit   0xfff7c13c      0x4  uc_adc.o [1]
                                 - 0xfff7c140    0x140

Absolute sections, part 19 of 90:                 0x34
  .noinit                 uninit   0xfff7c158      0x4  uc_adc.o [1]
  .noinit                 uninit   0xfff7c15c      0x4  uc_adc.o [1]
  .noinit                 uninit   0xfff7c160      0x4  uc_adc.o [1]
  .noinit                 uninit   0xfff7c164      0x4  uc_adc.o [1]
  .noinit                 uninit   0xfff7c168      0x4  uc_adc.o [1]
  .noinit                 uninit   0xfff7c16c      0x4  uc_adc.o [1]
  .noinit                 uninit   0xfff7c170      0x4  uc_adc.o [1]
  .noinit                 uninit   0xfff7c174      0x4  uc_adc.o [1]
  .noinit                 uninit   0xfff7c178      0x4  uc_adc.o [1]
  .noinit                 uninit   0xfff7c17c      0x4  uc_adc.o [1]
  .noinit                 uninit   0xfff7c180      0x4  uc_adc.o [1]
  .noinit                 uninit   0xfff7c184      0x4  uc_adc.o [1]
  .noinit                 uninit   0xfff7c188      0x4  uc_adc.o [1]
                                 - 0xfff7c18c     0x34

Absolute sections, part 20 of 90:                0x140
  .noinit                 uninit   0xfff7c200      0x4  uc_adc.o [1]
  .noinit                 uninit   0xfff7c204      0x4  uc_adc.o [1]
  .noinit                 uninit   0xfff7c208      0x4  uc_adc.o [1]
  .noinit                 uninit   0xfff7c20c      0x4  uc_adc.o [1]
  .noinit                 uninit   0xfff7c210      0x4  uc_adc.o [1]
  .noinit                 uninit   0xfff7c214      0x4  uc_adc.o [1]
  .noinit                 uninit   0xfff7c218      0x4  uc_adc.o [1]
  .noinit                 uninit   0xfff7c21c      0x4  uc_adc.o [1]
  .noinit                 uninit   0xfff7c220      0x4  uc_adc.o [1]
  .noinit                 uninit   0xfff7c224      0x4  uc_adc.o [1]
  .noinit                 uninit   0xfff7c228      0x4  uc_adc.o [1]
  .noinit                 uninit   0xfff7c22c      0x4  uc_adc.o [1]
  .noinit                 uninit   0xfff7c230      0x4  uc_adc.o [1]
  .noinit                 uninit   0xfff7c234      0x4  uc_adc.o [1]
  .noinit                 uninit   0xfff7c238      0x4  uc_adc.o [1]
  .noinit                 uninit   0xfff7c23c      0x4  uc_adc.o [1]
  .noinit                 uninit   0xfff7c240      0x4  uc_adc.o [1]
  .noinit                 uninit   0xfff7c244      0x4  uc_adc.o [1]
  .noinit                 uninit   0xfff7c248      0x4  uc_adc.o [1]
  .noinit                 uninit   0xfff7c24c      0x4  uc_adc.o [1]
  .noinit                 uninit   0xfff7c250      0x4  uc_adc.o [1]
  .noinit                 uninit   0xfff7c254      0x4  uc_adc.o [1]
  .noinit                 uninit   0xfff7c258      0x4  uc_adc.o [1]
  .noinit                 uninit   0xfff7c25c      0x4  uc_adc.o [1]
  .noinit                 uninit   0xfff7c260      0x4  uc_adc.o [1]
  .noinit                 uninit   0xfff7c264      0x4  uc_adc.o [1]
  .noinit                 uninit   0xfff7c268      0x4  uc_adc.o [1]
  .noinit                 uninit   0xfff7c26c      0x4  uc_adc.o [1]
  .noinit                 uninit   0xfff7c270      0x4  uc_adc.o [1]
  .noinit                 uninit   0xfff7c274      0x4  uc_adc.o [1]
  .noinit                 uninit   0xfff7c278      0x4  uc_adc.o [1]
  .noinit                 uninit   0xfff7c27c      0x4  uc_adc.o [1]
  .noinit                 uninit   0xfff7c280      0x4  uc_adc.o [1]
  .noinit                 uninit   0xfff7c284      0x4  uc_adc.o [1]
  .noinit                 uninit   0xfff7c288      0x4  uc_adc.o [1]
  .noinit                 uninit   0xfff7c28c      0x4  uc_adc.o [1]
  .noinit                 uninit   0xfff7c290      0x4  uc_adc.o [1]
  .noinit                 uninit   0xfff7c294      0x4  uc_adc.o [1]
  .noinit                 uninit   0xfff7c298      0x4  uc_adc.o [1]
  .noinit                 uninit   0xfff7c29c      0x4  uc_adc.o [1]
  .noinit                 uninit   0xfff7c2a0      0x4  uc_adc.o [1]
  .noinit                 uninit   0xfff7c2a4      0x4  uc_adc.o [1]
  .noinit                 uninit   0xfff7c2a8      0x4  uc_adc.o [1]
  .noinit                 uninit   0xfff7c2ac      0x4  uc_adc.o [1]
  .noinit                 uninit   0xfff7c2b0      0x4  uc_adc.o [1]
  .noinit                 uninit   0xfff7c2b4      0x4  uc_adc.o [1]
  .noinit                 uninit   0xfff7c2b8      0x4  uc_adc.o [1]
  .noinit                 uninit   0xfff7c2bc      0x4  uc_adc.o [1]
  .noinit                 uninit   0xfff7c2c0      0x4  uc_adc.o [1]
  .noinit                 uninit   0xfff7c2c4      0x4  uc_adc.o [1]
  .noinit                 uninit   0xfff7c2c8      0x4  uc_adc.o [1]
  .noinit                 uninit   0xfff7c2cc      0x4  uc_adc.o [1]
  .noinit                 uninit   0xfff7c2d0      0x4  uc_adc.o [1]
  .noinit                 uninit   0xfff7c2d4      0x4  uc_adc.o [1]
  .noinit                 uninit   0xfff7c2d8      0x4  uc_adc.o [1]
  .noinit                 uninit   0xfff7c2dc      0x4  uc_adc.o [1]
  .noinit                 uninit   0xfff7c2e0      0x4  uc_adc.o [1]
  .noinit                 uninit   0xfff7c2e4      0x4  uc_adc.o [1]
  .noinit                 uninit   0xfff7c2e8      0x4  uc_adc.o [1]
  .noinit                 uninit   0xfff7c2ec      0x4  uc_adc.o [1]
  .noinit                 uninit   0xfff7c2f0      0x4  uc_adc.o [1]
  .noinit                 uninit   0xfff7c2f4      0x4  uc_adc.o [1]
  .noinit                 uninit   0xfff7c2f8      0x4  uc_adc.o [1]
  .noinit                 uninit   0xfff7c2fc      0x4  uc_adc.o [1]
  .noinit                 uninit   0xfff7c300      0x4  uc_adc.o [1]
  .noinit                 uninit   0xfff7c304      0x4  uc_adc.o [1]
  .noinit                 uninit   0xfff7c308      0x4  uc_adc.o [1]
  .noinit                 uninit   0xfff7c30c      0x4  uc_adc.o [1]
  .noinit                 uninit   0xfff7c310      0x4  uc_adc.o [1]
  .noinit                 uninit   0xfff7c314      0x4  uc_adc.o [1]
  .noinit                 uninit   0xfff7c318      0x4  uc_adc.o [1]
  .noinit                 uninit   0xfff7c31c      0x4  uc_adc.o [1]
  .noinit                 uninit   0xfff7c320      0x4  uc_adc.o [1]
  .noinit                 uninit   0xfff7c324      0x4  uc_adc.o [1]
  .noinit                 uninit   0xfff7c328      0x4  uc_adc.o [1]
  .noinit                 uninit   0xfff7c32c      0x4  uc_adc.o [1]
  .noinit                 uninit   0xfff7c330      0x4  uc_adc.o [1]
  .noinit                 uninit   0xfff7c334      0x4  uc_adc.o [1]
  .noinit                 uninit   0xfff7c338      0x4  uc_adc.o [1]
  .noinit                 uninit   0xfff7c33c      0x4  uc_adc.o [1]
                                 - 0xfff7c340    0x140

Absolute sections, part 21 of 90:                 0x34
  .noinit                 uninit   0xfff7c358      0x4  uc_adc.o [1]
  .noinit                 uninit   0xfff7c35c      0x4  uc_adc.o [1]
  .noinit                 uninit   0xfff7c360      0x4  uc_adc.o [1]
  .noinit                 uninit   0xfff7c364      0x4  uc_adc.o [1]
  .noinit                 uninit   0xfff7c368      0x4  uc_adc.o [1]
  .noinit                 uninit   0xfff7c36c      0x4  uc_adc.o [1]
  .noinit                 uninit   0xfff7c370      0x4  uc_adc.o [1]
  .noinit                 uninit   0xfff7c374      0x4  uc_adc.o [1]
  .noinit                 uninit   0xfff7c378      0x4  uc_adc.o [1]
  .noinit                 uninit   0xfff7c37c      0x4  uc_adc.o [1]
  .noinit                 uninit   0xfff7c380      0x4  uc_adc.o [1]
  .noinit                 uninit   0xfff7c384      0x4  uc_adc.o [1]
  .noinit                 uninit   0xfff7c388      0x4  uc_adc.o [1]
                                 - 0xfff7c38c     0x34

Absolute sections, part 22 of 90:                 0x18
  .noinit                 uninit   0xfff7dc00      0x4  uc_can.o [1]
  .noinit                 uninit   0xfff7dc04      0x4  uc_can.o [1]
  .noinit                 uninit   0xfff7dc08      0x4  uc_can.o [1]
  .noinit                 uninit   0xfff7dc0c      0x4  uc_can.o [1]
  .noinit                 uninit   0xfff7dc10      0x4  uc_can.o [1]
  .noinit                 uninit   0xfff7dc14      0x4  uc_can.o [1]
                                 - 0xfff7dc18     0x18

Absolute sections, part 23 of 90:                  0x4
  .noinit                 uninit   0xfff7dc1c      0x4  uc_can.o [1]
                                 - 0xfff7dc20      0x4

Absolute sections, part 24 of 90:                 0x54
  .noinit                 uninit   0xfff7dc80      0x4  uc_can.o [1]
  .noinit                 uninit   0xfff7dc84      0x4  uc_can.o [1]
  .noinit                 uninit   0xfff7dc88      0x4  uc_can.o [1]
  .noinit                 uninit   0xfff7dc8c      0x4  uc_can.o [1]
  .noinit                 uninit   0xfff7dc90      0x4  uc_can.o [1]
  .noinit                 uninit   0xfff7dc94      0x4  uc_can.o [1]
  .noinit                 uninit   0xfff7dc98      0x4  uc_can.o [1]
  .noinit                 uninit   0xfff7dc9c      0x4  uc_can.o [1]
  .noinit                 uninit   0xfff7dca0      0x4  uc_can.o [1]
  .noinit                 uninit   0xfff7dca4      0x4  uc_can.o [1]
  .noinit                 uninit   0xfff7dca8      0x4  uc_can.o [1]
  .noinit                 uninit   0xfff7dcac      0x4  uc_can.o [1]
  .noinit                 uninit   0xfff7dcb0      0x4  uc_can.o [1]
  .noinit                 uninit   0xfff7dcb4      0x4  uc_can.o [1]
  .noinit                 uninit   0xfff7dcb8      0x4  uc_can.o [1]
  .noinit                 uninit   0xfff7dcbc      0x4  uc_can.o [1]
  .noinit                 uninit   0xfff7dcc0      0x4  uc_can.o [1]
  .noinit                 uninit   0xfff7dcc4      0x4  uc_can.o [1]
  .noinit                 uninit   0xfff7dcc8      0x4  uc_can.o [1]
  .noinit                 uninit   0xfff7dccc      0x4  uc_can.o [1]
  .noinit                 uninit   0xfff7dcd0      0x4  uc_can.o [1]
                                 - 0xfff7dcd4     0x54

Absolute sections, part 25 of 90:                 0x10
  .noinit                 uninit   0xfff7dcd8      0x4  uc_can.o [1]
  .noinit                 uninit   0xfff7dcdc      0x4  uc_can.o [1]
  .noinit                 uninit   0xfff7dce0      0x4  uc_can.o [1]
  .noinit                 uninit   0xfff7dce4      0x4  uc_can.o [1]
                                 - 0xfff7dce8     0x10

Absolute sections, part 26 of 90:                 0x18
  .noinit                 uninit   0xfff7dd00      0x4  uc_can.o [1]
  .noinit                 uninit   0xfff7dd04      0x4  uc_can.o [1]
  .noinit                 uninit   0xfff7dd08      0x4  uc_can.o [1]
  .noinit                 uninit   0xfff7dd0c      0x4  uc_can.o [1]
  .noinit                 uninit   0xfff7dd10      0x4  uc_can.o [1]
  .noinit                 uninit   0xfff7dd14      0x4  uc_can.o [1]
                                 - 0xfff7dd18     0x18

Absolute sections, part 27 of 90:                 0x18
  .noinit                 uninit   0xfff7dd20      0x4  uc_can.o [1]
  .noinit                 uninit   0xfff7dd24      0x4  uc_can.o [1]
  .noinit                 uninit   0xfff7dd28      0x4  uc_can.o [1]
  .noinit                 uninit   0xfff7dd2c      0x4  uc_can.o [1]
  .noinit                 uninit   0xfff7dd30      0x4  uc_can.o [1]
  .noinit                 uninit   0xfff7dd34      0x4  uc_can.o [1]
                                 - 0xfff7dd38     0x18

Absolute sections, part 28 of 90:                 0x18
  .noinit                 uninit   0xfff7dd40      0x4  uc_can.o [1]
  .noinit                 uninit   0xfff7dd44      0x4  uc_can.o [1]
  .noinit                 uninit   0xfff7dd48      0x4  uc_can.o [1]
  .noinit                 uninit   0xfff7dd4c      0x4  uc_can.o [1]
  .noinit                 uninit   0xfff7dd50      0x4  uc_can.o [1]
  .noinit                 uninit   0xfff7dd54      0x4  uc_can.o [1]
                                 - 0xfff7dd58     0x18

Absolute sections, part 29 of 90:                 0x10
  .noinit                 uninit   0xfff7dd60      0x4  uc_can.o [1]
  .noinit                 uninit   0xfff7dd64      0x4  uc_can.o [1]
  .noinit                 uninit   0xfff7dd68      0x4  uc_can.o [1]
  .noinit                 uninit   0xfff7dd6c      0x4  uc_can.o [1]
                                 - 0xfff7dd70     0x10

Absolute sections, part 30 of 90:                  0x8
  .noinit                 uninit   0xfff7dde0      0x4  uc_can.o [1]
  .noinit                 uninit   0xfff7dde4      0x4  uc_can.o [1]
                                 - 0xfff7dde8      0x8

Absolute sections, part 31 of 90:                 0x18
  .noinit                 uninit   0xfff7de00      0x4  uc_can.o [1]
  .noinit                 uninit   0xfff7de04      0x4  uc_can.o [1]
  .noinit                 uninit   0xfff7de08      0x4  uc_can.o [1]
  .noinit                 uninit   0xfff7de0c      0x4  uc_can.o [1]
  .noinit                 uninit   0xfff7de10      0x4  uc_can.o [1]
  .noinit                 uninit   0xfff7de14      0x4  uc_can.o [1]
                                 - 0xfff7de18     0x18

Absolute sections, part 32 of 90:                  0x4
  .noinit                 uninit   0xfff7de1c      0x4  uc_can.o [1]
                                 - 0xfff7de20      0x4

Absolute sections, part 33 of 90:                 0x54
  .noinit                 uninit   0xfff7de80      0x4  uc_can.o [1]
  .noinit                 uninit   0xfff7de84      0x4  uc_can.o [1]
  .noinit                 uninit   0xfff7de88      0x4  uc_can.o [1]
  .noinit                 uninit   0xfff7de8c      0x4  uc_can.o [1]
  .noinit                 uninit   0xfff7de90      0x4  uc_can.o [1]
  .noinit                 uninit   0xfff7de94      0x4  uc_can.o [1]
  .noinit                 uninit   0xfff7de98      0x4  uc_can.o [1]
  .noinit                 uninit   0xfff7de9c      0x4  uc_can.o [1]
  .noinit                 uninit   0xfff7dea0      0x4  uc_can.o [1]
  .noinit                 uninit   0xfff7dea4      0x4  uc_can.o [1]
  .noinit                 uninit   0xfff7dea8      0x4  uc_can.o [1]
  .noinit                 uninit   0xfff7deac      0x4  uc_can.o [1]
  .noinit                 uninit   0xfff7deb0      0x4  uc_can.o [1]
  .noinit                 uninit   0xfff7deb4      0x4  uc_can.o [1]
  .noinit                 uninit   0xfff7deb8      0x4  uc_can.o [1]
  .noinit                 uninit   0xfff7debc      0x4  uc_can.o [1]
  .noinit                 uninit   0xfff7dec0      0x4  uc_can.o [1]
  .noinit                 uninit   0xfff7dec4      0x4  uc_can.o [1]
  .noinit                 uninit   0xfff7dec8      0x4  uc_can.o [1]
  .noinit                 uninit   0xfff7decc      0x4  uc_can.o [1]
  .noinit                 uninit   0xfff7ded0      0x4  uc_can.o [1]
                                 - 0xfff7ded4     0x54

Absolute sections, part 34 of 90:                 0x10
  .noinit                 uninit   0xfff7ded8      0x4  uc_can.o [1]
  .noinit                 uninit   0xfff7dedc      0x4  uc_can.o [1]
  .noinit                 uninit   0xfff7dee0      0x4  uc_can.o [1]
  .noinit                 uninit   0xfff7dee4      0x4  uc_can.o [1]
                                 - 0xfff7dee8     0x10

Absolute sections, part 35 of 90:                 0x18
  .noinit                 uninit   0xfff7df00      0x4  uc_can.o [1]
  .noinit                 uninit   0xfff7df04      0x4  uc_can.o [1]
  .noinit                 uninit   0xfff7df08      0x4  uc_can.o [1]
  .noinit                 uninit   0xfff7df0c      0x4  uc_can.o [1]
  .noinit                 uninit   0xfff7df10      0x4  uc_can.o [1]
  .noinit                 uninit   0xfff7df14      0x4  uc_can.o [1]
                                 - 0xfff7df18     0x18

Absolute sections, part 36 of 90:                 0x18
  .noinit                 uninit   0xfff7df20      0x4  uc_can.o [1]
  .noinit                 uninit   0xfff7df24      0x4  uc_can.o [1]
  .noinit                 uninit   0xfff7df28      0x4  uc_can.o [1]
  .noinit                 uninit   0xfff7df2c      0x4  uc_can.o [1]
  .noinit                 uninit   0xfff7df30      0x4  uc_can.o [1]
  .noinit                 uninit   0xfff7df34      0x4  uc_can.o [1]
                                 - 0xfff7df38     0x18

Absolute sections, part 37 of 90:                 0x18
  .noinit                 uninit   0xfff7df40      0x4  uc_can.o [1]
  .noinit                 uninit   0xfff7df44      0x4  uc_can.o [1]
  .noinit                 uninit   0xfff7df48      0x4  uc_can.o [1]
  .noinit                 uninit   0xfff7df4c      0x4  uc_can.o [1]
  .noinit                 uninit   0xfff7df50      0x4  uc_can.o [1]
  .noinit                 uninit   0xfff7df54      0x4  uc_can.o [1]
                                 - 0xfff7df58     0x18

Absolute sections, part 38 of 90:                 0x10
  .noinit                 uninit   0xfff7df60      0x4  uc_can.o [1]
  .noinit                 uninit   0xfff7df64      0x4  uc_can.o [1]
  .noinit                 uninit   0xfff7df68      0x4  uc_can.o [1]
  .noinit                 uninit   0xfff7df6c      0x4  uc_can.o [1]
                                 - 0xfff7df70     0x10

Absolute sections, part 39 of 90:                  0x8
  .noinit                 uninit   0xfff7dfe0      0x4  uc_can.o [1]
  .noinit                 uninit   0xfff7dfe4      0x4  uc_can.o [1]
                                 - 0xfff7dfe8      0x8

Absolute sections, part 40 of 90:                 0x18
  .noinit                 uninit   0xfff7e000      0x4  uc_can.o [1]
  .noinit                 uninit   0xfff7e004      0x4  uc_can.o [1]
  .noinit                 uninit   0xfff7e008      0x4  uc_can.o [1]
  .noinit                 uninit   0xfff7e00c      0x4  uc_can.o [1]
  .noinit                 uninit   0xfff7e010      0x4  uc_can.o [1]
  .noinit                 uninit   0xfff7e014      0x4  uc_can.o [1]
                                 - 0xfff7e018     0x18

Absolute sections, part 41 of 90:                  0x4
  .noinit                 uninit   0xfff7e01c      0x4  uc_can.o [1]
                                 - 0xfff7e020      0x4

Absolute sections, part 42 of 90:                 0x54
  .noinit                 uninit   0xfff7e080      0x4  uc_can.o [1]
  .noinit                 uninit   0xfff7e084      0x4  uc_can.o [1]
  .noinit                 uninit   0xfff7e088      0x4  uc_can.o [1]
  .noinit                 uninit   0xfff7e08c      0x4  uc_can.o [1]
[...]
app_Main10msMgr_COM_WriteSignal8
                        0x0010ed85    0x24  Code  Gb  app_Main10msMgr.o [1]
app_Main10msMgr_COM_WriteSignal9
                        0x0010eda9    0x24  Code  Gb  app_Main10msMgr.o [1]
app_Main10msMgr_DW      0x0800d578    0x18  Data  Gb  app_Main10msMgr.o [1]
app_Main10msMgr_IO_ReadDigitalInput
                        0x0010edcd    0x6c  Code  Gb  app_Main10msMgr.o [1]
app_Main10msMgr_IO_ReadDigitalInput1
                        0x0010ee39    0x6c  Code  Gb  app_Main10msMgr.o [1]
app_Main10msMgr_IO_ReadDigitalInput10
                        0x0010eea5    0x6c  Code  Gb  app_Main10msMgr.o [1]
app_Main10msMgr_IO_ReadDigitalInput11
                        0x0010ef11    0x6c  Code  Gb  app_Main10msMgr.o [1]
app_Main10msMgr_IO_ReadDigitalInput12
                        0x0010ef85    0x6c  Code  Gb  app_Main10msMgr.o [1]
app_Main10msMgr_IO_ReadDigitalInput13
                        0x0010eff1    0x6c  Code  Gb  app_Main10msMgr.o [1]
app_Main10msMgr_IO_ReadDigitalInput14
                        0x0010f065    0x6c  Code  Gb  app_Main10msMgr.o [1]
app_Main10msMgr_IO_ReadDigitalInput15
                        0x0010f0d5    0x6e  Code  Gb  app_Main10msMgr.o [1]
app_Main10msMgr_IO_ReadDigitalInput16
                        0x0010f145    0x6e  Code  Gb  app_Main10msMgr.o [1]
app_Main10msMgr_IO_ReadDigitalInput17
                        0x0010f1b5    0x6e  Code  Gb  app_Main10msMgr.o [1]
app_Main10msMgr_IO_ReadDigitalInput18
                        0x0010f225    0x68  Code  Gb  app_Main10msMgr.o [1]
app_Main10msMgr_IO_ReadDigitalInput2
                        0x0010f28d    0x66  Code  Gb  app_Main10msMgr.o [1]
app_Main10msMgr_IO_ReadDigitalInput3
                        0x0010f2fd    0x66  Code  Gb  app_Main10msMgr.o [1]
app_Main10msMgr_IO_ReadDigitalInput4
                        0x0010f365    0x6e  Code  Gb  app_Main10msMgr.o [1]
app_Main10msMgr_IO_ReadDigitalInput5
                        0x0010f3d9    0x6e  Code  Gb  app_Main10msMgr.o [1]
app_Main10msMgr_IO_ReadDigitalInput6
                        0x0010f449    0x6e  Code  Gb  app_Main10msMgr.o [1]
app_Main10msMgr_IO_ReadDigitalInput7
                        0x0010f4b9    0x6e  Code  Gb  app_Main10msMgr.o [1]
app_Main10msMgr_IO_ReadDigitalInput8
                        0x0010f529    0x6e  Code  Gb  app_Main10msMgr.o [1]
app_Main10msMgr_IO_ReadDigitalInput9
                        0x0010f5a1    0x6c  Code  Gb  app_Main10msMgr.o [1]
app_Main10msMgr_IO_ReadPwm
                        0x0010f611    0x6c  Code  Gb  app_Main10msMgr.o [1]
app_Main10msMgr_IO_ReadPwm1
                        0x0010f67d    0x6c  Code  Gb  app_Main10msMgr.o [1]
app_Main10msMgr_IO_SetPwm
                        0x0010f6e9    0x46  Code  Gb  app_Main10msMgr.o [1]
app_Main10msMgr_IO_SetPwm1
                        0x0010f731    0x46  Code  Gb  app_Main10msMgr.o [1]
app_Main10msMgr_IO_WriteDigitalOutput
                        0x0010f779    0x5c  Code  Gb  app_Main10msMgr.o [1]
app_Main10msMgr_IO_WriteDigitalOutput1
                        0x0010f7d5    0x5c  Code  Gb  app_Main10msMgr.o [1]
app_Main10msMgr_IO_WriteDigitalOutput10
                        0x0010f831    0x5c  Code  Gb  app_Main10msMgr.o [1]
app_Main10msMgr_IO_WriteDigitalOutput11
                        0x0010f895    0x5a  Code  Gb  app_Main10msMgr.o [1]
app_Main10msMgr_IO_WriteDigitalOutput12
                        0x0010f8f1    0x56  Code  Gb  app_Main10msMgr.o [1]
app_Main10msMgr_IO_WriteDigitalOutput13
                        0x0010f949    0x56  Code  Gb  app_Main10msMgr.o [1]
app_Main10msMgr_IO_WriteDigitalOutput14
                        0x0010f9a5    0x56  Code  Gb  app_Main10msMgr.o [1]
app_Main10msMgr_IO_WriteDigitalOutput2
                        0x0010f9fd    0x56  Code  Gb  app_Main10msMgr.o [1]
app_Main10msMgr_IO_WriteDigitalOutput3
                        0x0010fa55    0x56  Code  Gb  app_Main10msMgr.o [1]
app_Main10msMgr_IO_WriteDigitalOutput4
                        0x0010faad    0x56  Code  Gb  app_Main10msMgr.o [1]
app_Main10msMgr_IO_WriteDigitalOutput5
                        0x0010fb05    0x56  Code  Gb  app_Main10msMgr.o [1]
app_Main10msMgr_IO_WriteDigitalOutput6
                        0x0010fb5d    0x56  Code  Gb  app_Main10msMgr.o [1]
app_Main10msMgr_IO_WriteDigitalOutput7
                        0x0010fbbd    0x56  Code  Gb  app_Main10msMgr.o [1]
app_Main10msMgr_IO_WriteDigitalOutput8
                        0x0010fc15    0x56  Code  Gb  app_Main10msMgr.o [1]
app_Main10msMgr_IO_WriteDigitalOutput9
                        0x0010fc71    0x5c  Code  Gb  app_Main10msMgr.o [1]
app_Main10msMgr_InitializeDataMapInfo
                        0x001105f9    0x44  Code  Gb  app_Main10msMgr_capi.o [1]
app_Main10msMgr_M       0x00116234     0x4  Data  Gb  app_Main10msMgr.o [1]
app_Main10msMgr_M_      0x0800d548    0x2c  Data  Gb  app_Main10msMgr.o [1]
app_Main10msMgr_P       0x08000000   0x380  Data  Gb  app_Main10msMgr_data.o [1]
app_Main10msMgr_SYS_ResetStatusManager
                        0x0010fccd    0x62  Code  Gb  app_Main10msMgr.o [1]
app_Main10msMgr_SYS_Shutdown
                        0x0010fd31    0x32  Code  Gb  app_Main10msMgr.o [1]
app_Main10msMgr_fcn     0x0010fd63   0x1e6  Code  Gb  app_Main10msMgr.o [1]
app_Main10msMgr_initialize
                        0x0010ff61   0x1bc  Code  Gb  app_Main10msMgr.o [1]
app_Main10msMgr_terminate
                        0x0011012d     0x2  Code  Gb  app_Main10msMgr.o [1]
app_Main1msMgr_InitializeDataMapInfo
                        0x001105a5    0x44  Code  Gb  app_Main1msMgr_capi.o [1]
app_Main1msMgr_M        0x00116238     0x4  Data  Gb  app_Main1msMgr.o [1]
app_Main1msMgr_M_       0x0800d4b8    0x30  Data  Gb  app_Main1msMgr.o [1]
app_Main1msMgr_P        0x0800d3a8    0xa0  Data  Gb  app_Main1msMgr_data.o [1]
app_Main1msMgr_fcn      0x0010e4a5    0xbe  Code  Gb  app_Main1msMgr.o [1]
app_Main1msMgr_initialize
                        0x0010e563   0x124  Code  Gb  app_Main1msMgr.o [1]
app_Main1msMgr_terminate
                        0x0010e691     0x2  Code  Gb  app_Main1msMgr.o [1]
app_Main50msMgr_InitializeDataMapInfo
                        0x0011064d    0x44  Code  Gb  app_Main50msMgr_capi.o [1]
app_Main50msMgr_M       0x0011623c     0x4  Data  Gb  app_Main50msMgr.o [1]
app_Main50msMgr_M_      0x0800d4e8    0x30  Data  Gb  app_Main50msMgr.o [1]
app_Main50msMgr_P       0x0800d5d8     0x8  Data  Gb  app_Main50msMgr_data.o [1]
app_Main50msMgr_fcn     0x00110131     0xc  Code  Gb  app_Main50msMgr.o [1]
app_Main50msMgr_initialize
                        0x0011013d    0x28  Code  Gb  app_Main50msMgr.o [1]
app_Main50msMgr_terminate
                        0x0011016d     0x2  Code  Gb  app_Main50msMgr.o [1]
bFirstRun$1             0x080087b4     0x1  Data  Lc  FlashStateMachine.SetActiveBank.obj [3]
exit                    0x00115c89     0x4  Code  Gb  exit.o [4]
local_APP_DIAG_u8AppValidCheck
                        0x00107269    0x1c  Code  Gb  app_diag_gf.o [1]
local_APP_DIAG_u8NonEmptyReceivedFrameElements
                        0x00106cf9    0x2e  Code  Gb  app_diag_gf.o [1]
local_APP_DIAG_u8SingleFrameMessageLengthOrInvalidFormatErrorCheck
                        0x00106d27    0xa6  Code  Gb  app_diag_gf.o [1]
local_APP_DIAG_vdAppValidSet
                        0x00107211    0x56  Code  Gb  app_diag_gf.o [1]
local_APP_DIAG_vdClearDtcReadServic
                        0x00106f1b    0x3a  Code  Gb  app_diag_gf.o [1]
local_APP_DIAG_vdClearReceivingVariables
                        0x00106eb7    0x64  Code  Gb  app_diag_gf.o [1]
local_APP_DIAG_vdClear_Diagnostic
                        0x0010659f    0x5a  Code  Gb  app_diag.o [1]
local_APP_DIAG_vdDefaultEcuModeClear
                        0x001071c9    0x48  Code  Gb  app_diag_gf.o [1]
local_APP_DIAG_vdDefaultEcuModeSet
                        0x0010713d    0x60  Code  Gb  app_diag_gf.o [1]
local_APP_DIAG_vdDiagHeartBeat
                        0x001073b1     0x2  Code  Gb  app_diag_gf.o [1]
local_APP_DIAG_vdDiag_Session_Control
                        0x00104fdf   0x358  Code  Gb  app_diag.o [1]
local_APP_DIAG_vdECU_Reset
                        0x00105337    0x38  Code  Gb  app_diag.o [1]
local_APP_DIAG_vdFramePositiveResponseWithFullArrayBytes
                        0x00106f55    0x26  Code  Gb  app_diag_gf.o [1]
local_APP_DIAG_vdIO_Control_Identifier
                        0x001053f5   0xa0c  Code  Gb  app_diag.o [1]
local_APP_DIAG_vdMainStateMachine
                        0x00104c1f   0x3c0  Code  Gb  app_diag.o [1]
local_APP_DIAG_vdMemory_ReadByAddress
                        0x00106411    0xb8  Code  Gb  app_diag.o [1]
local_APP_DIAG_vdMemory_WriteByAddress
                        0x001062b9   0x158  Code  Gb  app_diag.o [1]
local_APP_DIAG_vdProgRequestClear
                        0x001072e1    0x4e  Code  Gb  app_diag_gf.o [1]
local_APP_DIAG_vdProgRequestSet
                        0x00107289    0x56  Code  Gb  app_diag_gf.o [1]
local_APP_DIAG_vdReadDataByIdentifierDataAdjustment
                        0x001064c9    0xd6  Code  Gb  app_diag.o [1]
local_APP_DIAG_vdRead_DTC
                        0x00106609   0x224  Code  Gb  app_diag.o [1]
local_APP_DIAG_vdRead_DataByIdentifier
                        0x00105ed5   0x3e4  Code  Gb  app_diag.o [1]
local_APP_DIAG_vdResetAllGlobalVariables
                        0x00106dcd    0xea  Code  Gb  app_diag_gf.o [1]
local_APP_DIAG_vdServeDiagRequest
                        0x00104b89    0x96  Code  Gb  app_diag.o [1]
local_APP_DIAG_vdShutDownAndResetWithAppValidModification
                        0x001073b3     0xc  Code  Gb  app_diag_gf.o [1]
local_APP_DIAG_vdSingleFrameNegativeResponse
                        0x001070dd    0x5e  Code  Gb  app_diag_gf.o [1]
local_APP_DIAG_vdSingleFramePositiveResponse
                        0x00107029    0xb4  Code  Gb  app_diag_gf.o [1]
local_APP_DIAG_vdSingleFramePositiveResponseWithoutSubfunction
                        0x00106f7b    0xae  Code  Gb  app_diag_gf.o [1]
local_APP_DIAG_vdTester_Present
                        0x0010536f    0x46  Code  Gb  app_diag.o [1]
local_APP_DIAG_vdWrite_DataByIdentifier
                        0x00105e01    0xc4  Code  Gb  app_diag.o [1]
local_ECU_COM_vdDataConversion
                        0x00103aa5   0x3ce  Code  Gb  ecu_com.o [1]
local_ECU_COM_vdPack    0x00103e79   0xba6  Code  Gb  ecu_com.o [1]
local_ECU_COM_vdPostPack
                        0x00104a1f    0x92  Code  Gb  ecu_com.o [1]
local_ECU_COM_vdPreUnpack
                        0x00102d9b    0xb2  Code  Gb  ecu_com.o [1]
local_ECU_COM_vdUnpack  0x00102e51   0xc42  Code  Gb  ecu_com.o [1]
local_ECU_DIAG_vdApplicationCallback
                        0x00106c91    0x4c  Code  Gb  ecu_diag.o [1]
local_ECU_DIAG_vdResetTimerOverFlowFlag
                        0x00106c81    0x10  Code  Gb  ecu_diag.o [1]
local_ECU_DIAG_vdSetTimerOverFlowFlag
                        0x00106c71    0x10  Code  Gb  ecu_diag.o [1]
local_ECU_IO_POUT_vdInitialize
                        0x0010844b    0x50  Code  Gb  ecu_io.o [1]
local_ECU_IO_eExpConfig
                        0x00108079    0xba  Code  Gb  ecu_io.o [1]
local_ECU_IO_eExpReadAllReg
                        0x00107ff9    0x80  Code  Gb  ecu_io.o [1]
local_ECU_IO_eExpReadInputs
                        0x00108289    0x7a  Code  Gb  ecu_io.o [1]
local_ECU_IO_eSendReceiveFrame
                        0x00107e17    0xae  Code  Gb  ecu_io.o [1]
local_ECU_IO_vdDioMgr   0x00107ec5    0x52  Code  Gb  ecu_io.o [1]
local_ECU_IO_vdExpDataChangeCallback
                        0x00108423    0x28  Code  Gb  ecu_io.o [1]
local_ECU_IO_vdExpDecodeInputs
                        0x00108309    0xb6  Code  Gb  ecu_io.o [1]
local_ECU_IO_vdExpMgr   0x00107f17    0xe2  Code  Gb  ecu_io.o [1]
local_ECU_IO_vdExpSetInterrupts
                        0x001081c1    0xc8  Code  Gb  ecu_io.o [1]
local_ECU_IO_vdExpSetTopology
                        0x00108133    0x7c  Code  Gb  ecu_io.o [1]
local_ECU_IO_vdReadSpiDataCallback
                        0x001083c5    0x5e  Code  Gb  ecu_io.o [1]
local_ECU_MEM_INT_vdDeInit
                        0x001099bf   0x114  Code  Gb  ecu_mem.o [1]
local_ECU_MEM_INT_vdInit
                        0x001098fb    0xc4  Code  Gb  ecu_mem.o [1]
local_ECU_PWM_vdPwmInputMgr
                        0x00107c25    0x46  Code  Gb  ecu_io.o [1]
local_ECU_SERIAL_vdResetBuffer
                        0x00111123    0x4a  Code  Gb  ecu_serial.o [1]
local_ECU_SERIAL_vdUartRxCallback
                        0x0011116d   0xa30  Code  Gb  ecu_serial.o [1]
local_OS_u32GetSystemTickTrigVal
                        0x0010b513     0xe  Code  Gb  os.o [1]
local_OS_vdAddTask      0x0010b521    0x82  Code  Gb  os.o [1]
local_OS_vdTrigger      0x0010b4e9    0x2a  Code  Gb  os.o [1]
local_UC_CAN_eCheckMsgObjForNewData
                        0x00101ff7    0xf8  Code  Gb  uc_can.o [1]
local_UC_CAN_eGetMsgIndexFromObjId
                        0x00102339    0xb4  Code  Gb  uc_can.o [1]
local_UC_CAN_eInterruptHandler
                        0x00102527   0x14a  Code  Gb  uc_can.o [1]
local_UC_CAN_eResetMsgObjInt
                        0x001023ed   0x13a  Code  Gb  uc_can.o [1]
local_UC_CAN_eSetMsgObjIntLine
                        0x001020ef   0x24a  Code  Gb  uc_can.o [1]
local_UC_DIO_eInputInterruptHandler
                        0x0010b277    0x48  Code  Gb  uc_dio.o [1]
local_UC_DIO_ePinConfigure
                        0x0010b209    0x6e  Code  Gb  uc_dio.o [1]
local_UC_PWM_PIN_ReadFrequencyDutyCycle
                        0x0010d90d   0x47e  Code  Gb  uc_pwm.o [1]
local_UC_SPI_eActiveDeviceSendSpiFrameSync
                        0x0010cb69   0x3a2  Code  Gb  uc_spi.o [1]
local_UC_SPI_eReceiveDataSync
                        0x0010ca7d    0xe4  Code  Gb  uc_spi.o [1]
local_UC_SPI_eRxInterruptHandler
                        0x0010cf0b    0xee  Code  Gb  uc_spi.o [1]
local_UC_SPI_eTxInterruptHandler
                        0x0010cff9    0x58  Code  Gb  uc_spi.o [1]
local_UC_UART_vdInterruptHandlerRx
                        0x0010abe9   0x114  Code  Gb  uc_uart.o [1]
local_UC_UART_vdInterruptHandlerTx
                        0x0010acfd    0x48  Code  Gb  uc_uart.o [1]
local_UC_UART_vdUpdateBaudRate
                        0x0010ad45    0x32  Code  Gb  uc_uart.o [1]
local_vdFaultLedsControl
                        0x00109ebf    0x8c  Code  Gb  app_FaultMgr.o [1]
local_vdSaveDtcsToRAM   0x00109e5f    0x60  Code  Gb  app_FaultMgr.o [1]
main                    0x001131dd    0xaa  Code  Gb  main.o [1]
mmiStatic               0x08000434    0x68  Data  Lc  app_Main100msMgr_capi.o [1]
mmiStatic               0x08000788    0x68  Data  Lc  app_Main10msMgr_capi.o [1]
mmiStatic               0x08000840    0x68  Data  Lc  app_Main1msMgr_capi.o [1]
mmiStatic               0x080008ac    0x68  Data  Lc  app_Main50msMgr_capi.o [1]
round                   0x001104e5    0x4a  Code  Gb  round.o [5]
rtBlockParameters       0x00115cb0    0x28  Data  Lc  app_Main100msMgr_capi.o [1]
rtBlockParameters       0x00111bb8   0x8d4  Data  Lc  app_Main10msMgr_capi.o [1]
rtBlockParameters       0x00113038   0x1a4  Data  Lc  app_Main1msMgr_capi.o [1]
rtBlockParameters       0x00115d78    0x28  Data  Lc  app_Main50msMgr_capi.o [1]
rtBlockSignals          0x00115e10    0x1c  Data  Lc  app_Main100msMgr_capi.o [1]
rtBlockSignals          0x0011248c   0x7fc  Data  Lc  app_Main10msMgr_capi.o [1]
rtBlockSignals          0x00115e9c    0x1c  Data  Lc  app_Main1msMgr_capi.o [1]
rtBlockSignals          0x00115ef0    0x1c  Data  Lc  app_Main50msMgr_capi.o [1]
rtBlockStates           0x00115cd8    0x28  Data  Lc  app_Main100msMgr_capi.o [1]
rtBlockStates           0x001133f4    0xa0  Data  Lc  app_Main10msMgr_capi.o [1]
rtBlockStates           0x00115d50    0x28  Data  Lc  app_Main1msMgr_capi.o [1]
rtBlockStates           0x00115da0    0x28  Data  Lc  app_Main50msMgr_capi.o [1]
rtDataAddrMap           0x08000430     0x4  Data  Lc  app_Main100msMgr_capi.o [1]
rtDataAddrMap           0x0800049c   0x2ec  Data  Lc  app_Main10msMgr_capi.o [1]
rtDataAddrMap           0x080007f0    0x50  Data  Lc  app_Main1msMgr_capi.o [1]
rtDataAddrMap           0x080008a8     0x4  Data  Lc  app_Main50msMgr_capi.o [1]
rtDataTypeMap           0x00115f44    0x14  Data  Lc  app_Main100msMgr_capi.o [1]
rtDataTypeMap           0x00114184    0x3c  Data  Lc  app_Main10msMgr_capi.o [1]
rtDataTypeMap           0x00115f6c    0x14  Data  Lc  app_Main1msMgr_capi.o [1]
rtDataTypeMap           0x00115f80    0x14  Data  Lc  app_Main50msMgr_capi.o [1]
rtDimensionArray        0x001161b4     0x8  Data  Lc  app_Main100msMgr_capi.o [1]
rtDimensionArray        0x001161e4     0x8  Data  Lc  app_Main10msMgr_capi.o [1]
rtDimensionArray        0x00116204     0x8  Data  Lc  app_Main1msMgr_capi.o [1]
rtDimensionArray        0x00116224     0x8  Data  Lc  app_Main50msMgr_capi.o [1]
rtDimensionMap          0x00115fc4    0x10  Data  Lc  app_Main100msMgr_capi.o [1]
rtDimensionMap          0x00116014    0x10  Data  Lc  app_Main10msMgr_capi.o [1]
rtDimensionMap          0x00116070    0x10  Data  Lc  app_Main1msMgr_capi.o [1]
rtDimensionMap          0x001160b0    0x10  Data  Lc  app_Main50msMgr_capi.o [1]
rtElementMap            0x00115fb4    0x10  Data  Lc  app_Main100msMgr_capi.o [1]
rtElementMap            0x00116004    0x10  Data  Lc  app_Main10msMgr_capi.o [1]
rtElementMap            0x00116060    0x10  Data  Lc  app_Main1msMgr_capi.o [1]
rtElementMap            0x001160a0    0x10  Data  Lc  app_Main50msMgr_capi.o [1]
rtFixPtMap              0x00116024     0xc  Data  Lc  app_Main100msMgr_capi.o [1]
rtFixPtMap              0x001160fc     0xc  Data  Lc  app_Main10msMgr_capi.o [1]
rtFixPtMap              0x00116120     0xc  Data  Lc  app_Main1msMgr_capi.o [1]
rtFixPtMap              0x00116138     0xc  Data  Lc  app_Main50msMgr_capi.o [1]
rtModelParameters       0x00115fa4    0x10  Data  Lc  app_Main100msMgr_capi.o [1]
rtModelParameters       0x00115ff4    0x10  Data  Lc  app_Main10msMgr_capi.o [1]
rtModelParameters       0x00116050    0x10  Data  Lc  app_Main1msMgr_capi.o [1]
rtModelParameters       0x00116090    0x10  Data  Lc  app_Main50msMgr_capi.o [1]
rtRootInputs            0x00115e2c    0x1c  Data  Lc  app_Main100msMgr_capi.o [1]
rtRootInputs            0x00115e64    0x1c  Data  Lc  app_Main10msMgr_capi.o [1]
rtRootInputs            0x00115eb8    0x1c  Data  Lc  app_Main1msMgr_capi.o [1]
rtRootInputs            0x00115f0c    0x1c  Data  Lc  app_Main50msMgr_capi.o [1]
rtRootOutputs           0x00115e48    0x1c  Data  Lc  app_Main100msMgr_capi.o [1]
rtRootOutputs           0x00115e80    0x1c  Data  Lc  app_Main10msMgr_capi.o [1]
rtRootOutputs           0x00115ed4    0x1c  Data  Lc  app_Main1msMgr_capi.o [1]
rtRootOutputs           0x00115f28    0x1c  Data  Lc  app_Main50msMgr_capi.o [1]
rtSampleTimeMap         0x001160c0     0xc  Data  Lc  app_Main100msMgr_capi.o [1]
rtSampleTimeMap         0x00116108     0xc  Data  Lc  app_Main10msMgr_capi.o [1]
rtSampleTimeMap         0x0011612c     0xc  Data  Lc  app_Main1msMgr_capi.o [1]
rtSampleTimeMap         0x00116144     0xc  Data  Lc  app_Main50msMgr_capi.o [1]
rtVarDimsAddrMap        0x0800d5e4     0x4  Data  Lc  app_Main100msMgr_capi.o [1]
rtVarDimsAddrMap        0x0800d5e8     0x4  Data  Lc  app_Main10msMgr_capi.o [1]
rtVarDimsAddrMap        0x0800d5ec     0x4  Data  Lc  app_Main1msMgr_capi.o [1]
rtVarDimsAddrMap        0x0800d5f0     0x4  Data  Lc  app_Main50msMgr_capi.o [1]
rtcapiStoredFloats      0x00116030    0x10  Data  Lc  app_Main10msMgr_capi.o [1]
u8ReadBootFlag          0x0800d657     0x1  Data  Gb  ecu_mem.o [1]


[1] = C:\Tools\Jenkins\workspace\FordeMCD\01_Software\Flash_Debug\Obj
[2] = command line
[3] = F021_API_CortexR4_BE.lib
[4] = dl7Sx_tbn.a
[5] = m7Sx_tbv.a
[6] = rt7Sx_tb.a
[7] = sh7Sxs_b.a

  74 473 bytes of readonly  code memory
       6 bytes of readwrite code memory
  24 750 bytes of readonly  data memory
  54 873 bytes of readwrite data memory (+ 2 616 absolute)

Errors: none
Warnings: none
