###############################################################################
#
# IAR ELF Linker V7.50.1.10123/W32 for ARM                01/Dec/2023  14:53:32
# Copyright 2007-2015 IAR Systems AB.
#
#    Output file  =  
#        C:\Tools\Jenkins\workspace\FordeMCD\01_Software\Flash_Debug\Exe\FordeMCDtest.out
#    Map file     =  
#        C:\Tools\Jenkins\workspace\FordeMCD\01_Software\Flash_Debug\List\FordeMCDtest.map
#    Command line =  
#        C:\Tools\Jenkins\workspace\FordeMCD\01_Software\Flash_Debug\Obj\app.o
#        C:\Tools\Jenkins\workspace\FordeMCD\01_Software\Flash_Debug\Obj\app_diag.o
#        C:\Tools\Jenkins\workspace\FordeMCD\01_Software\Flash_Debug\Obj\app_diag_generic_functions.o
#        C:\Tools\Jenkins\workspace\FordeMCD\01_Software\Flash_Debug\Obj\app_diag_gf.o
#        C:\Tools\Jenkins\workspace\FordeMCD\01_Software\Flash_Debug\Obj\app_FaultMgr.o
#        C:\Tools\Jenkins\workspace\FordeMCD\01_Software\Flash_Debug\Obj\app_FaultMgr_cfg.o
#        C:\Tools\Jenkins\workspace\FordeMCD\01_Software\Flash_Debug\Obj\app_Main100msMgr.o
#        C:\Tools\Jenkins\workspace\FordeMCD\01_Software\Flash_Debug\Obj\app_Main100msMgr_capi.o
#        C:\Tools\Jenkins\workspace\FordeMCD\01_Software\Flash_Debug\Obj\app_Main100msMgr_data.o
#        C:\Tools\Jenkins\workspace\FordeMCD\01_Software\Flash_Debug\Obj\app_Main10msMgr.o
#        C:\Tools\Jenkins\workspace\FordeMCD\01_Software\Flash_Debug\Obj\app_Main10msMgr_capi.o
#        C:\Tools\Jenkins\workspace\FordeMCD\01_Software\Flash_Debug\Obj\app_Main10msMgr_data.o
#        C:\Tools\Jenkins\workspace\FordeMCD\01_Software\Flash_Debug\Obj\app_Main1msMgr.o
#        C:\Tools\Jenkins\workspace\FordeMCD\01_Software\Flash_Debug\Obj\app_Main1msMgr_capi.o
#        C:\Tools\Jenkins\workspace\FordeMCD\01_Software\Flash_Debug\Obj\app_Main1msMgr_data.o
#        C:\Tools\Jenkins\workspace\FordeMCD\01_Software\Flash_Debug\Obj\app_Main50msMgr.o
#        C:\Tools\Jenkins\workspace\FordeMCD\01_Software\Flash_Debug\Obj\app_Main50msMgr_capi.o
#        C:\Tools\Jenkins\workspace\FordeMCD\01_Software\Flash_Debug\Obj\app_Main50msMgr_data.o
#        C:\Tools\Jenkins\workspace\FordeMCD\01_Software\Flash_Debug\Obj\ecu.o
#        C:\Tools\Jenkins\workspace\FordeMCD\01_Software\Flash_Debug\Obj\ecu_anlg.o
#        C:\Tools\Jenkins\workspace\FordeMCD\01_Software\Flash_Debug\Obj\ecu_anlg_cfg.o
#        C:\Tools\Jenkins\workspace\FordeMCD\01_Software\Flash_Debug\Obj\ecu_com.o
#        C:\Tools\Jenkins\workspace\FordeMCD\01_Software\Flash_Debug\Obj\ecu_com_cfg.o
#        C:\Tools\Jenkins\workspace\FordeMCD\01_Software\Flash_Debug\Obj\ecu_com_cfg_gen.o
#        C:\Tools\Jenkins\workspace\FordeMCD\01_Software\Flash_Debug\Obj\ecu_diag.o
#        C:\Tools\Jenkins\workspace\FordeMCD\01_Software\Flash_Debug\Obj\ecu_diag_cfg.o
#        C:\Tools\Jenkins\workspace\FordeMCD\01_Software\Flash_Debug\Obj\ecu_io.o
#        C:\Tools\Jenkins\workspace\FordeMCD\01_Software\Flash_Debug\Obj\ecu_io_cfg.o
#        C:\Tools\Jenkins\workspace\FordeMCD\01_Software\Flash_Debug\Obj\ecu_mem.o
#        C:\Tools\Jenkins\workspace\FordeMCD\01_Software\Flash_Debug\Obj\ecu_mem_cfg.o
#        C:\Tools\Jenkins\workspace\FordeMCD\01_Software\Flash_Debug\Obj\ecu_serial.o
#        C:\Tools\Jenkins\workspace\FordeMCD\01_Software\Flash_Debug\Obj\ecu_serial_cfg.o
#        C:\Tools\Jenkins\workspace\FordeMCD\01_Software\Flash_Debug\Obj\ecu_system.o
#        C:\Tools\Jenkins\workspace\FordeMCD\01_Software\Flash_Debug\Obj\ecu_system_cfg.o
#        C:\Tools\Jenkins\workspace\FordeMCD\01_Software\Flash_Debug\Obj\ecu_txcp.o
#        C:\Tools\Jenkins\workspace\FordeMCD\01_Software\Flash_Debug\Obj\ecu_txcp_cfg.o
#        C:\Tools\Jenkins\workspace\FordeMCD\01_Software\Flash_Debug\Obj\ecu_wdg.o
#        C:\Tools\Jenkins\workspace\FordeMCD\01_Software\Flash_Debug\Obj\ecu_wdg_cfg.o
#        C:\Tools\Jenkins\workspace\FordeMCD\01_Software\Flash_Debug\Obj\Fapi_UserDefinedFunctions.o
#        C:\Tools\Jenkins\workspace\FordeMCD\01_Software\Flash_Debug\Obj\lib_data.o
#        C:\Tools\Jenkins\workspace\FordeMCD\01_Software\Flash_Debug\Obj\lib_delay.o
#        C:\Tools\Jenkins\workspace\FordeMCD\01_Software\Flash_Debug\Obj\look1_binlxpw.o
#        C:\Tools\Jenkins\workspace\FordeMCD\01_Software\Flash_Debug\Obj\low_level_init.o
#        C:\Tools\Jenkins\workspace\FordeMCD\01_Software\Flash_Debug\Obj\main.o
#        C:\Tools\Jenkins\workspace\FordeMCD\01_Software\Flash_Debug\Obj\os.o
#        C:\Tools\Jenkins\workspace\FordeMCD\01_Software\Flash_Debug\Obj\os_cfg.o
#        C:\Tools\Jenkins\workspace\FordeMCD\01_Software\Flash_Debug\Obj\os_tasks.o
#        C:\Tools\Jenkins\workspace\FordeMCD\01_Software\Flash_Debug\Obj\rte.o
#        C:\Tools\Jenkins\workspace\FordeMCD\01_Software\Flash_Debug\Obj\rte_tasks.o
#        C:\Tools\Jenkins\workspace\FordeMCD\01_Software\Flash_Debug\Obj\tms570ls3137_cstartup.o
#        C:\Tools\Jenkins\workspace\FordeMCD\01_Software\Flash_Debug\Obj\uc.o
#        C:\Tools\Jenkins\workspace\FordeMCD\01_Software\Flash_Debug\Obj\uc_adc.o
#        C:\Tools\Jenkins\workspace\FordeMCD\01_Software\Flash_Debug\Obj\uc_adc_cfg.o
#        C:\Tools\Jenkins\workspace\FordeMCD\01_Software\Flash_Debug\Obj\uc_can.o
#        C:\Tools\Jenkins\workspace\FordeMCD\01_Software\Flash_Debug\Obj\uc_can_cfg.o
#        C:\Tools\Jenkins\workspace\FordeMCD\01_Software\Flash_Debug\Obj\uc_dio.o
#        C:\Tools\Jenkins\workspace\FordeMCD\01_Software\Flash_Debug\Obj\uc_dio_cfg.o
#        C:\Tools\Jenkins\workspace\FordeMCD\01_Software\Flash_Debug\Obj\uc_eeprom.o
#        C:\Tools\Jenkins\workspace\FordeMCD\01_Software\Flash_Debug\Obj\uc_eeprom_cfg.o
#        C:\Tools\Jenkins\workspace\FordeMCD\01_Software\Flash_Debug\Obj\uc_flash.o
#        C:\Tools\Jenkins\workspace\FordeMCD\01_Software\Flash_Debug\Obj\uc_flash_cfg.o
#        C:\Tools\Jenkins\workspace\FordeMCD\01_Software\Flash_Debug\Obj\uc_pwm.o
#        C:\Tools\Jenkins\workspace\FordeMCD\01_Software\Flash_Debug\Obj\uc_pwm_cfg.o
#        C:\Tools\Jenkins\workspace\FordeMCD\01_Software\Flash_Debug\Obj\uc_spi.o
#        C:\Tools\Jenkins\workspace\FordeMCD\01_Software\Flash_Debug\Obj\uc_spi_cfg.o
#        C:\Tools\Jenkins\workspace\FordeMCD\01_Software\Flash_Debug\Obj\uc_system.o
#        C:\Tools\Jenkins\workspace\FordeMCD\01_Software\Flash_Debug\Obj\uc_system_cfg.o
#        C:\Tools\Jenkins\workspace\FordeMCD\01_Software\Flash_Debug\Obj\uc_timer.o
#        C:\Tools\Jenkins\workspace\FordeMCD\01_Software\Flash_Debug\Obj\uc_timer_cfg.o
#        "C:\Tools\Jenkins\workspace\FordeMCD\01_Software\Flash_Debug\Obj\uc_uart
#        _cfg.o"
#        C:\Tools\Jenkins\workspace\FordeMCD\01_Software\Flash_Debug\Obj\uc_uart.o
#        C:\Tools\Jenkins\workspace\FordeMCD\01_Software\Flash_Debug\Obj\uc_wdg.o
#        C:\Tools\Jenkins\workspace\FordeMCD\01_Software\Flash_Debug\Obj\uc_wdg_cfg.o
#        -o
#        C:\Tools\Jenkins\workspace\FordeMCD\01_Software\Flash_Debug\Exe\FordeMCDtest.out
#        --redirect _Printf=_PrintfFull --redirect _Scanf=_ScanfFull --map
#        C:\Tools\Jenkins\workspace\FordeMCD\01_Software\Flash_Debug\List\FordeMCDtest.map
#        --log
#        libraries,initialization,modules,redirects,sections,veneers,unused_fragments
#        --log_file
#        C:\Tools\Jenkins\workspace\FordeMCD\01_Software\Flash_Debug\List\FordeMCDtest.log
#        --config
#        C:\Tools\Jenkins\workspace\FordeMCD\01_Software\config\TMS570LS3137_flash.icf
#        --semihosting
#        "C:\Tools\Jenkins\workspace\FordeMCD\01_Software\01_Code\deMCD\Core\LIB\F021
#        Flash API\02.01.01\F021_API_CortexR4_BE.lib" --entry
#        __iar_program_start --BE32 --vfe
#
###############################################################################

*******************************************************************************
*** RUNTIME MODEL ATTRIBUTES
***

CppFlavor       = *
__SystemLibrary = DLib


*******************************************************************************
*** PLACEMENT SUMMARY
***

"A1":  place at 0x00100000 { ro section .intvec };
"P1":  place in [from 0x00100040 to 0x002fffff] { ro };
"P2":  place in [from 0x08000000 to 0x0803ffff] {
          rw, block CSTACK, block SVC_STACK, block IRQ_STACK, block FIQ_STACK,
          block UND_STACK, block ABT_STACK, block HEAP };

  Section                 Kind        Address     Size  Object
  -------                 ----        -------     ----  ------
"A1":                                             0x3c
  .intvec                 ro code  0x00100000     0x3c  tms570ls3137_cstartup.o [1]
                                 - 0x0010003c     0x3c

"P1":                                          0x1345c
  .text                   ro code  0x00100040   0x2784  uc_can.o [1]
  Veneer                  ro code  0x001027c4      0x8  - Linker created -
  .text                   ro code  0x001027cc    0x160  uc_system.o [1]
  .text                   ro code  0x0010292c    0x1c0  low_level_init.o [1]
  .text                   ro code  0x00102aec   0x1e98  ecu_com.o [1]
  .text                   ro code  0x00104984     0x3e  lib_data.o [1]
  .rodata                 const    0x001049c2      0x2  ecu_anlg_cfg.o [1]
  .text                   ro code  0x001049c4   0x1dac  app_diag.o [1]
  .text                   ro code  0x00106770    0x458  ecu_diag.o [1]
  .text                   ro code  0x00106bc8    0x6c6  app_diag_gf.o [1]
  .rodata                 const    0x0010728e      0x1  app_Main10msMgr_capi.o [1]
  .text                   ro code  0x00107290     0xd4  ecu_system.o [1]
  .text                   ro code  0x00107364    0xe60  ecu_io.o [1]
  .text                   ro code  0x001081c4    0x260  ecu_anlg.o [1]
  .text                   ro code  0x00108424    0x820  rte.o [1]
  .text                   ro code  0x00108c44     0x14  lib_delay.o [1]
  .text                   ro code  0x00108c58    0x438  ecu_mem.o [1]
  .text                   ro code  0x00109090    0x474  app_FaultMgr.o [1]
  .text                   ro code  0x00109504    0x264  uc_timer.o [1]
  .text                   ro code  0x00109768    0xc94  uc_uart.o [1]
  .text                   ro code  0x0010a3fc    0x520  uc_dio.o [1]
  .text                   ro code  0x0010a91c    0x248  os.o [1]
  .text                   ro code  0x0010ab64     0x5c  ecu_wdg.o [1]
  .text                   ro code  0x0010abc0   0x1aac  uc_spi.o [1]
  .text                   ro code  0x0010c66c    0xd1c  uc_pwm.o [1]
  .text                   ro code  0x0010d388    0x6c4  uc_adc.o [1]
  .text                   ro code  0x0010da4c    0x1ee  app_Main1msMgr.o [1]
  .text                   ro code  0x0010dc3c    0x2c2  app_Main10msMgr.o [1]
  .text                   ro code  0x0010df00     0x3e  app_Main50msMgr.o [1]
  .text                   ro code  0x0010df40     0x3e  app_Main100msMgr.o [1]
  .text                   ro code  0x0010df80    0x258  uc_eeprom.o [1]
  .text                   ro code  0x0010e1d8      0x8  ABImemclr4.o [6]
  .text                   ro code  0x0010e1e0     0xd4  ABImemcpy.o [6]
  .text                   ro code  0x0010e2b4     0x4a  round.o [5]
  .text                   ro code  0x0010e300     0x74  ABImemset.o [6]
  .text                   ro code  0x0010e374     0x54  app_Main1msMgr_capi.o [1]
  .text                   ro code  0x0010e3c8     0x54  app_Main10msMgr_capi.o [1]
  .text                   ro code  0x0010e41c     0x54  app_Main50msMgr_capi.o [1]
  .text                   ro code  0x0010e470     0x54  app_Main100msMgr_capi.o [1]
  .text:Fapi_initializeFlashBanks
                          ro code  0x0010e4c4    0x260  FlashStateMachine.InitializeFlashBanks.obj [3]
  .text:Fapi_setActiveFlashBank
                          ro code  0x0010e724    0x17c  FlashStateMachine.SetActiveBank.obj [3]
  .text:Fapi_enableEepromBankSectors
                          ro code  0x0010e8a0     0x80  FlashStateMachine.EnableEepromSectors.obj [3]
  .text:Fapi_issueAsyncCommand
                          ro code  0x0010e920     0x2a  Async.obj [3]
  .text:Fapi_issueProgrammingCommand
                          ro code  0x0010e94c    0x178  Program.obj [3]
  .text:Fapi_doMarginRead
                          ro code  0x0010eac4     0x6e  Read.Margin.obj [3]
  .text:Fapi_issueAsyncCommandWithAddress
                          ro code  0x0010eb34     0x30  Async.WithAddress.obj [3]
  .text                   ro code  0x0010eb64     0x38  ABImemset48.o [6]
  .text                   ro code  0x0010eb9c     0x7a  xdint.o [5]
  .text:Fapi_calculateFletcherChecksum
                          ro code  0x0010ec16     0x36  Utilities.CalculateFletcher.obj [3]
  .text:_Fapi_divideUnsignedLong
                          ro code  0x0010ec4c     0x1c  FlashStateMachine.InitializeFlashBanks.obj [3]
  .text:_scaleMainFclk    ro code  0x0010ec68     0x10  FlashStateMachine.ScaleFclk.obj [3]
  .text:_scaleEEFclk      ro code  0x0010ec78     0x10  FlashStateMachine.ScaleFclk.obj [3]
  .text:Fapi_getNumberOfBankSectors
                          ro code  0x0010ec88     0x10  Utilities.GetNumberOfSectors.obj [3]
  .text:_Fapi_EnableSectors
                          ro code  0x0010ec98     0x44  FlashStateMachine.EnableEepromSectors.obj [3]
  .text:_Fapi_issueFsmCommand
                          ro code  0x0010ecdc     0x3c  FlashStateMachine.IssueFsmCommand.obj [3]
  .text:Fapi_calculateEcc
                          ro code  0x0010ed18     0x14  Utilities.CalculateEcc.obj [3]
  .text:_Fapi_enterMarginMode
                          ro code  0x0010ed2c     0x68  Read.Common.obj [3]
  .text:Fapi_isAddressEcc
                          ro code  0x0010ed94     0x50  FlashStateMachine.Hercules.IsEccAddress.obj [3]
  .text:_Fapi_checkWdService
                          ro code  0x0010ede4      0xc  Read.WdService.obj [3]
  .text:_Fapi_exitMarginMode
                          ro code  0x0010edf0     0x2c  Read.Common.obj [3]
  .text:Fapi_flushPipeline
                          ro code  0x0010ee1c     0x22  Read.FlushPipeline.obj [3]
  .text                   ro code  0x0010ee3e      0x4  Fapi_UserDefinedFunctions.o [1]
  .text:Fapi_waitDelay    ro code  0x0010ee42     0x30  Utilities.WaitDelay.obj [3]
  .text                   ro code  0x0010ee74    0xb14  ecu_serial.o [1]
  .text                   ro code  0x0010f988    0x1e4  ecu_txcp.o [1]
  .text                   ro code  0x0010fb6c    0x1cc  tms570ls3137_cstartup.o [1]
  .rodata                 const    0x0010fd38    0x1b8  app_Main10msMgr_capi.o [1]
  .rodata                 const    0x0010fef0    0x1a4  app_Main1msMgr_capi.o [1]
  .text                   ro code  0x00110094     0xda  main.o [1]
  .text                   ro code  0x0011016e     0x30  uc.o [1]
  .text                   ro code  0x0011019e     0x3c  ecu.o [1]
  .text                   ro code  0x001101da      0xa  app.o [1]
  .text                   ro code  0x001101e4     0xa4  os_tasks.o [1]
  .text                   ro code  0x00110288     0x24  rte_tasks.o [1]
  .rodata                 const    0x001102ac     0xa0  app_Main10msMgr_capi.o [1]
  .text                   ro code  0x0011034c     0x78  lz77_init_single.o [6]
  .rodata                 const    0x001103c4     0x70  app_Main10msMgr_capi.o [1]
  .rodata                 const    0x00110434     0x70  app_Main10msMgr_capi.o [1]
  .rodata                 const    0x001104a4     0x70  app_Main10msMgr_capi.o [1]
  .rodata                 const    0x00110514     0x6c  app_Main10msMgr_capi.o [1]
  .rodata                 const    0x00110580     0x60  app_Main10msMgr_capi.o [1]
  .rodata                 const    0x001105e0     0x60  app_Main10msMgr_capi.o [1]
  .rodata                 const    0x00110640     0x60  app_Main10msMgr_capi.o [1]
  .rodata                 const    0x001106a0     0x50  app_Main10msMgr_capi.o [1]
  .rodata                 const    0x001106f0     0x50  app_Main10msMgr_capi.o [1]
  .rodata                 const    0x00110740     0x50  app_Main10msMgr_capi.o [1]
  .rodata                 const    0x00110790     0x50  app_Main10msMgr_capi.o [1]
  .rodata                 const    0x001107e0     0x50  app_Main10msMgr_capi.o [1]
  .rodata                 const    0x00110830     0x50  app_Main10msMgr_capi.o [1]
  .rodata                 const    0x00110880     0x4c  app_Main10msMgr_capi.o [1]
  .rodata                 const    0x001108cc     0x4c  app_Main10msMgr_capi.o [1]
  .rodata                 const    0x00110918     0x48  app_Main10msMgr_capi.o [1]
  .rodata                 const    0x00110960     0x40  app_Main10msMgr_capi.o [1]
  .rodata                 const    0x001109a0     0x40  app_Main10msMgr_capi.o [1]
  .rodata                 const    0x001109e0     0x40  app_Main10msMgr_capi.o [1]
  .rodata                 const    0x00110a20     0x40  app_Main10msMgr_capi.o [1]
  .text                   ro code  0x00110a60     0x40  zero_init3.o [6]
  .rodata                 const    0x00110aa0     0x3c  app_Main10msMgr_capi.o [1]
  .rodata                 const    0x00110adc     0x3c  app_Main10msMgr_capi.o [1]
  .rodata                 const    0x00110b18     0x3c  app_Main10msMgr_capi.o [1]
  .rodata                 const    0x00110b54     0x38  app_Main10msMgr_capi.o [1]
  .rodata                 const    0x00110b8c     0x38  app_Main10msMgr_capi.o [1]
  .rodata                 const    0x00110bc4     0x38  app_Main10msMgr_capi.o [1]
  .rodata                 const    0x00110bfc     0x38  app_Main10msMgr_capi.o [1]
  .rodata                 const    0x00110c34     0x34  app_Main100msMgr_capi.o [1]
  .rodata                 const    0x00110c68     0x34  app_Main1msMgr_capi.o [1]
  .rodata                 const    0x00110c9c     0x34  app_Main1msMgr_capi.o [1]
  .rodata                 const    0x00110cd0     0x34  app_Main1msMgr_capi.o [1]
  .rodata                 const    0x00110d04     0x34  app_Main1msMgr_capi.o [1]
  .rodata                 const    0x00110d38     0x34  app_Main1msMgr_capi.o [1]
  .rodata                 const    0x00110d6c     0x34  app_Main1msMgr_capi.o [1]
  .rodata                 const    0x00110da0     0x34  app_Main1msMgr_capi.o [1]
  .rodata                 const    0x00110dd4     0x34  app_Main1msMgr_capi.o [1]
  .rodata                 const    0x00110e08     0x34  app_Main1msMgr_capi.o [1]
  .rodata                 const    0x00110e3c     0x34  app_Main1msMgr_capi.o [1]
  .rodata                 const    0x00110e70     0x34  app_Main1msMgr_capi.o [1]
  .rodata                 const    0x00110ea4     0x34  app_Main1msMgr_capi.o [1]
  .rodata                 const    0x00110ed8     0x34  app_Main1msMgr_capi.o [1]
  .rodata                 const    0x00110f0c     0x34  app_Main1msMgr_capi.o [1]
  .rodata                 const    0x00110f40     0x34  app_Main1msMgr_capi.o [1]
  .rodata                 const    0x00110f74     0x34  app_Main1msMgr_capi.o [1]
  .rodata                 const    0x00110fa8     0x30  app_Main10msMgr_capi.o [1]
  .rodata                 const    0x00110fd8     0x30  app_Main1msMgr_capi.o [1]
  .rodata                 const    0x00111008     0x30  app_Main1msMgr_capi.o [1]
  .rodata                 const    0x00111038     0x30  app_Main50msMgr_capi.o [1]
  .text                   ro code  0x00111068     0x30  data_init.o [6]
  .rodata                 const    0x00111098     0x2c  app_Main10msMgr_capi.o [1]
  .rodata                 const    0x001110c4     0x2c  app_Main1msMgr_capi.o [1]
  .text                   ro code  0x001110f0     0x2c  cmain.o [6]
  Veneer                  ro code  0x0011111c      0x8  - Linker created -
  .text                   ro code  0x00111124      0x4  exit.o [4]
  .text                   ro code  0x00111128     0x14  exit.o [7]
  .text                   ro code  0x0011113c     0x10  cexit.o [6]
  .rodata                 const    0x0011114c     0x28  app_Main100msMgr_capi.o [1]
  .rodata                 const    0x00111174     0x28  app_Main100msMgr_capi.o [1]
  .rodata                 const    0x0011119c     0x28  app_Main10msMgr_capi.o [1]
  .rodata                 const    0x001111c4     0x28  app_Main1msMgr_capi.o [1]
  .rodata                 const    0x001111ec     0x28  app_Main1msMgr_capi.o [1]
  .rodata                 const    0x00111214     0x28  app_Main50msMgr_capi.o [1]
  .rodata                 const    0x0011123c     0x28  app_Main50msMgr_capi.o [1]
  .text                   ro code  0x00111264     0x28  fpinit.o [5]
  .iar.init_table         const    0x0011128c     0x20  - Linker created -
  .rodata                 const    0x001112ac     0x20  app_Main10msMgr_capi.o [1]
  .rodata                 const    0x001112cc     0x1c  app_Main100msMgr_capi.o [1]
  .rodata                 const    0x001112e8     0x1c  app_Main100msMgr_capi.o [1]
  .rodata                 const    0x00111304     0x1c  app_Main100msMgr_capi.o [1]
  .rodata                 const    0x00111320     0x1c  app_Main10msMgr_capi.o [1]
  .rodata                 const    0x0011133c     0x1c  app_Main10msMgr_capi.o [1]
  .rodata                 const    0x00111358     0x1c  app_Main1msMgr_capi.o [1]
  .rodata                 const    0x00111374     0x1c  app_Main1msMgr_capi.o [1]
  .rodata                 const    0x00111390     0x1c  app_Main1msMgr_capi.o [1]
  .rodata                 const    0x001113ac     0x1c  app_Main50msMgr_capi.o [1]
  .rodata                 const    0x001113c8     0x1c  app_Main50msMgr_capi.o [1]
  .rodata                 const    0x001113e4     0x1c  app_Main50msMgr_capi.o [1]
  .rodata                 const    0x00111400     0x14  app_Main100msMgr_capi.o [1]
  .rodata                 const    0x00111414     0x14  app_Main10msMgr_capi.o [1]
  .rodata                 const    0x00111428     0x14  app_Main1msMgr_capi.o [1]
  .rodata                 const    0x0011143c     0x14  app_Main50msMgr_capi.o [1]
  .rodata                 const    0x00111450     0x10  app_Main100msMgr_capi.o [1]
  .rodata                 const    0x00111460     0x10  app_Main100msMgr_capi.o [1]
  .rodata                 const    0x00111470     0x10  app_Main100msMgr_capi.o [1]
  .rodata                 const    0x00111480     0x10  app_Main100msMgr_capi.o [1]
  .rodata                 const    0x00111490     0x10  app_Main10msMgr_capi.o [1]
  .rodata                 const    0x001114a0     0x10  app_Main10msMgr_capi.o [1]
  .rodata                 const    0x001114b0     0x10  app_Main10msMgr_capi.o [1]
  .rodata                 const    0x001114c0     0x10  app_Main10msMgr_capi.o [1]
  .rodata                 const    0x001114d0     0x10  app_Main10msMgr_capi.o [1]
  .rodata                 const    0x001114e0     0x10  app_Main1msMgr_capi.o [1]
  .rodata                 const    0x001114f0     0x10  app_Main1msMgr_capi.o [1]
  .rodata                 const    0x00111500     0x10  app_Main1msMgr_capi.o [1]
  .rodata                 const    0x00111510     0x10  app_Main1msMgr_capi.o [1]
  .rodata                 const    0x00111520     0x10  app_Main50msMgr_capi.o [1]
  .rodata                 const    0x00111530     0x10  app_Main50msMgr_capi.o [1]
  .rodata                 const    0x00111540     0x10  app_Main50msMgr_capi.o [1]
  .rodata                 const    0x00111550     0x10  app_Main50msMgr_capi.o [1]
  .rodata                 const    0x00111560      0xc  app_Main100msMgr_capi.o [1]
  .rodata                 const    0x0011156c      0xc  app_Main100msMgr_capi.o [1]
  .rodata                 const    0x00111578      0xc  app_Main10msMgr_capi.o [1]
  .rodata                 const    0x00111584      0xc  app_Main10msMgr_capi.o [1]
  .rodata                 const    0x00111590      0xc  app_Main10msMgr_capi.o [1]
  .rodata                 const    0x0011159c      0xc  app_Main10msMgr_capi.o [1]
  .rodata                 const    0x001115a8      0xc  app_Main1msMgr_capi.o [1]
  .rodata                 const    0x001115b4      0xc  app_Main1msMgr_capi.o [1]
  .rodata                 const    0x001115c0      0xc  app_Main1msMgr_capi.o [1]
  .rodata                 const    0x001115cc      0xc  app_Main50msMgr_capi.o [1]
  .rodata                 const    0x001115d8      0xc  app_Main50msMgr_capi.o [1]
  .rodata                 const    0x001115e4      0xc  ecu_io.o [1]
  .rodata                 const    0x001115f0      0x8  app_diag.o [1]
  .rodata                 const    0x001115f8      0x8  app_diag.o [1]
  .rodata                 const    0x00111600      0x8  app_diag.o [1]
  .rodata                 const    0x00111608      0x8  app_diag.o [1]
  .rodata                 const    0x00111610      0x8  app_diag.o [1]
  .rodata                 const    0x00111618      0x8  app_diag.o [1]
  .rodata                 const    0x00111620      0x8  app_diag.o [1]
  .rodata                 const    0x00111628      0x8  app_diag.o [1]
  .rodata                 const    0x00111630      0x8  app_Main100msMgr_capi.o [1]
  .rodata                 const    0x00111638      0x8  app_Main100msMgr_capi.o [1]
  .rodata                 const    0x00111640      0x8  app_Main100msMgr_capi.o [1]
  .rodata                 const    0x00111648      0x8  app_Main100msMgr_capi.o [1]
  .rodata                 const    0x00111650      0x8  app_Main10msMgr_capi.o [1]
  .rodata                 const    0x00111658      0x8  app_Main10msMgr_capi.o [1]
  .rodata                 const    0x00111660      0x8  app_Main10msMgr_capi.o [1]
  .rodata                 const    0x00111668      0x8  app_Main10msMgr_capi.o [1]
  .rodata                 const    0x00111670      0x8  app_Main10msMgr_capi.o [1]
  .rodata                 const    0x00111678      0x8  app_Main10msMgr_capi.o [1]
  .rodata                 const    0x00111680      0x8  app_Main1msMgr_capi.o [1]
  .rodata                 const    0x00111688      0x8  app_Main1msMgr_capi.o [1]
  .rodata                 const    0x00111690      0x8  app_Main1msMgr_capi.o [1]
  .rodata                 const    0x00111698      0x8  app_Main1msMgr_capi.o [1]
  .rodata                 const    0x001116a0      0x8  app_Main50msMgr_capi.o [1]
  .rodata                 const    0x001116a8      0x8  app_Main50msMgr_capi.o [1]
  .rodata                 const    0x001116b0      0x8  app_Main50msMgr_capi.o [1]
  .rodata                 const    0x001116b8      0x8  app_Main50msMgr_capi.o [1]
  .rodata                 const    0x001116c0      0x4  app_diag.o [1]
  .rodata                 const    0x001116c4      0x4  app_Main100msMgr.o [1]
  .rodata                 const    0x001116c8      0x4  app_Main10msMgr.o [1]
  .rodata                 const    0x001116cc      0x4  app_Main1msMgr.o [1]
  .rodata                 const    0x001116d0      0x4  app_Main50msMgr.o [1]
  .rodata                 const    0x001116d4      0x4  uc_system.o [1]
  .text                   ro code  0x001116d8      0x4  xreturnswi.o [7]
  .rodata                 const    0x001116dc      0x0  zero_init3.o [6]
  .rodata                 const    0x001116dc      0x0  lz77_init_single.o [6]
  Initializer bytes       const    0x001116dc   0x1dc0  <for P2-1>
                                 - 0x0011349c  0x1345c

"P2", part 1 of 3:                              0x8055
  P2-1                             0x08000000   0x8055  <Init block>
    .data                 inited   0x08000000    0x168  app_Main10msMgr_data.o [1]
    .data                 inited   0x08000168      0x4  app_diag_gf.o [1]
    .data                 inited   0x0800016c      0x4  app_FaultMgr.o [1]
    .data                 inited   0x08000170     0xa8  app_FaultMgr_cfg.o [1]
    .data                 inited   0x08000218      0x4  app_Main100msMgr_capi.o [1]
    .data                 inited   0x0800021c     0x68  app_Main100msMgr_capi.o [1]
    .data                 inited   0x08000284     0x6c  app_Main10msMgr_capi.o [1]
    .data                 inited   0x080002f0     0x68  app_Main10msMgr_capi.o [1]
    .data                 inited   0x08000358     0x50  app_Main1msMgr_capi.o [1]
    .data                 inited   0x080003a8     0x68  app_Main1msMgr_capi.o [1]
    .data                 inited   0x08000410      0x4  app_Main50msMgr_capi.o [1]
    .data                 inited   0x08000414     0x68  app_Main50msMgr_capi.o [1]
    .data                 inited   0x0800047c     0xe0  ecu_anlg_cfg.o [1]
    .data                 inited   0x0800055c     0x6c  ecu_com_cfg.o [1]
    .data                 inited   0x080005c8     0xdc  ecu_com_cfg_gen.o [1]
    .data                 inited   0x080006a4     0xb4  ecu_com_cfg_gen.o [1]
    .data                 inited   0x08000758    0xc58  ecu_com_cfg_gen.o [1]
    .data                 inited   0x080013b0    0xa00  ecu_com_cfg_gen.o [1]
    .data                 inited   0x08001db0     0xc8  ecu_com_cfg_gen.o [1]
    .data                 inited   0x08001e78     0xa0  ecu_com_cfg_gen.o [1]
    .data                 inited   0x08001f18    0xcd0  ecu_com_cfg_gen.o [1]
    .data                 inited   0x08002be8    0x640  ecu_com_cfg_gen.o [1]
    .data                 inited   0x08003228     0x64  ecu_com_cfg_gen.o [1]
    .data                 inited   0x0800328c     0x28  ecu_com_cfg_gen.o [1]
    .data                 inited   0x080032b4    0x640  ecu_com_cfg_gen.o [1]
    .data                 inited   0x080038f4    0x190  ecu_com_cfg_gen.o [1]
    .data                 inited   0x08003a84     0x30  ecu_io.o [1]
    .data                 inited   0x08003ab4     0x20  ecu_io_cfg.o [1]
    .data                 inited   0x08003ad4     0x20  ecu_io_cfg.o [1]
    .data                 inited   0x08003af4    0x17c  ecu_io_cfg.o [1]
    .data                 inited   0x08003c70    0x12c  ecu_io_cfg.o [1]
    .data                 inited   0x08003d9c    0x1f8  ecu_mem_cfg.o [1]
    .data                 inited   0x08003f94      0x8  ecu_mem_cfg.o [1]
    .data                 inited   0x08003f9c   0x18c0  ecu_serial_cfg.o [1]
    .data                 inited   0x0800585c     0x10  ecu_serial_cfg.o [1]
    .data                 inited   0x0800586c     0x60  os_cfg.o [1]
    .data                 inited   0x080058cc    0x380  rte.o [1]
    .data                 inited   0x08005c4c    0x5d8  uc_adc.o [1]
    .data                 inited   0x08006224     0x34  uc_adc_cfg.o [1]
    .data                 inited   0x08006258     0x14  uc_adc_cfg.o [1]
    .data                 inited   0x0800626c    0x540  uc_can.o [1]
    .data                 inited   0x080067ac    0x1e0  uc_can_cfg.o [1]
    .data                 inited   0x0800698c    0x230  uc_can_cfg.o [1]
    .data                 inited   0x08006bbc    0x168  uc_can_cfg.o [1]
    .data                 inited   0x08006d24    0x1b8  uc_can_cfg.o [1]
    .data                 inited   0x08006edc     0x78  uc_can_cfg.o [1]
    .data                 inited   0x08006f54     0xf0  uc_can_cfg.o [1]
    .data                 inited   0x08007044     0x6c  uc_can_cfg.o [1]
    .data                 inited   0x080070b0    0x200  uc_dio.o [1]
    .data                 inited   0x080072b0    0x270  uc_dio_cfg.o [1]
    .data                 inited   0x08007520     0x48  uc_dio_cfg.o [1]
    .data                 inited   0x08007568    0x160  uc_pwm.o [1]
    .data                 inited   0x080076c8     0x70  uc_pwm_cfg.o [1]
    .data                 inited   0x08007738     0xc0  uc_pwm_cfg.o [1]
    .data                 inited   0x080077f8    0x4c0  uc_spi.o [1]
    .data                 inited   0x08007cb8     0x6c  uc_spi_cfg.o [1]
    .data                 inited   0x08007d24     0x78  uc_spi_cfg.o [1]
    .data                 inited   0x08007d9c     0xa0  uc_timer_cfg.o [1]
    .data                 inited   0x08007e3c     0x88  uc_uart _cfg.o [1]
    .data                 inited   0x08007ec4    0x180  uc_uart.o [1]
    .data                 inited   0x08008044      0x8  FlashStateMachine.ScaleFclk.obj [3]
    .textrw               inited   0x0800804c      0x6  uc_system.o [1]
    .data                 inited   0x08008052      0x1  ecu_io.o [1]
    .data                 inited   0x08008053      0x1  ecu_wdg.o [1]
    .data                 inited   0x08008054      0x1  FlashStateMachine.SetActiveBank.obj [3]
                                 - 0x08008055   0x8055

"P2", part 2 of 3:                              0x4a00
  CSTACK                           0x08008058   0x4000  <Block>
    CSTACK                uninit   0x08008058   0x4000  <Block tail>
  SVC_STACK                        0x0800c058    0x200  <Block>
    SVC_STACK             uninit   0x0800c058    0x200  <Block tail>
  IRQ_STACK                        0x0800c258    0x200  <Block>
    IRQ_STACK             uninit   0x0800c258    0x200  <Block tail>
  FIQ_STACK                        0x0800c458    0x200  <Block>
    FIQ_STACK             uninit   0x0800c458    0x200  <Block tail>
  UND_STACK                        0x0800c658    0x200  <Block>
    UND_STACK             uninit   0x0800c658    0x200  <Block tail>
  ABT_STACK                        0x0800c858    0x200  <Block>
    ABT_STACK             uninit   0x0800c858    0x200  <Block tail>
                                 - 0x0800ca58   0x4a00

"P2", part 3 of 3:                               0x2c0
  .bss                    zero     0x0800ca58     0xa0  app_Main1msMgr_data.o [1]
  .bss                    zero     0x0800caf8     0x40  uc_dio.o [1]
  .bss                    zero     0x0800cb38     0x30  app_Main100msMgr.o [1]
  .bss                    zero     0x0800cb68     0x30  app_Main1msMgr.o [1]
  .bss                    zero     0x0800cb98     0x30  app_Main50msMgr.o [1]
  .bss                    zero     0x0800cbc8     0x30  uc_adc.o [1]
  .bss                    zero     0x0800cbf8     0x2c  app_Main10msMgr.o [1]
  .bss                    zero     0x0800cc24      0x4  app_diag.o [1]
  .bss                    zero     0x0800cc28     0x18  app_Main10msMgr.o [1]
  .bss                    zero     0x0800cc40     0x10  ecu_diag.o [1]
  .bss                    zero     0x0800cc50      0x8  app_diag.o [1]
  .bss                    zero     0x0800cc58      0x8  app_diag_gf.o [1]
  .bss                    zero     0x0800cc60      0x8  app_diag_gf.o [1]
  .bss                    zero     0x0800cc68      0x8  app_diag_gf.o [1]
  .bss                    zero     0x0800cc70      0x8  app_diag_gf.o [1]
  .bss                    zero     0x0800cc78      0x8  app_diag_gf.o [1]
  .bss                    zero     0x0800cc80      0x8  app_Main100msMgr_data.o [1]
  .bss                    zero     0x0800cc88      0x8  app_Main50msMgr_data.o [1]
  .bss                    zero     0x0800cc90      0x4  app_diag_gf.o [1]
  .bss                    zero     0x0800cc94      0x4  app_Main100msMgr_capi.o [1]
  .bss                    zero     0x0800cc98      0x4  app_Main10msMgr.o [1]
  .bss                    zero     0x0800cc9c      0x4  app_Main10msMgr_capi.o [1]
  .bss                    zero     0x0800cca0      0x4  app_Main1msMgr_capi.o [1]
  .bss                    zero     0x0800cca4      0x4  app_Main50msMgr_capi.o [1]
  .bss                    zero     0x0800cca8      0x4  ecu_diag.o [1]
  .bss                    zero     0x0800ccac      0x4  ecu_diag.o [1]
  .bss                    zero     0x0800ccb0      0x4  ecu_io.o [1]
  .bss                    zero     0x0800ccb4      0x4  ecu_io.o [1]
  .bss                    zero     0x0800ccb8      0x4  os.o [1]
  .bss                    zero     0x0800ccbc      0x4  os.o [1]
  .bss                    zero     0x0800ccc0      0x4  os.o [1]
  .bss                    zero     0x0800ccc4      0x4  uc_pwm.o [1]
  .bss                    zero     0x0800ccc8      0x4  uc_pwm.o [1]
  .bss                    zero     0x0800cccc      0x4  uc_system.o [1]
  .bss                    zero     0x0800ccd0      0x4  uc_system.o [1]
  .bss                    zero     0x0800ccd4      0x4  uc_timer.o [1]
  .bss                    zero     0x0800ccd8      0x2  app_diag.o [1]
  .bss                    zero     0x0800ccda      0x2  app_diag.o [1]
  .bss                    zero     0x0800ccdc      0x2  app_diag.o [1]
  .bss                    zero     0x0800ccde      0x2  app_diag.o [1]
  .bss                    zero     0x0800cce0      0x2  app_diag.o [1]
  .bss                    zero     0x0800cce2      0x2  app_diag.o [1]
  .bss                    zero     0x0800cce4      0x2  app_diag.o [1]
  .bss                    zero     0x0800cce6      0x1  app_diag.o [1]
  .bss                    zero     0x0800cce7      0x1  app_diag.o [1]
  .bss                    zero     0x0800cce8      0x1  app_diag.o [1]
  .bss                    zero     0x0800cce9      0x1  app_diag.o [1]
  .bss                    zero     0x0800ccea      0x1  app_diag.o [1]
  .bss                    zero     0x0800cceb      0x1  app_diag.o [1]
  .bss                    zero     0x0800ccec      0x1  app_diag.o [1]
  .bss                    zero     0x0800cced      0x1  app_diag.o [1]
  .bss                    zero     0x0800ccee      0x1  app_diag_gf.o [1]
  .bss                    zero     0x0800ccef      0x1  app_diag_gf.o [1]
  .bss                    zero     0x0800ccf0      0x1  app_diag_gf.o [1]
  .bss                    zero     0x0800ccf1      0x1  app_diag_gf.o [1]
  .bss                    zero     0x0800ccf2      0x1  app_diag_gf.o [1]
  .bss                    zero     0x0800ccf3      0x1  app_diag_gf.o [1]
  .bss                    zero     0x0800ccf4      0x1  app_diag_gf.o [1]
  .bss                    zero     0x0800ccf5      0x1  app_diag_gf.o [1]
  .bss                    zero     0x0800ccf6      0x1  app_diag_gf.o [1]
  .bss                    zero     0x0800ccf7      0x1  app_diag_gf.o [1]
  .bss                    zero     0x0800ccf8      0x1  app_diag_gf.o [1]
  .bss                    zero     0x0800ccf9      0x1  app_diag_gf.o [1]
  .bss                    zero     0x0800ccfa      0x1  app_diag_gf.o [1]
  .bss                    zero     0x0800ccfb      0x1  app_diag_gf.o [1]
  .bss                    zero     0x0800ccfc      0x1  app_FaultMgr.o [1]
  .bss                    zero     0x0800ccfd      0x1  ecu_com.o [1]
  .bss                    zero     0x0800ccfe      0x1  ecu_com.o [1]
  .bss                    zero     0x0800ccff      0x1  ecu_diag.o [1]
  .bss                    zero     0x0800cd00      0x1  ecu_diag.o [1]
  .bss                    zero     0x0800cd01      0x1  ecu_diag.o [1]
  .bss                    zero     0x0800cd02      0x1  ecu_io.o [1]
  .bss                    zero     0x0800cd03      0x1  ecu_io.o [1]
  .bss                    zero     0x0800cd04      0x1  ecu_io.o [1]
  .bss                    zero     0x0800cd05      0x1  ecu_io.o [1]
  .bss                    zero     0x0800cd06      0x1  ecu_io.o [1]
  .bss                    zero     0x0800cd07      0x1  ecu_io.o [1]
  .bss                    zero     0x0800cd08      0x1  ecu_io.o [1]
  .bss                    zero     0x0800cd09      0x1  ecu_io.o [1]
  .bss                    zero     0x0800cd0a      0x1  ecu_mem.o [1]
  .bss                    zero     0x0800cd0b      0x1  ecu_system.o [1]
  .bss                    zero     0x0800cd0c      0x1  ecu_system.o [1]
  .bss                    zero     0x0800cd0d      0x1  ecu_txcp.o [1]
  .bss                    zero     0x0800cd0e      0x1  ecu_txcp.o [1]
  .bss                    zero     0x0800cd0f      0x1  ecu_txcp.o [1]
  .bss                    zero     0x0800cd10      0x1  ecu_wdg.o [1]
  .bss                    zero     0x0800cd11      0x1  os.o [1]
  .bss                    zero     0x0800cd12      0x1  os.o [1]
  .bss                    zero     0x0800cd13      0x1  uc_pwm.o [1]
  .bss                    zero     0x0800cd14      0x1  uc_uart.o [1]
                                 - 0x0800cd15    0x2bd

Absolute sections, part 1 of 90:                   0x4
  .noinit                 uninit   0xff0c0000      0x4  uc_spi.o [1]
                                 - 0xff0c0004      0x4

Absolute sections, part 2 of 90:                   0x4
  .noinit                 uninit   0xff0c0200      0x4  uc_spi.o [1]
                                 - 0xff0c0204      0x4

Absolute sections, part 3 of 90:                   0x4
  .noinit                 uninit   0xff0e0000      0x4  uc_spi.o [1]
                                 - 0xff0e0004      0x4

Absolute sections, part 4 of 90:                   0x4
  .noinit                 uninit   0xff0e0200      0x4  uc_spi.o [1]
                                 - 0xff0e0204      0x4

Absolute sections, part 5 of 90:                   0x4
  .noinit                 uninit   0xff1a0000      0x4  uc_can.o [1]
                                 - 0xff1a0004      0x4

Absolute sections, part 6 of 90:                   0x4
  .noinit                 uninit   0xff1c0000      0x4  uc_can.o [1]
                                 - 0xff1c0004      0x4

Absolute sections, part 7 of 90:                   0x4
  .noinit                 uninit   0xff1e0000      0x4  uc_can.o [1]
                                 - 0xff1e0004      0x4

Absolute sections, part 8 of 90:                   0x4
  .noinit                 uninit   0xff3a0000      0x4  uc_adc.o [1]
                                 - 0xff3a0004      0x4

Absolute sections, part 9 of 90:                   0x4
  .noinit                 uninit   0xff3e0000      0x4  uc_adc.o [1]
                                 - 0xff3e0004      0x4

Absolute sections, part 10 of 90:                  0x8
  .noinit                 uninit   0xfff7b800      0x4  uc_pwm.o [1]
  .noinit                 uninit   0xfff7b804      0x4  uc_pwm.o [1]
                                 - 0xfff7b808      0x8

Absolute sections, part 11 of 90:                 0x20
  .noinit                 uninit   0xfff7b84c      0x4  uc_pwm.o [1]
  .noinit                 uninit   0xfff7b850      0x4  uc_pwm.o [1]
  .noinit                 uninit   0xfff7b854      0x4  uc_dio.o [1]
  .noinit                 uninit   0xfff7b858      0x4  uc_dio.o [1]
  .noinit                 uninit   0xfff7b85c      0x4  uc_dio.o [1]
  .noinit                 uninit   0xfff7b860      0x4  uc_dio.o [1]
  .noinit                 uninit   0xfff7b864      0x4  uc_pwm.o [1]
  .noinit                 uninit   0xfff7b868      0x4  uc_pwm.o [1]
                                 - 0xfff7b86c     0x20

Absolute sections, part 12 of 90:                 0x20
  .noinit                 uninit   0xfff7b94c      0x4  uc_dio.o [1]
  .noinit                 uninit   0xfff7b950      0x4  uc_dio.o [1]
  .noinit                 uninit   0xfff7b954      0x4  uc_dio.o [1]
  .noinit                 uninit   0xfff7b958      0x4  uc_dio.o [1]
  .noinit                 uninit   0xfff7b95c      0x4  uc_dio.o [1]
  .noinit                 uninit   0xfff7b960      0x4  uc_dio.o [1]
  .noinit                 uninit   0xfff7b964      0x4  uc_dio.o [1]
  .noinit                 uninit   0xfff7b968      0x4  uc_dio.o [1]
                                 - 0xfff7b96c     0x20

Absolute sections, part 13 of 90:                  0x4
  .noinit                 uninit   0xfff7bc00      0x4  uc_dio.o [1]
                                 - 0xfff7bc04      0x4

Absolute sections, part 14 of 90:                  0xc
  .noinit                 uninit   0xfff7bc08      0x4  uc_dio.o [1]
  .noinit                 uninit   0xfff7bc0c      0x4  uc_dio.o [1]
  .noinit                 uninit   0xfff7bc10      0x4  uc_dio.o [1]
                                 - 0xfff7bc14      0xc

Absolute sections, part 15 of 90:                  0x8
  .noinit                 uninit   0xfff7bc18      0x4  uc_dio.o [1]
  .noinit                 uninit   0xfff7bc1c      0x4  uc_dio.o [1]
                                 - 0xfff7bc20      0x8

Absolute sections, part 16 of 90:                  0x8
  .noinit                 uninit   0xfff7bc24      0x4  uc_dio.o [1]
  .noinit                 uninit   0xfff7bc28      0x4  uc_dio.o [1]
                                 - 0xfff7bc2c      0x8

Absolute sections, part 17 of 90:                 0x40
  .noinit                 uninit   0xfff7bc34      0x4  uc_dio.o [1]
  .noinit                 uninit   0xfff7bc38      0x4  uc_dio.o [1]
  .noinit                 uninit   0xfff7bc3c      0x4  uc_dio.o [1]
  .noinit                 uninit   0xfff7bc40      0x4  uc_dio.o [1]
  .noinit                 uninit   0xfff7bc44      0x4  uc_dio.o [1]
  .noinit                 uninit   0xfff7bc48      0x4  uc_dio.o [1]
  .noinit                 uninit   0xfff7bc4c      0x4  uc_dio.o [1]
  .noinit                 uninit   0xfff7bc50      0x4  uc_dio.o [1]
  .noinit                 uninit   0xfff7bc54      0x4  uc_dio.o [1]
  .noinit                 uninit   0xfff7bc58      0x4  uc_dio.o [1]
  .noinit                 uninit   0xfff7bc5c      0x4  uc_dio.o [1]
  .noinit                 uninit   0xfff7bc60      0x4  uc_dio.o [1]
  .noinit                 uninit   0xfff7bc64      0x4  uc_dio.o [1]
  .noinit                 uninit   0xfff7bc68      0x4  uc_dio.o [1]
  .noinit                 uninit   0xfff7bc6c      0x4  uc_dio.o [1]
  .noinit                 uninit   0xfff7bc70      0x4  uc_dio.o [1]
                                 - 0xfff7bc74     0x40

Absolute sections, part 18 of 90:                0x140
  .noinit                 uninit   0xfff7c000      0x4  uc_adc.o [1]
  .noinit                 uninit   0xfff7c004      0x4  uc_adc.o [1]
  .noinit                 uninit   0xfff7c008      0x4  uc_adc.o [1]
  .noinit                 uninit   0xfff7c00c      0x4  uc_adc.o [1]
  .noinit                 uninit   0xfff7c010      0x4  uc_adc.o [1]
  .noinit                 uninit   0xfff7c014      0x4  uc_adc.o [1]
  .noinit                 uninit   0xfff7c018      0x4  uc_adc.o [1]
  .noinit                 uninit   0xfff7c01c      0x4  uc_adc.o [1]
  .noinit                 uninit   0xfff7c020      0x4  uc_adc.o [1]
  .noinit                 uninit   0xfff7c024      0x4  uc_adc.o [1]
  .noinit                 uninit   0xfff7c028      0x4  uc_adc.o [1]
  .noinit                 uninit   0xfff7c02c      0x4  uc_adc.o [1]
  .noinit                 uninit   0xfff7c030      0x4  uc_adc.o [1]
  .noinit                 uninit   0xfff7c034      0x4  uc_adc.o [1]
  .noinit                 uninit   0xfff7c038      0x4  uc_adc.o [1]
  .noinit                 uninit   0xfff7c03c      0x4  uc_adc.o [1]
  .noinit                 uninit   0xfff7c040      0x4  uc_adc.o [1]
  .noinit                 uninit   0xfff7c044      0x4  uc_adc.o [1]
  .noinit                 uninit   0xfff7c048      0x4  uc_adc.o [1]
  .noinit                 uninit   0xfff7c04c      0x4  uc_adc.o [1]
  .noinit                 uninit   0xfff7c050      0x4  uc_adc.o [1]
  .noinit                 uninit   0xfff7c054      0x4  uc_adc.o [1]
  .noinit                 uninit   0xfff7c058      0x4  uc_adc.o [1]
  .noinit                 uninit   0xfff7c05c      0x4  uc_adc.o [1]
  .noinit                 uninit   0xfff7c060      0x4  uc_adc.o [1]
  .noinit                 uninit   0xfff7c064      0x4  uc_adc.o [1]
  .noinit                 uninit   0xfff7c068      0x4  uc_adc.o [1]
  .noinit                 uninit   0xfff7c06c      0x4  uc_adc.o [1]
  .noinit                 uninit   0xfff7c070      0x4  uc_adc.o [1]
  .noinit                 uninit   0xfff7c074      0x4  uc_adc.o [1]
  .noinit                 uninit   0xfff7c078      0x4  uc_adc.o [1]
  .noinit                 uninit   0xfff7c07c      0x4  uc_adc.o [1]
  .noinit                 uninit   0xfff7c080      0x4  uc_adc.o [1]
  .noinit                 uninit   0xfff7c084      0x4  uc_adc.o [1]
  .noinit                 uninit   0xfff7c088      0x4  uc_adc.o [1]
  .noinit                 uninit   0xfff7c08c      0x4  uc_adc.o [1]
  .noinit                 uninit   0xfff7c090      0x4  uc_adc.o [1]
  .noinit                 uninit   0xfff7c094      0x4  uc_adc.o [1]
  .noinit                 uninit   0xfff7c098      0x4  uc_adc.o [1]
  .noinit                 uninit   0xfff7c09c      0x4  uc_adc.o [1]
  .noinit                 uninit   0xfff7c0a0      0x4  uc_adc.o [1]
  .noinit                 uninit   0xfff7c0a4      0x4  uc_adc.o [1]
  .noinit                 uninit   0xfff7c0a8      0x4  uc_adc.o [1]
  .noinit                 uninit   0xfff7c0ac      0x4  uc_adc.o [1]
  .noinit                 uninit   0xfff7c0b0      0x4  uc_adc.o [1]
  .noinit                 uninit   0xfff7c0b4      0x4  uc_adc.o [1]
  .noinit                 uninit   0xfff7c0b8      0x4  uc_adc.o [1]
  .noinit                 uninit   0xfff7c0bc      0x4  uc_adc.o [1]
  .noinit                 uninit   0xfff7c0c0      0x4  uc_adc.o [1]
  .noinit                 uninit   0xfff7c0c4      0x4  uc_adc.o [1]
  .noinit                 uninit   0xfff7c0c8      0x4  uc_adc.o [1]
  .noinit                 uninit   0xfff7c0cc      0x4  uc_adc.o [1]
  .noinit                 uninit   0xfff7c0d0      0x4  uc_adc.o [1]
  .noinit                 uninit   0xfff7c0d4      0x4  uc_adc.o [1]
  .noinit                 uninit   0xfff7c0d8      0x4  uc_adc.o [1]
  .noinit                 uninit   0xfff7c0dc      0x4  uc_adc.o [1]
  .noinit                 uninit   0xfff7c0e0      0x4  uc_adc.o [1]
  .noinit                 uninit   0xfff7c0e4      0x4  uc_adc.o [1]
  .noinit                 uninit   0xfff7c0e8      0x4  uc_adc.o [1]
  .noinit                 uninit   0xfff7c0ec      0x4  uc_adc.o [1]
  .noinit                 uninit   0xfff7c0f0      0x4  uc_adc.o [1]
  .noinit                 uninit   0xfff7c0f4      0x4  uc_adc.o [1]
  .noinit                 uninit   0xfff7c0f8      0x4  uc_adc.o [1]
  .noinit                 uninit   0xfff7c0fc      0x4  uc_dio.o [1]
  .noinit                 uninit   0xfff7c100      0x4  uc_dio.o [1]
  .noinit                 uninit   0xfff7c104      0x4  uc_dio.o [1]
  .noinit                 uninit   0xfff7c108      0x4  uc_dio.o [1]
  .noinit                 uninit   0xfff7c10c      0x4  uc_dio.o [1]
  .noinit                 uninit   0xfff7c110      0x4  uc_dio.o [1]
  .noinit                 uninit   0xfff7c114      0x4  uc_dio.o [1]
  .noinit                 uninit   0xfff7c118      0x4  uc_dio.o [1]
  .noinit                 uninit   0xfff7c11c      0x4  uc_adc.o [1]
  .noinit                 uninit   0xfff7c120      0x4  uc_adc.o [1]
  .noinit                 uninit   0xfff7c124      0x4  uc_adc.o [1]
  .noinit                 uninit   0xfff7c128      0x4  uc_adc.o [1]
  .noinit                 uninit   0xfff7c12c      0x4  uc_adc.o [1]
  .noinit                 uninit   0xfff7c130      0x4  uc_adc.o [1]
  .noinit                 uninit   0xfff7c134      0x4  uc_adc.o [1]
  .noinit                 uninit   0xfff7c138      0x4  uc_adc.o [1]
  .noinit                 uninit   0xfff7c13c      0x4  uc_adc.o [1]
                                 - 0xfff7c140    0x140

Absolute sections, part 19 of 90:                 0x34
  .noinit                 uninit   0xfff7c158      0x4  uc_adc.o [1]
  .noinit                 uninit   0xfff7c15c      0x4  uc_adc.o [1]
  .noinit                 uninit   0xfff7c160      0x4  uc_adc.o [1]
  .noinit                 uninit   0xfff7c164      0x4  uc_adc.o [1]
  .noinit                 uninit   0xfff7c168      0x4  uc_adc.o [1]
  .noinit                 uninit   0xfff7c16c      0x4  uc_adc.o [1]
  .noinit                 uninit   0xfff7c170      0x4  uc_adc.o [1]
  .noinit                 uninit   0xfff7c174      0x4  uc_adc.o [1]
  .noinit                 uninit   0xfff7c178      0x4  uc_adc.o [1]
  .noinit                 uninit   0xfff7c17c      0x4  uc_adc.o [1]
  .noinit                 uninit   0xfff7c180      0x4  uc_adc.o [1]
  .noinit                 uninit   0xfff7c184      0x4  uc_adc.o [1]
  .noinit                 uninit   0xfff7c188      0x4  uc_adc.o [1]
                                 - 0xfff7c18c     0x34

Absolute sections, part 20 of 90:                0x140
  .noinit                 uninit   0xfff7c200      0x4  uc_adc.o [1]
  .noinit                 uninit   0xfff7c204      0x4  uc_adc.o [1]
  .noinit                 uninit   0xfff7c208      0x4  uc_adc.o [1]
  .noinit                 uninit   0xfff7c20c      0x4  uc_adc.o [1]
  .noinit                 uninit   0xfff7c210      0x4  uc_adc.o [1]
  .noinit                 uninit   0xfff7c214      0x4  uc_adc.o [1]
  .noinit                 uninit   0xfff7c218      0x4  uc_adc.o [1]
  .noinit                 uninit   0xfff7c21c      0x4  uc_adc.o [1]
  .noinit                 uninit   0xfff7c220      0x4  uc_adc.o [1]
  .noinit                 uninit   0xfff7c224      0x4  uc_adc.o [1]
  .noinit                 uninit   0xfff7c228      0x4  uc_adc.o [1]
  .noinit                 uninit   0xfff7c22c      0x4  uc_adc.o [1]
  .noinit                 uninit   0xfff7c230      0x4  uc_adc.o [1]
  .noinit                 uninit   0xfff7c234      0x4  uc_adc.o [1]
  .noinit                 uninit   0xfff7c238      0x4  uc_adc.o [1]
  .noinit                 uninit   0xfff7c23c      0x4  uc_adc.o [1]
  .noinit                 uninit   0xfff7c240      0x4  uc_adc.o [1]
  .noinit                 uninit   0xfff7c244      0x4  uc_adc.o [1]
  .noinit                 uninit   0xfff7c248      0x4  uc_adc.o [1]
  .noinit                 uninit   0xfff7c24c      0x4  uc_adc.o [1]
  .noinit                 uninit   0xfff7c250      0x4  uc_adc.o [1]
  .noinit                 uninit   0xfff7c254      0x4  uc_adc.o [1]
  .noinit                 uninit   0xfff7c258      0x4  uc_adc.o [1]
  .noinit                 uninit   0xfff7c25c      0x4  uc_adc.o [1]
  .noinit                 uninit   0xfff7c260      0x4  uc_adc.o [1]
  .noinit                 uninit   0xfff7c264      0x4  uc_adc.o [1]
  .noinit                 uninit   0xfff7c268      0x4  uc_adc.o [1]
  .noinit                 uninit   0xfff7c26c      0x4  uc_adc.o [1]
  .noinit                 uninit   0xfff7c270      0x4  uc_adc.o [1]
  .noinit                 uninit   0xfff7c274      0x4  uc_adc.o [1]
  .noinit                 uninit   0xfff7c278      0x4  uc_adc.o [1]
  .noinit                 uninit   0xfff7c27c      0x4  uc_adc.o [1]
  .noinit                 uninit   0xfff7c280      0x4  uc_adc.o [1]
  .noinit                 uninit   0xfff7c284      0x4  uc_adc.o [1]
  .noinit                 uninit   0xfff7c288      0x4  uc_adc.o [1]
  .noinit                 uninit   0xfff7c28c      0x4  uc_adc.o [1]
  .noinit                 uninit   0xfff7c290      0x4  uc_adc.o [1]
  .noinit                 uninit   0xfff7c294      0x4  uc_adc.o [1]
  .noinit                 uninit   0xfff7c298      0x4  uc_adc.o [1]
  .noinit                 uninit   0xfff7c29c      0x4  uc_adc.o [1]
  .noinit                 uninit   0xfff7c2a0      0x4  uc_adc.o [1]
  .noinit                 uninit   0xfff7c2a4      0x4  uc_adc.o [1]
  .noinit                 uninit   0xfff7c2a8      0x4  uc_adc.o [1]
  .noinit                 uninit   0xfff7c2ac      0x4  uc_adc.o [1]
  .noinit                 uninit   0xfff7c2b0      0x4  uc_adc.o [1]
  .noinit                 uninit   0xfff7c2b4      0x4  uc_adc.o [1]
  .noinit                 uninit   0xfff7c2b8      0x4  uc_adc.o [1]
  .noinit                 uninit   0xfff7c2bc      0x4  uc_adc.o [1]
  .noinit                 uninit   0xfff7c2c0      0x4  uc_adc.o [1]
  .noinit                 uninit   0xfff7c2c4      0x4  uc_adc.o [1]
  .noinit                 uninit   0xfff7c2c8      0x4  uc_adc.o [1]
  .noinit                 uninit   0xfff7c2cc      0x4  uc_adc.o [1]
  .noinit                 uninit   0xfff7c2d0      0x4  uc_adc.o [1]
  .noinit                 uninit   0xfff7c2d4      0x4  uc_adc.o [1]
  .noinit                 uninit   0xfff7c2d8      0x4  uc_adc.o [1]
  .noinit                 uninit   0xfff7c2dc      0x4  uc_adc.o [1]
  .noinit                 uninit   0xfff7c2e0      0x4  uc_adc.o [1]
  .noinit                 uninit   0xfff7c2e4      0x4  uc_adc.o [1]
  .noinit                 uninit   0xfff7c2e8      0x4  uc_adc.o [1]
  .noinit                 uninit   0xfff7c2ec      0x4  uc_adc.o [1]
  .noinit                 uninit   0xfff7c2f0      0x4  uc_adc.o [1]
  .noinit                 uninit   0xfff7c2f4      0x4  uc_adc.o [1]
  .noinit                 uninit   0xfff7c2f8      0x4  uc_adc.o [1]
  .noinit                 uninit   0xfff7c2fc      0x4  uc_adc.o [1]
  .noinit                 uninit   0xfff7c300      0x4  uc_adc.o [1]
  .noinit                 uninit   0xfff7c304      0x4  uc_adc.o [1]
  .noinit                 uninit   0xfff7c308      0x4  uc_adc.o [1]
  .noinit                 uninit   0xfff7c30c      0x4  uc_adc.o [1]
  .noinit                 uninit   0xfff7c310      0x4  uc_adc.o [1]
  .noinit                 uninit   0xfff7c314      0x4  uc_adc.o [1]
  .noinit                 uninit   0xfff7c318      0x4  uc_adc.o [1]
  .noinit                 uninit   0xfff7c31c      0x4  uc_adc.o [1]
  .noinit                 uninit   0xfff7c320      0x4  uc_adc.o [1]
  .noinit                 uninit   0xfff7c324      0x4  uc_adc.o [1]
  .noinit                 uninit   0xfff7c328      0x4  uc_adc.o [1]
  .noinit                 uninit   0xfff7c32c      0x4  uc_adc.o [1]
  .noinit                 uninit   0xfff7c330      0x4  uc_adc.o [1]
  .noinit                 uninit   0xfff7c334      0x4  uc_adc.o [1]
  .noinit                 uninit   0xfff7c338      0x4  uc_adc.o [1]
  .noinit                 uninit   0xfff7c33c      0x4  uc_adc.o [1]
                                 - 0xfff7c340    0x140

Absolute sections, part 21 of 90:                 0x34
  .noinit                 uninit   0xfff7c358      0x4  uc_adc.o [1]
  .noinit                 uninit   0xfff7c35c      0x4  uc_adc.o [1]
  .noinit                 uninit   0xfff7c360      0x4  uc_adc.o [1]
  .noinit                 uninit   0xfff7c364      0x4  uc_adc.o [1]
  .noinit                 uninit   0xfff7c368      0x4  uc_adc.o [1]
  .noinit                 uninit   0xfff7c36c      0x4  uc_adc.o [1]
  .noinit                 uninit   0xfff7c370      0x4  uc_adc.o [1]
  .noinit                 uninit   0xfff7c374      0x4  uc_adc.o [1]
  .noinit                 uninit   0xfff7c378      0x4  uc_adc.o [1]
  .noinit                 uninit   0xfff7c37c      0x4  uc_adc.o [1]
  .noinit                 uninit   0xfff7c380      0x4  uc_adc.o [1]
  .noinit                 uninit   0xfff7c384      0x4  uc_adc.o [1]
  .noinit                 uninit   0xfff7c388      0x4  uc_adc.o [1]
                                 - 0xfff7c38c     0x34

Absolute sections, part 22 of 90:                 0x18
  .noinit                 uninit   0xfff7dc00      0x4  uc_can.o [1]
  .noinit                 uninit   0xfff7dc04      0x4  uc_can.o [1]
  .noinit                 uninit   0xfff7dc08      0x4  uc_can.o [1]
  .noinit                 uninit   0xfff7dc0c      0x4  uc_can.o [1]
  .noinit                 uninit   0xfff7dc10      0x4  uc_can.o [1]
  .noinit                 uninit   0xfff7dc14      0x4  uc_can.o [1]
                                 - 0xfff7dc18     0x18

Absolute sections, part 23 of 90:                  0x4
  .noinit                 uninit   0xfff7dc1c      0x4  uc_can.o [1]
                                 - 0xfff7dc20      0x4

Absolute sections, part 24 of 90:                 0x54
  .noinit                 uninit   0xfff7dc80      0x4  uc_can.o [1]
  .noinit                 uninit   0xfff7dc84      0x4  uc_can.o [1]
  .noinit                 uninit   0xfff7dc88      0x4  uc_can.o [1]
  .noinit                 uninit   0xfff7dc8c      0x4  uc_can.o [1]
  .noinit                 uninit   0xfff7dc90      0x4  uc_can.o [1]
  .noinit                 uninit   0xfff7dc94      0x4  uc_can.o [1]
  .noinit                 uninit   0xfff7dc98      0x4  uc_can.o [1]
  .noinit                 uninit   0xfff7dc9c      0x4  uc_can.o [1]
  .noinit                 uninit   0xfff7dca0      0x4  uc_can.o [1]
  .noinit                 uninit   0xfff7dca4      0x4  uc_can.o [1]
  .noinit                 uninit   0xfff7dca8      0x4  uc_can.o [1]
  .noinit                 uninit   0xfff7dcac      0x4  uc_can.o [1]
  .noinit                 uninit   0xfff7dcb0      0x4  uc_can.o [1]
  .noinit                 uninit   0xfff7dcb4      0x4  uc_can.o [1]
  .noinit                 uninit   0xfff7dcb8      0x4  uc_can.o [1]
  .noinit                 uninit   0xfff7dcbc      0x4  uc_can.o [1]
  .noinit                 uninit   0xfff7dcc0      0x4  uc_can.o [1]
  .noinit                 uninit   0xfff7dcc4      0x4  uc_can.o [1]
  .noinit                 uninit   0xfff7dcc8      0x4  uc_can.o [1]
  .noinit                 uninit   0xfff7dccc      0x4  uc_can.o [1]
  .noinit                 uninit   0xfff7dcd0      0x4  uc_can.o [1]
                                 - 0xfff7dcd4     0x54

Absolute sections, part 25 of 90:                 0x10
  .noinit                 uninit   0xfff7dcd8      0x4  uc_can.o [1]
  .noinit                 uninit   0xfff7dcdc      0x4  uc_can.o [1]
  .noinit                 uninit   0xfff7dce0      0x4  uc_can.o [1]
  .noinit                 uninit   0xfff7dce4      0x4  uc_can.o [1]
                                 - 0xfff7dce8     0x10

Absolute sections, part 26 of 90:                 0x18
  .noinit                 uninit   0xfff7dd00      0x4  uc_can.o [1]
  .noinit                 uninit   0xfff7dd04      0x4  uc_can.o [1]
  .noinit                 uninit   0xfff7dd08      0x4  uc_can.o [1]
  .noinit                 uninit   0xfff7dd0c      0x4  uc_can.o [1]
  .noinit                 uninit   0xfff7dd10      0x4  uc_can.o [1]
  .noinit                 uninit   0xfff7dd14      0x4  uc_can.o [1]
                                 - 0xfff7dd18     0x18

Absolute sections, part 27 of 90:                 0x18
  .noinit                 uninit   0xfff7dd20      0x4  uc_can.o [1]
  .noinit                 uninit   0xfff7dd24      0x4  uc_can.o [1]
  .noinit                 uninit   0xfff7dd28      0x4  uc_can.o [1]
  .noinit                 uninit   0xfff7dd2c      0x4  uc_can.o [1]
  .noinit                 uninit   0xfff7dd30      0x4  uc_can.o [1]
  .noinit                 uninit   0xfff7dd34      0x4  uc_can.o [1]
                                 - 0xfff7dd38     0x18

Absolute sections, part 28 of 90:                 0x18
  .noinit                 uninit   0xfff7dd40      0x4  uc_can.o [1]
  .noinit                 uninit   0xfff7dd44      0x4  uc_can.o [1]
  .noinit                 uninit   0xfff7dd48      0x4  uc_can.o [1]
  .noinit                 uninit   0xfff7dd4c      0x4  uc_can.o [1]
  .noinit                 uninit   0xfff7dd50      0x4  uc_can.o [1]
  .noinit                 uninit   0xfff7dd54      0x4  uc_can.o [1]
                                 - 0xfff7dd58     0x18

Absolute sections, part 29 of 90:                 0x10
  .noinit                 uninit   0xfff7dd60      0x4  uc_can.o [1]
  .noinit                 uninit   0xfff7dd64      0x4  uc_can.o [1]
  .noinit                 uninit   0xfff7dd68      0x4  uc_can.o [1]
  .noinit                 uninit   0xfff7dd6c      0x4  uc_can.o [1]
                                 - 0xfff7dd70     0x10

Absolute sections, part 30 of 90:                  0x8
  .noinit                 uninit   0xfff7dde0      0x4  uc_can.o [1]
  .noinit                 uninit   0xfff7dde4      0x4  uc_can.o [1]
                                 - 0xfff7dde8      0x8

Absolute sections, part 31 of 90:                 0x18
  .noinit                 uninit   0xfff7de00      0x4  uc_can.o [1]
  .noinit                 uninit   0xfff7de04      0x4  uc_can.o [1]
  .noinit                 uninit   0xfff7de08      0x4  uc_can.o [1]
  .noinit                 uninit   0xfff7de0c      0x4  uc_can.o [1]
  .noinit                 uninit   0xfff7de10      0x4  uc_can.o [1]
  .noinit                 uninit   0xfff7de14      0x4  uc_can.o [1]
                                 - 0xfff7de18     0x18

Absolute sections, part 32 of 90:                  0x4
  .noinit                 uninit   0xfff7de1c      0x4  uc_can.o [1]
                                 - 0xfff7de20      0x4

Absolute sections, part 33 of 90:                 0x54
  .noinit                 uninit   0xfff7de80      0x4  uc_can.o [1]
  .noinit                 uninit   0xfff7de84      0x4  uc_can.o [1]
  .noinit                 uninit   0xfff7de88      0x4  uc_can.o [1]
  .noinit                 uninit   0xfff7de8c      0x4  uc_can.o [1]
  .noinit                 uninit   0xfff7de90      0x4  uc_can.o [1]
  .noinit                 uninit   0xfff7de94      0x4  uc_can.o [1]
  .noinit                 uninit   0xfff7de98      0x4  uc_can.o [1]
  .noinit                 uninit   0xfff7de9c      0x4  uc_can.o [1]
  .noinit                 uninit   0xfff7dea0      0x4  uc_can.o [1]
  .noinit                 uninit   0xfff7dea4      0x4  uc_can.o [1]
  .noinit                 uninit   0xfff7dea8      0x4  uc_can.o [1]
  .noinit                 uninit   0xfff7deac      0x4  uc_can.o [1]
  .noinit                 uninit   0xfff7deb0      0x4  uc_can.o [1]
  .noinit                 uninit   0xfff7deb4      0x4  uc_can.o [1]
  .noinit                 uninit   0xfff7deb8      0x4  uc_can.o [1]
  .noinit                 uninit   0xfff7debc      0x4  uc_can.o [1]
  .noinit                 uninit   0xfff7dec0      0x4  uc_can.o [1]
  .noinit                 uninit   0xfff7dec4      0x4  uc_can.o [1]
  .noinit                 uninit   0xfff7dec8      0x4  uc_can.o [1]
  .noinit                 uninit   0xfff7decc      0x4  uc_can.o [1]
  .noinit                 uninit   0xfff7ded0      0x4  uc_can.o [1]
                                 - 0xfff7ded4     0x54

Absolute sections, part 34 of 90:                 0x10
  .noinit                 uninit   0xfff7ded8      0x4  uc_can.o [1]
  .noinit                 uninit   0xfff7dedc      0x4  uc_can.o [1]
  .noinit                 uninit   0xfff7dee0      0x4  uc_can.o [1]
  .noinit                 uninit   0xfff7dee4      0x4  uc_can.o [1]
                                 - 0xfff7dee8     0x10

Absolute sections, part 35 of 90:                 0x18
  .noinit                 uninit   0xfff7df00      0x4  uc_can.o [1]
  .noinit                 uninit   0xfff7df04      0x4  uc_can.o [1]
  .noinit                 uninit   0xfff7df08      0x4  uc_can.o [1]
  .noinit                 uninit   0xfff7df0c      0x4  uc_can.o [1]
  .noinit                 uninit   0xfff7df10      0x4  uc_can.o [1]
  .noinit                 uninit   0xfff7df14      0x4  uc_can.o [1]
                                 - 0xfff7df18     0x18

Absolute sections, part 36 of 90:                 0x18
  .noinit                 uninit   0xfff7df20      0x4  uc_can.o [1]
  .noinit                 uninit   0xfff7df24      0x4  uc_can.o [1]
  .noinit                 uninit   0xfff7df28      0x4  uc_can.o [1]
  .noinit                 uninit   0xfff7df2c      0x4  uc_can.o [1]
  .noinit                 uninit   0xfff7df30      0x4  uc_can.o [1]
  .noinit                 uninit   0xfff7df34      0x4  uc_can.o [1]
                                 - 0xfff7df38     0x18

Absolute sections, part 37 of 90:                 0x18
  .noinit                 uninit   0xfff7df40      0x4  uc_can.o [1]
  .noinit                 uninit   0xfff7df44      0x4  uc_can.o [1]
  .noinit                 uninit   0xfff7df48      0x4  uc_can.o [1]
  .noinit                 uninit   0xfff7df4c      0x4  uc_can.o [1]
  .noinit                 uninit   0xfff7df50      0x4  uc_can.o [1]
  .noinit                 uninit   0xfff7df54      0x4  uc_can.o [1]
                                 - 0xfff7df58     0x18

Absolute sections, part 38 of 90:                 0x10
  .noinit                 uninit   0xfff7df60      0x4  uc_can.o [1]
  .noinit                 uninit   0xfff7df64      0x4  uc_can.o [1]
  .noinit                 uninit   0xfff7df68      0x4  uc_can.o [1]
  .noinit                 uninit   0xfff7df6c      0x4  uc_can.o [1]
                                 - 0xfff7df70     0x10

Absolute sections, part 39 of 90:                  0x8
  .noinit                 uninit   0xfff7dfe0      0x4  uc_can.o [1]
  .noinit                 uninit   0xfff7dfe4      0x4  uc_can.o [1]
                                 - 0xfff7dfe8      0x8

Absolute sections, part 40 of 90:                 0x18
  .noinit                 uninit   0xfff7e000      0x4  uc_can.o [1]
  .noinit                 uninit   0xfff7e004      0x4  uc_can.o [1]
  .noinit                 uninit   0xfff7e008      0x4  uc_can.o [1]
  .noinit                 uninit   0xfff7e00c      0x4  uc_can.o [1]
  .noinit                 uninit   0xfff7e010      0x4  uc_can.o [1]
  .noinit                 uninit   0xfff7e014      0x4  uc_can.o [1]
                                 - 0xfff7e018     0x18

Absolute sections, part 41 of 90:                  0x4
  .noinit                 uninit   0xfff7e01c      0x4  uc_can.o [1]
                                 - 0xfff7e020      0x4

Absolute sections, part 42 of 90:                 0x54
  .noinit                 uninit   0xfff7e080      0x4  uc_can.o [1]
  .noinit                 uninit   0xfff7e084      0x4  uc_can.o [1]
  .noinit                 uninit   0xfff7e088      0x4  uc_can.o [1]
  .noinit                 uninit   0xfff7e08c      0x4  uc_can.o [1]
  .noinit                 uninit   0xfff7e090      0x4  uc_can.o [1]
  .noinit                 uninit   0xfff7e094      0x4  uc_can.o [1]
  .noinit                 uninit   0xfff7e098      0x4  uc_can.o [1]
  .noinit                 uninit   0xfff7e09c      0x4  uc_can.o [1]
  .noinit                 uninit   0xfff7e0a0      0x4  uc_can.o [1]
  .noinit                 uninit   0xfff7e0a4      0x4  uc_can.o [1]
  .noinit                 uninit   0xfff7e0a8      0x4  uc_can.o [1]
  .noinit                 uninit   0xfff7e0ac      0x4  uc_can.o [1]
  .noinit                 uninit   0xfff7e0b0      0x4  uc_can.o [1]
  .noinit                 uninit   0xfff7e0b4      0x4  uc_can.o [1]
  .noinit                 uninit   0xfff7e0b8      0x4  uc_can.o [1]
  .noinit                 uninit   0xfff7e0bc      0x4  uc_can.o [1]
  .noinit                 uninit   0xfff7e0c0      0x4  uc_can.o [1]
  .noinit                 uninit   0xfff7e0c4      0x4  uc_can.o [1]
  .noinit                 uninit   0xfff7e0c8      0x4  uc_can.o [1]
  .noinit                 uninit   0xfff7e0cc      0x4  uc_can.o [1]
  .noinit                 uninit   0xfff7e0d0      0x4  uc_can.o [1]
                                 - 0xfff7e0d4     0x54

Absolute sections, part 43 of 90:                 0x10
  .noinit                 uninit   0xfff7e0d8      0x4  uc_can.o [1]
  .noinit                 uninit   0xfff7e0dc      0x4  uc_can.o [1]
  .noinit                 uninit   0xfff7e0e0      0x4  uc_can.o [1]
  .noinit                 uninit   0xfff7e0e4      0x4  uc_can.o [1]
                                 - 0xfff7e0e8     0x10

Absolute sections, part 44 of 90:                 0x18
  .noinit                 uninit   0xfff7e100      0x4  uc_can.o [1]
  .noinit                 uninit   0xfff7e104      0x4  uc_can.o [1]
  .noinit                 uninit   0xfff7e108      0x4  uc_can.o [1]
  .noinit                 uninit   0xfff7e10c      0x4  uc_can.o [1]
  .noinit                 uninit   0xfff7e110      0x4  uc_can.o [1]
  .noinit                 uninit   0xfff7e114      0x4  uc_can.o [1]
                                 - 0xfff7e118     0x18

Absolute sections, part 45 of 90:                 0x18
  .noinit                 uninit   0xfff7e120      0x4  uc_can.o [1]
  .noinit                 uninit   0xfff7e124      0x4  uc_can.o [1]
  .noinit                 uninit   0xfff7e128      0x4  uc_can.o [1]
  .noinit                 uninit   0xfff7e12c      0x4  uc_can.o [1]
  .noinit                 uninit   0xfff7e130      0x4  uc_can.o [1]
  .noinit                 uninit   0xfff7e134      0x4  uc_can.o [1]
                                 - 0xfff7e138     0x18

Absolute sections, part 46 of 90:                 0x18
  .noinit                 uninit   0xfff7e140      0x4  uc_can.o [1]
  .noinit                 uninit   0xfff7e144      0x4  uc_can.o [1]
  .noinit                 uninit   0xfff7e148      0x4  uc_can.o [1]
  .noinit                 uninit   0xfff7e14c      0x4  uc_can.o [1]
  .noinit                 uninit   0xfff7e150      0x4  uc_can.o [1]
  .noinit                 uninit   0xfff7e154      0x4  uc_can.o [1]
                                 - 0xfff7e158     0x18

Absolute sections, part 47 of 90:                 0x10
  .noinit                 uninit   0xfff7e160      0x4  uc_can.o [1]
  .noinit                 uninit   0xfff7e164      0x4  uc_can.o [1]
  .noinit                 uninit   0xfff7e168      0x4  uc_can.o [1]
  .noinit                 uninit   0xfff7e16c      0x4  uc_can.o [1]
                                 - 0xfff7e170     0x10

Absolute sections, part 48 of 90:                  0x8
  .noinit                 uninit   0xfff7e1e0      0x4  uc_can.o [1]
  .noinit                 uninit   0xfff7e1e4      0x4  uc_can.o [1]
                                 - 0xfff7e1e8      0x8

Absolute sections, part 49 of 90:                  0x8
  .noinit                 uninit   0xfff7e400      0x4  uc_uart.o [1]
  .noinit                 uninit   0xfff7e404      0x4  uc_uart.o [1]
                                 - 0xfff7e408      0x8

Absolute sections, part 50 of 90:                 0x54
  .noinit                 uninit   0xfff7e40c      0x4  uc_uart.o [1]
  .noinit                 uninit   0xfff7e410      0x4  uc_uart.o [1]
  .noinit                 uninit   0xfff7e414      0x4  uc_uart.o [1]
  .noinit                 uninit   0xfff7e418      0x4  uc_uart.o [1]
  .noinit                 uninit   0xfff7e41c      0x4  uc_uart.o [1]
  .noinit                 uninit   0xfff7e420      0x4  uc_uart.o [1]
  .noinit                 uninit   0xfff7e424      0x4  uc_uart.o [1]
  .noinit                 uninit   0xfff7e428      0x4  uc_uart.o [1]
  .noinit                 uninit   0xfff7e42c      0x4  uc_uart.o [1]
  .noinit                 uninit   0xfff7e430      0x4  uc_uart.o [1]
  .noinit                 uninit   0xfff7e434      0x4  uc_uart.o [1]
  .noinit                 uninit   0xfff7e438      0x4  uc_uart.o [1]
  .noinit                 uninit   0xfff7e43c      0x4  uc_uart.o [1]
  .noinit                 uninit   0xfff7e440      0x4  uc_uart.o [1]
  .noinit                 uninit   0xfff7e444      0x4  uc_uart.o [1]
  .noinit                 uninit   0xfff7e448      0x4  uc_uart.o [1]
  .noinit                 uninit   0xfff7e44c      0x4  uc_uart.o [1]
  .noinit                 uninit   0xfff7e450      0x4  uc_uart.o [1]
  .noinit                 uninit   0xfff7e454      0x4  uc_uart.o [1]
  .noinit                 uninit   0xfff7e458      0x4  uc_uart.o [1]
  .noinit                 uninit   0xfff7e45c      0x4  uc_uart.o [1]
                                 - 0xfff7e460     0x54

Absolute sections, part 51 of 90:                  0x4
  .noinit                 uninit   0xfff7e490      0x4  uc_uart.o [1]
                                 - 0xfff7e494      0x4

Absolute sections, part 52 of 90:                  0x8
  .noinit                 uninit   0xfff7e500      0x4  uc_uart.o [1]
  .noinit                 uninit   0xfff7e504      0x4  uc_uart.o [1]
                                 - 0xfff7e508      0x8

Absolute sections, part 53 of 90:                 0x54
  .noinit                 uninit   0xfff7e50c      0x4  uc_uart.o [1]
  .noinit                 uninit   0xfff7e510      0x4  uc_uart.o [1]
  .noinit                 uninit   0xfff7e514      0x4  uc_uart.o [1]
  .noinit                 uninit   0xfff7e518      0x4  uc_uart.o [1]
  .noinit                 uninit   0xfff7e51c      0x4  uc_uart.o [1]
  .noinit                 uninit   0xfff7e520      0x4  uc_uart.o [1]
  .noinit                 uninit   0xfff7e524      0x4  uc_uart.o [1]
  .noinit                 uninit   0xfff7e528      0x4  uc_uart.o [1]
  .noinit                 uninit   0xfff7e52c      0x4  uc_uart.o [1]
  .noinit                 uninit   0xfff7e530      0x4  uc_uart.o [1]
  .noinit                 uninit   0xfff7e534      0x4  uc_uart.o [1]
  .noinit                 uninit   0xfff7e538      0x4  uc_uart.o [1]
  .noinit                 uninit   0xfff7e53c      0x4  uc_uart.o [1]
  .noinit                 uninit   0xfff7e540      0x4  uc_uart.o [1]
  .noinit                 uninit   0xfff7e544      0x4  uc_uart.o [1]
  .noinit                 uninit   0xfff7e548      0x4  uc_uart.o [1]
  .noinit                 uninit   0xfff7e54c      0x4  uc_uart.o [1]
  .noinit                 uninit   0xfff7e550      0x4  uc_uart.o [1]
  .noinit                 uninit   0xfff7e554      0x4  uc_uart.o [1]
  .noinit                 uninit   0xfff7e558      0x4  uc_uart.o [1]
  .noinit                 uninit   0xfff7e55c      0x4  uc_uart.o [1]
                                 - 0xfff7e560     0x54

Absolute sections, part 54 of 90:                  0x4
  .noinit                 uninit   0xfff7e590      0x4  uc_uart.o [1]
                                 - 0xfff7e594      0x4

Absolute sections, part 55 of 90:                 0x68
  .noinit                 uninit   0xfff7f400      0x4  uc_spi.o [1]
  .noinit                 uninit   0xfff7f404      0x4  uc_spi.o [1]
  .noinit                 uninit   0xfff7f408      0x4  uc_spi.o [1]
  .noinit                 uninit   0xfff7f40c      0x4  uc_spi.o [1]
  .noinit                 uninit   0xfff7f410      0x4  uc_spi.o [1]
  .noinit                 uninit   0xfff7f414      0x4  uc_spi.o [1]
  .noinit                 uninit   0xfff7f418      0x4  uc_spi.o [1]
  .noinit                 uninit   0xfff7f41c      0x4  uc_spi.o [1]
  .noinit                 uninit   0xfff7f420      0x4  uc_spi.o [1]
  .noinit                 uninit   0xfff7f424      0x4  uc_spi.o [1]
  .noinit                 uninit   0xfff7f428      0x4  uc_spi.o [1]
  .noinit                 uninit   0xfff7f42c      0x4  uc_spi.o [1]
  .noinit                 uninit   0xfff7f430      0x4  uc_spi.o [1]
  .noinit                 uninit   0xfff7f434      0x4  uc_spi.o [1]
  .noinit                 uninit   0xfff7f438      0x4  uc_spi.o [1]
  .noinit                 uninit   0xfff7f43c      0x4  uc_spi.o [1]
  .noinit                 uninit   0xfff7f440      0x4  uc_spi.o [1]
  .noinit                 uninit   0xfff7f444      0x4  uc_spi.o [1]
  .noinit                 uninit   0xfff7f448      0x4  uc_spi.o [1]
  .noinit                 uninit   0xfff7f44c      0x4  uc_spi.o [1]
  .noinit                 uninit   0xfff7f450      0x4  uc_spi.o [1]
  .noinit                 uninit   0xfff7f454      0x4  uc_spi.o [1]
  .noinit                 uninit   0xfff7f458      0x4  uc_spi.o [1]
  .noinit                 uninit   0xfff7f45c      0x4  uc_spi.o [1]
  .noinit                 uninit   0xfff7f460      0x4  uc_spi.o [1]
  .noinit                 uninit   0xfff7f464      0x4  uc_spi.o [1]
                                 - 0xfff7f468     0x68

Absolute sections, part 56 of 90:                 0x18
  .noinit                 uninit   0xfff7f470      0x4  uc_spi.o [1]
  .noinit                 uninit   0xfff7f474      0x4  uc_spi.o [1]
  .noinit                 uninit   0xfff7f478      0x4  uc_spi.o [1]
  .noinit                 uninit   0xfff7f47c      0x4  uc_spi.o [1]
  .noinit                 uninit   0xfff7f480      0x4  uc_spi.o [1]
  .noinit                 uninit   0xfff7f484      0x4  uc_spi.o [1]
                                 - 0xfff7f488     0x18

Absolute sections, part 57 of 90:                 0x8c
  .noinit                 uninit   0xfff7f490      0x4  uc_spi.o [1]
  .noinit                 uninit   0xfff7f494      0x4  uc_spi.o [1]
  .noinit                 uninit   0xfff7f498      0x4  uc_spi.o [1]
  .noinit                 uninit   0xfff7f49c      0x4  uc_spi.o [1]
  .noinit                 uninit   0xfff7f4a0      0x4  uc_spi.o [1]
  .noinit                 uninit   0xfff7f4a4      0x4  uc_spi.o [1]
  .noinit                 uninit   0xfff7f4a8      0x4  uc_spi.o [1]
[...]
_A_SCI2PIO5             0xfff7e550     0x4  Data  Gb  uc_uart.o [1]
_A_SCI2PIO6             0xfff7e554     0x4  Data  Gb  uc_uart.o [1]
_A_SCI2PIO7             0xfff7e558     0x4  Data  Gb  uc_uart.o [1]
_A_SCI2PIO8             0xfff7e55c     0x4  Data  Gb  uc_uart.o [1]
_A_SCI2RD               0xfff7e534     0x4  Data  Gb  uc_uart.o [1]
_A_SCI2SETINT           0xfff7e50c     0x4  Data  Gb  uc_uart.o [1]
_A_SCI2SETINTLVL        0xfff7e514     0x4  Data  Gb  uc_uart.o [1]
_A_SCI2TD               0xfff7e538     0x4  Data  Gb  uc_uart.o [1]
_A_SYSECR               0xffffffe0     0x4  Data  Gb  uc_system.o [1]
_A_VCLKASRC             0xffffff4c     0x4  Data  Gb  low_level_init.o [1]
_A_WAKEENACLR0          0xfffffe60     0x4  Data  Gb  uc_system.o [1]
_A_WAKEENACLR1          0xfffffe64     0x4  Data  Gb  uc_system.o [1]
_Fapi_EnableSectors     0x0010ec99          Code  Gb  FlashStateMachine.EnableEepromSectors.obj [3]
_Fapi_checkWdService    0x0010ede5          Code  Gb  Read.WdService.obj [3]
_Fapi_enterMarginMode   0x0010ed2d          Code  Gb  Read.Common.obj [3]
_Fapi_exitMarginMode    0x0010edf1          Code  Gb  Read.Common.obj [3]
_Fapi_issueFsmCommand   0x0010ecdd          Code  Gb  FlashStateMachine.IssueFsmCommand.obj [3]
__aeabi_memclr4         0x0010e1d8          Code  Gb  ABImemclr4.o [6]
__aeabi_memcpy          0x0010e1e0          Code  Gb  ABImemcpy.o [6]
__aeabi_memcpy4         0x0010e204          Code  Gb  ABImemcpy.o [6]
__aeabi_memcpy8         0x0010e204          Code  Gb  ABImemcpy.o [6]
__aeabi_memset          0x0010e300          Code  Gb  ABImemset.o [6]
__cmain                 0x001110f0          Code  Gb  cmain.o [6]
__exit                  0x00111129    0x14  Code  Gb  exit.o [7]
__iar_Dint              0x0010eb9d    0x7a  Code  Gb  xdint.o [5]
__iar_Memset            0x0010e300          Code  Gb  ABImemset.o [6]
__iar_Memset4_word      0x0010eb64          Code  Gb  ABImemset48.o [6]
__iar_Memset8_word      0x0010eb64          Code  Gb  ABImemset48.o [6]
__iar_Memset_word       0x0010e308          Code  Gb  ABImemset.o [6]
__iar_data_init3        0x00111069    0x30  Code  Gb  data_init.o [6]
__iar_init_vfp          0x00111278          Code  Gb  fpinit.o [5]
__iar_init_vfp_v6       0x00111264          Code  Gb  fpinit.o [5]
__iar_lz77_init_single3
                        0x0011034d    0x78  Code  Gb  lz77_init_single.o [6]
__iar_program_start     0x0010fb6c          Code  Gb  tms570ls3137_cstartup.o [1]
__iar_return_from_swi   0x001116d8     0x4  Code  Gb  xreturnswi.o [7]
__iar_zero_init3        0x00110a61    0x40  Code  Gb  zero_init3.o [6]
__low_level_init        0x0010292c   0x1c0  Code  Gb  low_level_init.o [1]
__vector                0x00100000          Code  Gb  tms570ls3137_cstartup.o [1]
_call_main              0x00111104          Code  Gb  cmain.o [6]
_exit                   0x0011113c          Code  Gb  cexit.o [6]
_main                   0x0011110c          Code  Gb  cmain.o [6]
_scaleEEFclk            0x0010ec79          Code  Gb  FlashStateMachine.ScaleFclk.obj [3]
_scaleMainFclk          0x0010ec69          Code  Gb  FlashStateMachine.ScaleFclk.obj [3]
app_FaultMgr_ClearDTC   0x00109309    0x48  Code  Gb  app_FaultMgr.o [1]
app_FaultMgr_ReadConfirmedDTCs
                        0x00109351    0xb6  Code  Gb  app_FaultMgr.o [1]
app_FaultMgr_fcn        0x001090c9   0x240  Code  Gb  app_FaultMgr.o [1]
app_FaultMgr_initialize
                        0x00109091    0x30  Code  Gb  app_FaultMgr.o [1]
app_FaultMgr_terminate  0x001090c1     0x8  Code  Gb  app_FaultMgr.o [1]
app_Main100msMgr_InitializeDataMapInfo
                        0x0010e471    0x44  Code  Gb  app_Main100msMgr_capi.o [1]
app_Main100msMgr_M      0x001116c4     0x4  Data  Gb  app_Main100msMgr.o [1]
app_Main100msMgr_M_     0x0800cb38    0x30  Data  Gb  app_Main100msMgr.o [1]
app_Main100msMgr_P      0x0800cc80     0x8  Data  Gb  app_Main100msMgr_data.o [1]
app_Main100msMgr_fcn    0x0010df41     0xc  Code  Gb  app_Main100msMgr.o [1]
app_Main100msMgr_initialize
                        0x0010df4d    0x28  Code  Gb  app_Main100msMgr.o [1]
app_Main100msMgr_terminate
                        0x0010df7d     0x2  Code  Gb  app_Main100msMgr.o [1]
app_Main10msMgr_B       0x0800cc28    0x18  Data  Gb  app_Main10msMgr.o [1]
app_Main10msMgr_DW      0x0800cc98     0x4  Data  Gb  app_Main10msMgr.o [1]
app_Main10msMgr_IO_WriteDigitalOutput
                        0x0010dc3d    0x56  Code  Gb  app_Main10msMgr.o [1]
app_Main10msMgr_IO_WriteDigitalOutput1
                        0x0010dc95    0x56  Code  Gb  app_Main10msMgr.o [1]
app_Main10msMgr_IO_WriteDigitalOutput2
                        0x0010dced    0x56  Code  Gb  app_Main10msMgr.o [1]
app_Main10msMgr_IO_WriteDigitalOutput3
                        0x0010dd45    0x56  Code  Gb  app_Main10msMgr.o [1]
app_Main10msMgr_InitializeDataMapInfo
                        0x0010e3c9    0x44  Code  Gb  app_Main10msMgr_capi.o [1]
app_Main10msMgr_M       0x001116c8     0x4  Data  Gb  app_Main10msMgr.o [1]
app_Main10msMgr_M_      0x0800cbf8    0x2c  Data  Gb  app_Main10msMgr.o [1]
app_Main10msMgr_P       0x08000000   0x168  Data  Gb  app_Main10msMgr_data.o [1]
app_Main10msMgr_fcn     0x0010dd9b    0xd6  Code  Gb  app_Main10msMgr.o [1]
app_Main10msMgr_initialize
                        0x0010de71    0x72  Code  Gb  app_Main10msMgr.o [1]
app_Main10msMgr_terminate
                        0x0010defd     0x2  Code  Gb  app_Main10msMgr.o [1]
app_Main1msMgr_InitializeDataMapInfo
                        0x0010e375    0x44  Code  Gb  app_Main1msMgr_capi.o [1]
app_Main1msMgr_M        0x001116cc     0x4  Data  Gb  app_Main1msMgr.o [1]
app_Main1msMgr_M_       0x0800cb68    0x30  Data  Gb  app_Main1msMgr.o [1]
app_Main1msMgr_P        0x0800ca58    0xa0  Data  Gb  app_Main1msMgr_data.o [1]
app_Main1msMgr_fcn      0x0010da4d    0xbe  Code  Gb  app_Main1msMgr.o [1]
app_Main1msMgr_initialize
                        0x0010db0b   0x124  Code  Gb  app_Main1msMgr.o [1]
app_Main1msMgr_terminate
                        0x0010dc39     0x2  Code  Gb  app_Main1msMgr.o [1]
app_Main50msMgr_InitializeDataMapInfo
                        0x0010e41d    0x44  Code  Gb  app_Main50msMgr_capi.o [1]
app_Main50msMgr_M       0x001116d0     0x4  Data  Gb  app_Main50msMgr.o [1]
app_Main50msMgr_M_      0x0800cb98    0x30  Data  Gb  app_Main50msMgr.o [1]
app_Main50msMgr_P       0x0800cc88     0x8  Data  Gb  app_Main50msMgr_data.o [1]
app_Main50msMgr_fcn     0x0010df01     0xc  Code  Gb  app_Main50msMgr.o [1]
app_Main50msMgr_initialize
                        0x0010df0d    0x28  Code  Gb  app_Main50msMgr.o [1]
app_Main50msMgr_terminate
                        0x0010df3d     0x2  Code  Gb  app_Main50msMgr.o [1]
bFirstRun$1             0x08008054     0x1  Data  Lc  FlashStateMachine.SetActiveBank.obj [3]
exit                    0x00111125     0x4  Code  Gb  exit.o [4]
local_APP_DIAG_u8AppValidCheck
                        0x00107139    0x1c  Code  Gb  app_diag_gf.o [1]
local_APP_DIAG_u8NonEmptyReceivedFrameElements
                        0x00106bc9    0x2e  Code  Gb  app_diag_gf.o [1]
local_APP_DIAG_u8SingleFrameMessageLengthOrInvalidFormatErrorCheck
                        0x00106bf7    0xa6  Code  Gb  app_diag_gf.o [1]
local_APP_DIAG_vdAppValidSet
                        0x001070e1    0x56  Code  Gb  app_diag_gf.o [1]
local_APP_DIAG_vdClearDtcReadServic
                        0x00106deb    0x3a  Code  Gb  app_diag_gf.o [1]
local_APP_DIAG_vdClearReceivingVariables
                        0x00106d87    0x64  Code  Gb  app_diag_gf.o [1]
local_APP_DIAG_vdClear_Diagnostic
                        0x0010646f    0x5a  Code  Gb  app_diag.o [1]
local_APP_DIAG_vdDefaultEcuModeClear
                        0x00107099    0x48  Code  Gb  app_diag_gf.o [1]
local_APP_DIAG_vdDefaultEcuModeSet
                        0x0010700d    0x60  Code  Gb  app_diag_gf.o [1]
local_APP_DIAG_vdDiagHeartBeat
                        0x00107281     0x2  Code  Gb  app_diag_gf.o [1]
local_APP_DIAG_vdDiag_Session_Control
                        0x00104eaf   0x358  Code  Gb  app_diag.o [1]
local_APP_DIAG_vdECU_Reset
                        0x00105207    0x38  Code  Gb  app_diag.o [1]
local_APP_DIAG_vdFramePositiveResponseWithFullArrayBytes
                        0x00106e25    0x26  Code  Gb  app_diag_gf.o [1]
local_APP_DIAG_vdIO_Control_Identifier
                        0x001052c5   0xa0c  Code  Gb  app_diag.o [1]
local_APP_DIAG_vdMainStateMachine
                        0x00104aef   0x3c0  Code  Gb  app_diag.o [1]
local_APP_DIAG_vdMemory_ReadByAddress
                        0x001062e1    0xb8  Code  Gb  app_diag.o [1]
local_APP_DIAG_vdMemory_WriteByAddress
                        0x00106189   0x158  Code  Gb  app_diag.o [1]
local_APP_DIAG_vdProgRequestClear
                        0x001071b1    0x4e  Code  Gb  app_diag_gf.o [1]
local_APP_DIAG_vdProgRequestSet
                        0x00107159    0x56  Code  Gb  app_diag_gf.o [1]
local_APP_DIAG_vdReadDataByIdentifierDataAdjustment
                        0x00106399    0xd6  Code  Gb  app_diag.o [1]
local_APP_DIAG_vdRead_DTC
                        0x001064d9   0x224  Code  Gb  app_diag.o [1]
local_APP_DIAG_vdRead_DataByIdentifier
                        0x00105da5   0x3e4  Code  Gb  app_diag.o [1]
local_APP_DIAG_vdResetAllGlobalVariables
                        0x00106c9d    0xea  Code  Gb  app_diag_gf.o [1]
local_APP_DIAG_vdServeDiagRequest
                        0x00104a59    0x96  Code  Gb  app_diag.o [1]
local_APP_DIAG_vdShutDownAndResetWithAppValidModification
                        0x00107283     0xc  Code  Gb  app_diag_gf.o [1]
local_APP_DIAG_vdSingleFrameNegativeResponse
                        0x00106fad    0x5e  Code  Gb  app_diag_gf.o [1]
local_APP_DIAG_vdSingleFramePositiveResponse
                        0x00106ef9    0xb4  Code  Gb  app_diag_gf.o [1]
local_APP_DIAG_vdSingleFramePositiveResponseWithoutSubfunction
                        0x00106e4b    0xae  Code  Gb  app_diag_gf.o [1]
local_APP_DIAG_vdTester_Present
                        0x0010523f    0x46  Code  Gb  app_diag.o [1]
local_APP_DIAG_vdWrite_DataByIdentifier
                        0x00105cd1    0xc4  Code  Gb  app_diag.o [1]
local_ECU_COM_vdDataConversion
                        0x00103975   0x3ce  Code  Gb  ecu_com.o [1]
local_ECU_COM_vdPack    0x00103d49   0xba6  Code  Gb  ecu_com.o [1]
local_ECU_COM_vdPostPack
                        0x001048ef    0x92  Code  Gb  ecu_com.o [1]
local_ECU_COM_vdPreUnpack
                        0x00102c6d    0xb2  Code  Gb  ecu_com.o [1]
local_ECU_COM_vdUnpack  0x00102d25   0xc42  Code  Gb  ecu_com.o [1]
local_ECU_DIAG_vdApplicationCallback
                        0x00106b61    0x4c  Code  Gb  ecu_diag.o [1]
local_ECU_DIAG_vdResetTimerOverFlowFlag
                        0x00106b51    0x10  Code  Gb  ecu_diag.o [1]
local_ECU_DIAG_vdSetTimerOverFlowFlag
                        0x00106b41    0x10  Code  Gb  ecu_diag.o [1]
local_ECU_IO_POUT_vdInitialize
                        0x0010813f    0x50  Code  Gb  ecu_io.o [1]
local_ECU_IO_eExpConfig
                        0x00107d6b    0xba  Code  Gb  ecu_io.o [1]
local_ECU_IO_eExpReadAllReg
                        0x00107ceb    0x80  Code  Gb  ecu_io.o [1]
local_ECU_IO_eExpReadInputs
                        0x00107f7d    0x7a  Code  Gb  ecu_io.o [1]
local_ECU_IO_eSendReceiveFrame
                        0x00107b09    0xae  Code  Gb  ecu_io.o [1]
local_ECU_IO_vdDioMgr   0x00107bb7    0x52  Code  Gb  ecu_io.o [1]
local_ECU_IO_vdExpDataChangeCallback
                        0x00108117    0x28  Code  Gb  ecu_io.o [1]
local_ECU_IO_vdExpDecodeInputs
                        0x00107ffd    0xb6  Code  Gb  ecu_io.o [1]
local_ECU_IO_vdExpMgr   0x00107c09    0xe2  Code  Gb  ecu_io.o [1]
local_ECU_IO_vdExpSetInterrupts
                        0x00107eb5    0xc8  Code  Gb  ecu_io.o [1]
local_ECU_IO_vdExpSetTopology
                        0x00107e25    0x7c  Code  Gb  ecu_io.o [1]
local_ECU_IO_vdReadSpiDataCallback
                        0x001080b9    0x5e  Code  Gb  ecu_io.o [1]
local_ECU_MEM_INT_vdDeInit
                        0x00108f67   0x114  Code  Gb  ecu_mem.o [1]
local_ECU_MEM_INT_vdInit
                        0x00108ea3    0xc4  Code  Gb  ecu_mem.o [1]
local_ECU_PWM_vdPwmInputMgr
                        0x00107997    0x46  Code  Gb  ecu_io.o [1]
local_ECU_SERIAL_vdResetBuffer
                        0x0010eef3    0x4a  Code  Gb  ecu_serial.o [1]
local_ECU_SERIAL_vdUartRxCallback
                        0x0010ef3d   0xa30  Code  Gb  ecu_serial.o [1]
local_OS_u32GetSystemTickTrigVal
                        0x0010aabb     0xe  Code  Gb  os.o [1]
local_OS_vdAddTask      0x0010aac9    0x82  Code  Gb  os.o [1]
local_OS_vdTrigger      0x0010aa91    0x2a  Code  Gb  os.o [1]
local_UC_CAN_eCheckMsgObjForNewData
                        0x00101ff7    0xf8  Code  Gb  uc_can.o [1]
local_UC_CAN_eGetMsgIndexFromObjId
                        0x00102339    0xb4  Code  Gb  uc_can.o [1]
local_UC_CAN_eInterruptHandler
                        0x00102527   0x14a  Code  Gb  uc_can.o [1]
local_UC_CAN_eResetMsgObjInt
                        0x001023ed   0x13a  Code  Gb  uc_can.o [1]
local_UC_CAN_eSetMsgObjIntLine
                        0x001020ef   0x24a  Code  Gb  uc_can.o [1]
local_UC_DIO_eInputInterruptHandler
                        0x0010a81f    0x48  Code  Gb  uc_dio.o [1]
local_UC_DIO_ePinConfigure
                        0x0010a7b1    0x6e  Code  Gb  uc_dio.o [1]
local_UC_PWM_PIN_ReadFrequencyDutyCycle
                        0x0010ceb5   0x47e  Code  Gb  uc_pwm.o [1]
local_UC_SPI_eActiveDeviceSendSpiFrameSync
                        0x0010c111   0x3a2  Code  Gb  uc_spi.o [1]
local_UC_SPI_eReceiveDataSync
                        0x0010c025    0xe4  Code  Gb  uc_spi.o [1]
local_UC_SPI_eRxInterruptHandler
                        0x0010c4b3    0xee  Code  Gb  uc_spi.o [1]
local_UC_SPI_eTxInterruptHandler
                        0x0010c5a1    0x58  Code  Gb  uc_spi.o [1]
local_UC_UART_vdInterruptHandlerRx
                        0x0010a191   0x114  Code  Gb  uc_uart.o [1]
local_UC_UART_vdInterruptHandlerTx
                        0x0010a2a5    0x48  Code  Gb  uc_uart.o [1]
local_UC_UART_vdUpdateBaudRate
                        0x0010a2ed    0x32  Code  Gb  uc_uart.o [1]
local_vdFaultLedsControl
                        0x00109467    0x8c  Code  Gb  app_FaultMgr.o [1]
local_vdSaveDtcsToRAM   0x00109407    0x60  Code  Gb  app_FaultMgr.o [1]
main                    0x00110095    0xaa  Code  Gb  main.o [1]
mmiStatic               0x0800021c    0x68  Data  Lc  app_Main100msMgr_capi.o [1]
mmiStatic               0x080002f0    0x68  Data  Lc  app_Main10msMgr_capi.o [1]
mmiStatic               0x080003a8    0x68  Data  Lc  app_Main1msMgr_capi.o [1]
mmiStatic               0x08000414    0x68  Data  Lc  app_Main50msMgr_capi.o [1]
round                   0x0010e2b5    0x4a  Code  Gb  round.o [5]
rtBlockParameters       0x0011114c    0x28  Data  Lc  app_Main100msMgr_capi.o [1]
rtBlockParameters       0x0010fd38   0x1b8  Data  Lc  app_Main10msMgr_capi.o [1]
rtBlockParameters       0x0010fef0   0x1a4  Data  Lc  app_Main1msMgr_capi.o [1]
rtBlockParameters       0x00111214    0x28  Data  Lc  app_Main50msMgr_capi.o [1]
rtBlockSignals          0x001112cc    0x1c  Data  Lc  app_Main100msMgr_capi.o [1]
rtBlockSignals          0x001104a4    0x70  Data  Lc  app_Main10msMgr_capi.o [1]
rtBlockSignals          0x00111358    0x1c  Data  Lc  app_Main1msMgr_capi.o [1]
rtBlockSignals          0x001113ac    0x1c  Data  Lc  app_Main50msMgr_capi.o [1]
rtBlockStates           0x00111174    0x28  Data  Lc  app_Main100msMgr_capi.o [1]
rtBlockStates           0x001102ac    0xa0  Data  Lc  app_Main10msMgr_capi.o [1]
rtBlockStates           0x001111ec    0x28  Data  Lc  app_Main1msMgr_capi.o [1]
rtBlockStates           0x0011123c    0x28  Data  Lc  app_Main50msMgr_capi.o [1]
rtDataAddrMap           0x08000218     0x4  Data  Lc  app_Main100msMgr_capi.o [1]
rtDataAddrMap           0x08000284    0x6c  Data  Lc  app_Main10msMgr_capi.o [1]
rtDataAddrMap           0x08000358    0x50  Data  Lc  app_Main1msMgr_capi.o [1]
rtDataAddrMap           0x08000410     0x4  Data  Lc  app_Main50msMgr_capi.o [1]
rtDataTypeMap           0x00111400    0x14  Data  Lc  app_Main100msMgr_capi.o [1]
rtDataTypeMap           0x0011119c    0x28  Data  Lc  app_Main10msMgr_capi.o [1]
rtDataTypeMap           0x00111428    0x14  Data  Lc  app_Main1msMgr_capi.o [1]
rtDataTypeMap           0x0011143c    0x14  Data  Lc  app_Main50msMgr_capi.o [1]
rtDimensionArray        0x00111648     0x8  Data  Lc  app_Main100msMgr_capi.o [1]
rtDimensionArray        0x001112ac    0x20  Data  Lc  app_Main10msMgr_capi.o [1]
rtDimensionArray        0x00111698     0x8  Data  Lc  app_Main1msMgr_capi.o [1]
rtDimensionArray        0x001116b8     0x8  Data  Lc  app_Main50msMgr_capi.o [1]
rtDimensionMap          0x00111480    0x10  Data  Lc  app_Main100msMgr_capi.o [1]
rtDimensionMap          0x00110a20    0x40  Data  Lc  app_Main10msMgr_capi.o [1]
rtDimensionMap          0x00111510    0x10  Data  Lc  app_Main1msMgr_capi.o [1]
rtDimensionMap          0x00111550    0x10  Data  Lc  app_Main50msMgr_capi.o [1]
rtElementMap            0x00111470    0x10  Data  Lc  app_Main100msMgr_capi.o [1]
rtElementMap            0x001114c0    0x10  Data  Lc  app_Main10msMgr_capi.o [1]
rtElementMap            0x00111500    0x10  Data  Lc  app_Main1msMgr_capi.o [1]
rtElementMap            0x00111540    0x10  Data  Lc  app_Main50msMgr_capi.o [1]
rtFixPtMap              0x00111560     0xc  Data  Lc  app_Main100msMgr_capi.o [1]
rtFixPtMap              0x00111590     0xc  Data  Lc  app_Main10msMgr_capi.o [1]
rtFixPtMap              0x001115b4     0xc  Data  Lc  app_Main1msMgr_capi.o [1]
rtFixPtMap              0x001115cc     0xc  Data  Lc  app_Main50msMgr_capi.o [1]
rtModelParameters       0x00111460    0x10  Data  Lc  app_Main100msMgr_capi.o [1]
rtModelParameters       0x001114b0    0x10  Data  Lc  app_Main10msMgr_capi.o [1]
rtModelParameters       0x001114f0    0x10  Data  Lc  app_Main1msMgr_capi.o [1]
rtModelParameters       0x00111530    0x10  Data  Lc  app_Main50msMgr_capi.o [1]
rtRootInputs            0x001112e8    0x1c  Data  Lc  app_Main100msMgr_capi.o [1]
rtRootInputs            0x00111320    0x1c  Data  Lc  app_Main10msMgr_capi.o [1]
rtRootInputs            0x00111374    0x1c  Data  Lc  app_Main1msMgr_capi.o [1]
rtRootInputs            0x001113c8    0x1c  Data  Lc  app_Main50msMgr_capi.o [1]
rtRootOutputs           0x00111304    0x1c  Data  Lc  app_Main100msMgr_capi.o [1]
rtRootOutputs           0x0011133c    0x1c  Data  Lc  app_Main10msMgr_capi.o [1]
rtRootOutputs           0x00111390    0x1c  Data  Lc  app_Main1msMgr_capi.o [1]
rtRootOutputs           0x001113e4    0x1c  Data  Lc  app_Main50msMgr_capi.o [1]
rtSampleTimeMap         0x0011156c     0xc  Data  Lc  app_Main100msMgr_capi.o [1]
rtSampleTimeMap         0x0011159c     0xc  Data  Lc  app_Main10msMgr_capi.o [1]
rtSampleTimeMap         0x001115c0     0xc  Data  Lc  app_Main1msMgr_capi.o [1]
rtSampleTimeMap         0x001115d8     0xc  Data  Lc  app_Main50msMgr_capi.o [1]
rtVarDimsAddrMap        0x0800cc94     0x4  Data  Lc  app_Main100msMgr_capi.o [1]
rtVarDimsAddrMap        0x0800cc9c     0x4  Data  Lc  app_Main10msMgr_capi.o [1]
rtVarDimsAddrMap        0x0800cca0     0x4  Data  Lc  app_Main1msMgr_capi.o [1]
rtVarDimsAddrMap        0x0800cca4     0x4  Data  Lc  app_Main50msMgr_capi.o [1]
rtcapiStoredFloats      0x001114d0    0x10  Data  Lc  app_Main10msMgr_capi.o [1]
u8ReadBootFlag          0x0800cd0a     0x1  Data  Gb  ecu_mem.o [1]


[1] = C:\Tools\Jenkins\workspace\FordeMCD\01_Software\Flash_Debug\Obj
[2] = command line
[3] = F021_API_CortexR4_BE.lib
[4] = dl7Sx_tbn.a
[5] = m7Sx_tbv.a
[6] = rt7Sx_tb.a
[7] = sh7Sxs_b.a

  65 721 bytes of readonly  code memory
       6 bytes of readwrite code memory
  13 279 bytes of readonly  data memory
  52 492 bytes of readwrite data memory (+ 2 612 absolute)

Errors: none
Warnings: none
