###############################################################################
#
# IAR ELF Linker V7.50.1.10123/W32 for ARM                24/Oct/2024  18:34:07
# Copyright 2007-2015 IAR Systems AB.
#
#    Output file  =  
#        D:\VCU_Projects\deVCU_Rev2\JayemCodeReleaseRev2.2\JayemCodeRelease\01_Software\Flash_Debug\Exe\FordeMCDtest.out
#    Map file     =  
#        D:\VCU_Projects\deVCU_Rev2\JayemCodeReleaseRev2.2\JayemCodeRelease\01_Software\Flash_Debug\List\FordeMCDtest.map
#    Command line =  
#        D:\VCU_Projects\deVCU_Rev2\JayemCodeReleaseRev2.2\JayemCodeRelease\01_Software\Flash_Debug\Obj\app.o
#        D:\VCU_Projects\deVCU_Rev2\JayemCodeReleaseRev2.2\JayemCodeRelease\01_Software\Flash_Debug\Obj\app_diag.o
#        D:\VCU_Projects\deVCU_Rev2\JayemCodeReleaseRev2.2\JayemCodeRelease\01_Software\Flash_Debug\Obj\app_diag_generic_functions.o
#        D:\VCU_Projects\deVCU_Rev2\JayemCodeReleaseRev2.2\JayemCodeRelease\01_Software\Flash_Debug\Obj\app_diag_gf.o
#        D:\VCU_Projects\deVCU_Rev2\JayemCodeReleaseRev2.2\JayemCodeRelease\01_Software\Flash_Debug\Obj\app_FaultMgr.o
#        D:\VCU_Projects\deVCU_Rev2\JayemCodeReleaseRev2.2\JayemCodeRelease\01_Software\Flash_Debug\Obj\app_FaultMgr_cfg.o
#        D:\VCU_Projects\deVCU_Rev2\JayemCodeReleaseRev2.2\JayemCodeRelease\01_Software\Flash_Debug\Obj\app_Main100msMgr.o
#        D:\VCU_Projects\deVCU_Rev2\JayemCodeReleaseRev2.2\JayemCodeRelease\01_Software\Flash_Debug\Obj\app_Main100msMgr_capi.o
#        D:\VCU_Projects\deVCU_Rev2\JayemCodeReleaseRev2.2\JayemCodeRelease\01_Software\Flash_Debug\Obj\app_Main100msMgr_data.o
#        D:\VCU_Projects\deVCU_Rev2\JayemCodeReleaseRev2.2\JayemCodeRelease\01_Software\Flash_Debug\Obj\app_Main10msMgr.o
#        D:\VCU_Projects\deVCU_Rev2\JayemCodeReleaseRev2.2\JayemCodeRelease\01_Software\Flash_Debug\Obj\app_Main10msMgr_capi.o
#        D:\VCU_Projects\deVCU_Rev2\JayemCodeReleaseRev2.2\JayemCodeRelease\01_Software\Flash_Debug\Obj\app_Main10msMgr_data.o
#        D:\VCU_Projects\deVCU_Rev2\JayemCodeReleaseRev2.2\JayemCodeRelease\01_Software\Flash_Debug\Obj\app_Main1msMgr.o
#        D:\VCU_Projects\deVCU_Rev2\JayemCodeReleaseRev2.2\JayemCodeRelease\01_Software\Flash_Debug\Obj\app_Main1msMgr_capi.o
#        D:\VCU_Projects\deVCU_Rev2\JayemCodeReleaseRev2.2\JayemCodeRelease\01_Software\Flash_Debug\Obj\app_Main1msMgr_data.o
#        D:\VCU_Projects\deVCU_Rev2\JayemCodeReleaseRev2.2\JayemCodeRelease\01_Software\Flash_Debug\Obj\app_Main50msMgr.o
#        D:\VCU_Projects\deVCU_Rev2\JayemCodeReleaseRev2.2\JayemCodeRelease\01_Software\Flash_Debug\Obj\app_Main50msMgr_capi.o
#        D:\VCU_Projects\deVCU_Rev2\JayemCodeReleaseRev2.2\JayemCodeRelease\01_Software\Flash_Debug\Obj\app_Main50msMgr_data.o
#        D:\VCU_Projects\deVCU_Rev2\JayemCodeReleaseRev2.2\JayemCodeRelease\01_Software\Flash_Debug\Obj\can_datatype_ground.o
#        D:\VCU_Projects\deVCU_Rev2\JayemCodeReleaseRev2.2\JayemCodeRelease\01_Software\Flash_Debug\Obj\div_s32.o
#        D:\VCU_Projects\deVCU_Rev2\JayemCodeReleaseRev2.2\JayemCodeRelease\01_Software\Flash_Debug\Obj\Double2MultiWord.o
#        D:\VCU_Projects\deVCU_Rev2\JayemCodeReleaseRev2.2\JayemCodeRelease\01_Software\Flash_Debug\Obj\ecu.o
#        D:\VCU_Projects\deVCU_Rev2\JayemCodeReleaseRev2.2\JayemCodeRelease\01_Software\Flash_Debug\Obj\ecu_anlg.o
#        D:\VCU_Projects\deVCU_Rev2\JayemCodeReleaseRev2.2\JayemCodeRelease\01_Software\Flash_Debug\Obj\ecu_anlg_cfg.o
#        D:\VCU_Projects\deVCU_Rev2\JayemCodeReleaseRev2.2\JayemCodeRelease\01_Software\Flash_Debug\Obj\ecu_com.o
#        D:\VCU_Projects\deVCU_Rev2\JayemCodeReleaseRev2.2\JayemCodeRelease\01_Software\Flash_Debug\Obj\ecu_com_cfg.o
#        D:\VCU_Projects\deVCU_Rev2\JayemCodeReleaseRev2.2\JayemCodeRelease\01_Software\Flash_Debug\Obj\ecu_com_cfg_gen.o
#        D:\VCU_Projects\deVCU_Rev2\JayemCodeReleaseRev2.2\JayemCodeRelease\01_Software\Flash_Debug\Obj\ecu_diag.o
#        D:\VCU_Projects\deVCU_Rev2\JayemCodeReleaseRev2.2\JayemCodeRelease\01_Software\Flash_Debug\Obj\ecu_diag_cfg.o
#        D:\VCU_Projects\deVCU_Rev2\JayemCodeReleaseRev2.2\JayemCodeRelease\01_Software\Flash_Debug\Obj\ecu_io.o
#        D:\VCU_Projects\deVCU_Rev2\JayemCodeReleaseRev2.2\JayemCodeRelease\01_Software\Flash_Debug\Obj\ecu_io_cfg.o
#        D:\VCU_Projects\deVCU_Rev2\JayemCodeReleaseRev2.2\JayemCodeRelease\01_Software\Flash_Debug\Obj\ecu_mem.o
#        D:\VCU_Projects\deVCU_Rev2\JayemCodeReleaseRev2.2\JayemCodeRelease\01_Software\Flash_Debug\Obj\ecu_mem_cfg.o
#        D:\VCU_Projects\deVCU_Rev2\JayemCodeReleaseRev2.2\JayemCodeRelease\01_Software\Flash_Debug\Obj\ecu_serial.o
#        D:\VCU_Projects\deVCU_Rev2\JayemCodeReleaseRev2.2\JayemCodeRelease\01_Software\Flash_Debug\Obj\ecu_serial_cfg.o
#        D:\VCU_Projects\deVCU_Rev2\JayemCodeReleaseRev2.2\JayemCodeRelease\01_Software\Flash_Debug\Obj\ecu_system.o
#        D:\VCU_Projects\deVCU_Rev2\JayemCodeReleaseRev2.2\JayemCodeRelease\01_Software\Flash_Debug\Obj\ecu_system_cfg.o
#        D:\VCU_Projects\deVCU_Rev2\JayemCodeReleaseRev2.2\JayemCodeRelease\01_Software\Flash_Debug\Obj\ecu_txcp.o
#        D:\VCU_Projects\deVCU_Rev2\JayemCodeReleaseRev2.2\JayemCodeRelease\01_Software\Flash_Debug\Obj\ecu_txcp_cfg.o
#        D:\VCU_Projects\deVCU_Rev2\JayemCodeReleaseRev2.2\JayemCodeRelease\01_Software\Flash_Debug\Obj\ecu_wdg.o
#        D:\VCU_Projects\deVCU_Rev2\JayemCodeReleaseRev2.2\JayemCodeRelease\01_Software\Flash_Debug\Obj\ecu_wdg_cfg.o
#        D:\VCU_Projects\deVCU_Rev2\JayemCodeReleaseRev2.2\JayemCodeRelease\01_Software\Flash_Debug\Obj\Fapi_UserDefinedFunctions.o
#        D:\VCU_Projects\deVCU_Rev2\JayemCodeReleaseRev2.2\JayemCodeRelease\01_Software\Flash_Debug\Obj\lib_data.o
#        D:\VCU_Projects\deVCU_Rev2\JayemCodeReleaseRev2.2\JayemCodeRelease\01_Software\Flash_Debug\Obj\lib_delay.o
#        D:\VCU_Projects\deVCU_Rev2\JayemCodeReleaseRev2.2\JayemCodeRelease\01_Software\Flash_Debug\Obj\look1_binlcapw.o
#        D:\VCU_Projects\deVCU_Rev2\JayemCodeReleaseRev2.2\JayemCodeRelease\01_Software\Flash_Debug\Obj\look1_binlcpw.o
#        D:\VCU_Projects\deVCU_Rev2\JayemCodeReleaseRev2.2\JayemCodeRelease\01_Software\Flash_Debug\Obj\look1_binlxpw.o
#        D:\VCU_Projects\deVCU_Rev2\JayemCodeReleaseRev2.2\JayemCodeRelease\01_Software\Flash_Debug\Obj\look2_binlcapw.o
#        D:\VCU_Projects\deVCU_Rev2\JayemCodeReleaseRev2.2\JayemCodeRelease\01_Software\Flash_Debug\Obj\look2_binlxpw.o
#        D:\VCU_Projects\deVCU_Rev2\JayemCodeReleaseRev2.2\JayemCodeRelease\01_Software\Flash_Debug\Obj\low_level_init.o
#        D:\VCU_Projects\deVCU_Rev2\JayemCodeReleaseRev2.2\JayemCodeRelease\01_Software\Flash_Debug\Obj\main.o
#        D:\VCU_Projects\deVCU_Rev2\JayemCodeReleaseRev2.2\JayemCodeRelease\01_Software\Flash_Debug\Obj\MultiWordXor.o
#        D:\VCU_Projects\deVCU_Rev2\JayemCodeReleaseRev2.2\JayemCodeRelease\01_Software\Flash_Debug\Obj\os.o
#        D:\VCU_Projects\deVCU_Rev2\JayemCodeReleaseRev2.2\JayemCodeRelease\01_Software\Flash_Debug\Obj\os_cfg.o
#        D:\VCU_Projects\deVCU_Rev2\JayemCodeReleaseRev2.2\JayemCodeRelease\01_Software\Flash_Debug\Obj\os_tasks.o
#        D:\VCU_Projects\deVCU_Rev2\JayemCodeReleaseRev2.2\JayemCodeRelease\01_Software\Flash_Debug\Obj\rt_nonfinite.o
#        D:\VCU_Projects\deVCU_Rev2\JayemCodeReleaseRev2.2\JayemCodeRelease\01_Software\Flash_Debug\Obj\rt_powd_snf.o
#        D:\VCU_Projects\deVCU_Rev2\JayemCodeReleaseRev2.2\JayemCodeRelease\01_Software\Flash_Debug\Obj\rt_remd_snf.o
#        D:\VCU_Projects\deVCU_Rev2\JayemCodeReleaseRev2.2\JayemCodeRelease\01_Software\Flash_Debug\Obj\rt_roundd_snf.o
#        D:\VCU_Projects\deVCU_Rev2\JayemCodeReleaseRev2.2\JayemCodeRelease\01_Software\Flash_Debug\Obj\rte.o
#        D:\VCU_Projects\deVCU_Rev2\JayemCodeReleaseRev2.2\JayemCodeRelease\01_Software\Flash_Debug\Obj\rte_tasks.o
#        D:\VCU_Projects\deVCU_Rev2\JayemCodeReleaseRev2.2\JayemCodeRelease\01_Software\Flash_Debug\Obj\rtGetInf.o
#        D:\VCU_Projects\deVCU_Rev2\JayemCodeReleaseRev2.2\JayemCodeRelease\01_Software\Flash_Debug\Obj\rtGetNaN.o
#        D:\VCU_Projects\deVCU_Rev2\JayemCodeReleaseRev2.2\JayemCodeRelease\01_Software\Flash_Debug\Obj\tms570ls3137_cstartup.o
#        D:\VCU_Projects\deVCU_Rev2\JayemCodeReleaseRev2.2\JayemCodeRelease\01_Software\Flash_Debug\Obj\uc.o
#        D:\VCU_Projects\deVCU_Rev2\JayemCodeReleaseRev2.2\JayemCodeRelease\01_Software\Flash_Debug\Obj\uc_adc.o
#        D:\VCU_Projects\deVCU_Rev2\JayemCodeReleaseRev2.2\JayemCodeRelease\01_Software\Flash_Debug\Obj\uc_adc_cfg.o
#        D:\VCU_Projects\deVCU_Rev2\JayemCodeReleaseRev2.2\JayemCodeRelease\01_Software\Flash_Debug\Obj\uc_can.o
#        D:\VCU_Projects\deVCU_Rev2\JayemCodeReleaseRev2.2\JayemCodeRelease\01_Software\Flash_Debug\Obj\uc_can_cfg.o
#        D:\VCU_Projects\deVCU_Rev2\JayemCodeReleaseRev2.2\JayemCodeRelease\01_Software\Flash_Debug\Obj\uc_dio.o
#        D:\VCU_Projects\deVCU_Rev2\JayemCodeReleaseRev2.2\JayemCodeRelease\01_Software\Flash_Debug\Obj\uc_dio_cfg.o
#        D:\VCU_Projects\deVCU_Rev2\JayemCodeReleaseRev2.2\JayemCodeRelease\01_Software\Flash_Debug\Obj\uc_eeprom.o
#        D:\VCU_Projects\deVCU_Rev2\JayemCodeReleaseRev2.2\JayemCodeRelease\01_Software\Flash_Debug\Obj\uc_eeprom_cfg.o
#        D:\VCU_Projects\deVCU_Rev2\JayemCodeReleaseRev2.2\JayemCodeRelease\01_Software\Flash_Debug\Obj\uc_flash.o
#        D:\VCU_Projects\deVCU_Rev2\JayemCodeReleaseRev2.2\JayemCodeRelease\01_Software\Flash_Debug\Obj\uc_flash_cfg.o
#        D:\VCU_Projects\deVCU_Rev2\JayemCodeReleaseRev2.2\JayemCodeRelease\01_Software\Flash_Debug\Obj\uc_pwm.o
#        D:\VCU_Projects\deVCU_Rev2\JayemCodeReleaseRev2.2\JayemCodeRelease\01_Software\Flash_Debug\Obj\uc_pwm_cfg.o
#        D:\VCU_Projects\deVCU_Rev2\JayemCodeReleaseRev2.2\JayemCodeRelease\01_Software\Flash_Debug\Obj\uc_spi.o
#        D:\VCU_Projects\deVCU_Rev2\JayemCodeReleaseRev2.2\JayemCodeRelease\01_Software\Flash_Debug\Obj\uc_spi_cfg.o
#        D:\VCU_Projects\deVCU_Rev2\JayemCodeReleaseRev2.2\JayemCodeRelease\01_Software\Flash_Debug\Obj\uc_system.o
#        D:\VCU_Projects\deVCU_Rev2\JayemCodeReleaseRev2.2\JayemCodeRelease\01_Software\Flash_Debug\Obj\uc_system_cfg.o
#        D:\VCU_Projects\deVCU_Rev2\JayemCodeReleaseRev2.2\JayemCodeRelease\01_Software\Flash_Debug\Obj\uc_timer.o
#        D:\VCU_Projects\deVCU_Rev2\JayemCodeReleaseRev2.2\JayemCodeRelease\01_Software\Flash_Debug\Obj\uc_timer_cfg.o
#        "D:\VCU_Projects\deVCU_Rev2\JayemCodeReleaseRev2.2\JayemCodeRelease\01_Software\Flash_Debug\Obj\uc_uart
#        _cfg.o"
#        D:\VCU_Projects\deVCU_Rev2\JayemCodeReleaseRev2.2\JayemCodeRelease\01_Software\Flash_Debug\Obj\uc_uart.o
#        D:\VCU_Projects\deVCU_Rev2\JayemCodeReleaseRev2.2\JayemCodeRelease\01_Software\Flash_Debug\Obj\uc_wdg.o
#        D:\VCU_Projects\deVCU_Rev2\JayemCodeReleaseRev2.2\JayemCodeRelease\01_Software\Flash_Debug\Obj\uc_wdg_cfg.o
#        D:\VCU_Projects\deVCU_Rev2\JayemCodeReleaseRev2.2\JayemCodeRelease\01_Software\Flash_Debug\Obj\uLong2MultiWord.o
#        D:\VCU_Projects\deVCU_Rev2\JayemCodeReleaseRev2.2\JayemCodeRelease\01_Software\Flash_Debug\Obj\uMultiWord2Double.o
#        -o
#        D:\VCU_Projects\deVCU_Rev2\JayemCodeReleaseRev2.2\JayemCodeRelease\01_Software\Flash_Debug\Exe\FordeMCDtest.out
#        --redirect _Printf=_PrintfFull --redirect _Scanf=_ScanfFull --map
#        D:\VCU_Projects\deVCU_Rev2\JayemCodeReleaseRev2.2\JayemCodeRelease\01_Software\Flash_Debug\List\FordeMCDtest.map
#        --log
#        libraries,initialization,modules,redirects,sections,veneers,unused_fragments
#        --log_file
#        D:\VCU_Projects\deVCU_Rev2\JayemCodeReleaseRev2.2\JayemCodeRelease\01_Software\Flash_Debug\List\FordeMCDtest.log
#        --config
#        D:\VCU_Projects\deVCU_Rev2\JayemCodeReleaseRev2.2\JayemCodeRelease\01_Software\config\TMS570LS3137_flash.icf
#        --semihosting
#        "D:\VCU_Projects\deVCU_Rev2\JayemCodeReleaseRev2.2\JayemCodeRelease\01_Software\01_Code\deMCD\Core\LIB\F021
#        Flash API\02.01.01\F021_API_CortexR4_BE.lib" --entry
#        __iar_program_start --BE32 --vfe
#
###############################################################################

*******************************************************************************
*** RUNTIME MODEL ATTRIBUTES
***

CppFlavor       = *
__SystemLibrary = DLib


*******************************************************************************
*** PLACEMENT SUMMARY
***

"A1":  place at 0x00100000 { ro section .intvec };
"P1":  place in [from 0x00100040 to 0x002fffff] { ro };
"P2":  place in [from 0x08000000 to 0x0803ffff] {
          rw, block CSTACK, block SVC_STACK, block IRQ_STACK, block FIQ_STACK,
          block UND_STACK, block ABT_STACK, block HEAP };

  Section                 Kind        Address     Size  Object
  -------                 ----        -------     ----  ------
"A1":                                             0x3c
  .intvec                 ro code  0x00100000     0x3c  tms570ls3137_cstartup.o [1]
                                 - 0x0010003c     0x3c

"P1":                                          0x1ae88
  .text                   ro code  0x00100040   0x2a72  app_Main10msMgr.o [1]
  .rodata                 const    0x00102ab2      0x2  ecu_anlg_cfg.o [1]
  .text                   ro code  0x00102ab4    0x2f8  ecu_anlg.o [1]
  .text                   ro code  0x00102dac   0x1b14  rte.o [1]
  .text                   ro code  0x001048c0   0x1f68  ecu_com.o [1]
  .text                   ro code  0x00106828    0xfe0  ecu_io.o [1]
  .text                   ro code  0x00107808     0x68  floor.o [5]
  .text                   ro code  0x00107870     0x98  rt_nonfinite.o [1]
  .text                   ro code  0x00107908    0x1c4  fmod.o [5]
  .text                   ro code  0x00107acc     0x74  ABImemset.o [6]
  .text                   ro code  0x00107b40     0x54  app_Main10msMgr_capi.o [1]
  .text                   ro code  0x00107b94    0x6c4  uc_adc.o [1]
  .text                   ro code  0x00108258     0x3e  lib_data.o [1]
  .rodata                 const    0x00108296      0x1  app_Main10msMgr_capi.o [1]
  .text                   ro code  0x00108298    0x474  app_FaultMgr.o [1]
  .text                   ro code  0x0010870c    0x1ee  app_Main1msMgr.o [1]
  .text                   ro code  0x001088fc     0x3e  app_Main50msMgr.o [1]
  .text                   ro code  0x0010893c     0x3e  app_Main100msMgr.o [1]
  .text                   ro code  0x0010897c   0x2784  uc_can.o [1]
  .text                   ro code  0x0010b100   0x1bb8  uc_spi.o [1]
  .text                   ro code  0x0010ccb8    0x520  uc_dio.o [1]
  .text                   ro code  0x0010d1d8    0xd1c  uc_pwm.o [1]
  .text                   ro code  0x0010def4     0xd4  ecu_system.o [1]
  .text                   ro code  0x0010dfc8     0x64  rtGetNaN.o [1]
  .text                   ro code  0x0010e02c     0xac  rtGetInf.o [1]
  .text                   ro code  0x0010e0d8     0x14  iarEdom.o [6]
  .text                   ro code  0x0010e0ec    0x438  ecu_mem.o [1]
  .text                   ro code  0x0010e524     0x54  app_Main1msMgr_capi.o [1]
  .text                   ro code  0x0010e578     0x54  app_Main50msMgr_capi.o [1]
  .text                   ro code  0x0010e5cc     0x54  app_Main100msMgr_capi.o [1]
  Veneer                  ro code  0x0010e620      0x8  - Linker created -
  .text                   ro code  0x0010e628    0x160  uc_system.o [1]
  .text                   ro code  0x0010e788     0xd4  ABImemcpy.o [6]
  .text                   ro code  0x0010e85c     0x4a  round.o [5]
  .text                   ro code  0x0010e8a8    0x248  os.o [1]
  .text                   ro code  0x0010eaf0     0x5c  ecu_wdg.o [1]
  .text                   ro code  0x0010eb4c     0x14  lib_delay.o [1]
  .text                   ro code  0x0010eb60      0xc  errno.o [4]
  .text                   ro code  0x0010eb6c    0x258  uc_eeprom.o [1]
  .text                   ro code  0x0010edc4      0x8  ABImemclr4.o [6]
  .text                   ro code  0x0010edcc    0x1c0  low_level_init.o [1]
  .text                   ro code  0x0010ef8c     0x7a  xdint.o [5]
  .text                   ro code  0x0010f008    0x264  uc_timer.o [1]
  .text                   ro code  0x0010f26c      0x2  xtls.o [4]
  .text:Fapi_initializeFlashBanks
                          ro code  0x0010f270    0x260  FlashStateMachine.InitializeFlashBanks.obj [3]
  .text:Fapi_setActiveFlashBank
                          ro code  0x0010f4d0    0x17c  FlashStateMachine.SetActiveBank.obj [3]
  .text:Fapi_enableEepromBankSectors
                          ro code  0x0010f64c     0x80  FlashStateMachine.EnableEepromSectors.obj [3]
  .text:Fapi_issueAsyncCommand
                          ro code  0x0010f6cc     0x2a  Async.obj [3]
  .text:Fapi_issueProgrammingCommand
                          ro code  0x0010f6f8    0x178  Program.obj [3]
  .text:Fapi_doMarginRead
                          ro code  0x0010f870     0x6e  Read.Margin.obj [3]
  .text:Fapi_issueAsyncCommandWithAddress
                          ro code  0x0010f8e0     0x30  Async.WithAddress.obj [3]
  .text                   ro code  0x0010f910     0x38  ABImemset48.o [6]
  .text:Fapi_calculateFletcherChecksum
                          ro code  0x0010f948     0x36  Utilities.CalculateFletcher.obj [3]
  .text:_Fapi_divideUnsignedLong
                          ro code  0x0010f97e     0x1c  FlashStateMachine.InitializeFlashBanks.obj [3]
  .text:_scaleMainFclk    ro code  0x0010f99c     0x10  FlashStateMachine.ScaleFclk.obj [3]
  .text:_scaleEEFclk      ro code  0x0010f9ac     0x10  FlashStateMachine.ScaleFclk.obj [3]
  .text:Fapi_getNumberOfBankSectors
                          ro code  0x0010f9bc     0x10  Utilities.GetNumberOfSectors.obj [3]
  .text:_Fapi_EnableSectors
                          ro code  0x0010f9cc     0x44  FlashStateMachine.EnableEepromSectors.obj [3]
  .text:_Fapi_issueFsmCommand
                          ro code  0x0010fa10     0x3c  FlashStateMachine.IssueFsmCommand.obj [3]
  .text:Fapi_calculateEcc
                          ro code  0x0010fa4c     0x14  Utilities.CalculateEcc.obj [3]
  .text:_Fapi_enterMarginMode
                          ro code  0x0010fa60     0x68  Read.Common.obj [3]
  .text:Fapi_isAddressEcc
                          ro code  0x0010fac8     0x50  FlashStateMachine.Hercules.IsEccAddress.obj [3]
  .text:_Fapi_checkWdService
                          ro code  0x0010fb18      0xc  Read.WdService.obj [3]
  .text:_Fapi_exitMarginMode
                          ro code  0x0010fb24     0x2c  Read.Common.obj [3]
  .text:Fapi_flushPipeline
                          ro code  0x0010fb50     0x22  Read.FlushPipeline.obj [3]
  .text                   ro code  0x0010fb72      0x4  Fapi_UserDefinedFunctions.o [1]
  .text:Fapi_waitDelay    ro code  0x0010fb76     0x30  Utilities.WaitDelay.obj [3]
  .text                   ro code  0x0010fba8   0x1dac  app_diag.o [1]
  .text                   ro code  0x00111954    0x458  ecu_diag.o [1]
  .text                   ro code  0x00111dac    0x6c6  app_diag_gf.o [1]
  .text                   ro code  0x00112474    0xc94  uc_uart.o [1]
  .rodata                 const    0x00113108    0xf00  app_Main10msMgr_capi.o [1]
  .text                   ro code  0x00114008    0xb14  ecu_serial.o [1]
  .rodata                 const    0x00114b1c    0x7c4  app_Main10msMgr_capi.o [1]
  .text                   ro code  0x001152e0    0x31c  main.o [1]
  .text                   ro code  0x001155fc     0x30  uc.o [1]
  .text                   ro code  0x0011562c     0x3c  ecu.o [1]
  .text                   ro code  0x00115668      0xa  app.o [1]
  .text                   ro code  0x00115674    0x1e4  ecu_txcp.o [1]
  .text                   ro code  0x00115858    0x1cc  tms570ls3137_cstartup.o [1]
  .rodata                 const    0x00115a24    0x1a4  app_Main1msMgr_capi.o [1]
  .text                   ro code  0x00115bc8     0xa4  os_tasks.o [1]
  .text                   ro code  0x00115c6c     0x24  rte_tasks.o [1]
  .rodata                 const    0x00115c90     0x78  app_Main10msMgr_capi.o [1]
  .text                   ro code  0x00115d08     0x78  lz77_init_single.o [6]
  .rodata                 const    0x00115d80     0x64  app_Main10msMgr_capi.o [1]
  .rodata                 const    0x00115de4     0x58  app_Main10msMgr_capi.o [1]
  .rodata                 const    0x00115e3c     0x48  app_Main10msMgr_capi.o [1]
  .rodata                 const    0x00115e84     0x48  app_Main10msMgr_capi.o [1]
  .rodata                 const    0x00115ecc     0x48  app_Main10msMgr_capi.o [1]
  .rodata                 const    0x00115f14     0x48  app_Main10msMgr_capi.o [1]
  .rodata                 const    0x00115f5c     0x48  app_Main10msMgr_capi.o [1]
  .rodata                 const    0x00115fa4     0x48  app_Main10msMgr_capi.o [1]
  .rodata                 const    0x00115fec     0x48  app_Main10msMgr_capi.o [1]
  .rodata                 const    0x00116034     0x48  app_Main10msMgr_capi.o [1]
  .rodata                 const    0x0011607c     0x48  app_Main10msMgr_capi.o [1]
  .rodata                 const    0x001160c4     0x48  app_Main10msMgr_capi.o [1]
  .rodata                 const    0x0011610c     0x48  app_Main10msMgr_capi.o [1]
  .rodata                 const    0x00116154     0x48  app_Main10msMgr_capi.o [1]
  .rodata                 const    0x0011619c     0x48  app_Main10msMgr_capi.o [1]
  .rodata                 const    0x001161e4     0x48  app_Main10msMgr_capi.o [1]
  .rodata                 const    0x0011622c     0x48  app_Main10msMgr_capi.o [1]
  .rodata                 const    0x00116274     0x48  app_Main10msMgr_capi.o [1]
  .rodata                 const    0x001162bc     0x48  app_Main10msMgr_capi.o [1]
  .rodata                 const    0x00116304     0x48  app_Main10msMgr_capi.o [1]
  .rodata                 const    0x0011634c     0x48  app_Main10msMgr_capi.o [1]
  .rodata                 const    0x00116394     0x48  app_Main10msMgr_capi.o [1]
  .rodata                 const    0x001163dc     0x40  app_Main10msMgr_capi.o [1]
  .rodata                 const    0x0011641c     0x40  app_Main10msMgr_capi.o [1]
  .text                   ro code  0x0011645c     0x40  zero_init3.o [6]
  .rodata                 const    0x0011649c     0x3c  app_Main10msMgr_capi.o [1]
  .rodata                 const    0x001164d8     0x3c  app_Main10msMgr_capi.o [1]
  .rodata                 const    0x00116514     0x3c  app_Main10msMgr_capi.o [1]
  .rodata                 const    0x00116550     0x3c  app_Main10msMgr_capi.o [1]
  .rodata                 const    0x0011658c     0x3c  app_Main10msMgr_capi.o [1]
  .rodata                 const    0x001165c8     0x3c  app_Main10msMgr_capi.o [1]
  .rodata                 const    0x00116604     0x3c  app_Main10msMgr_capi.o [1]
  .rodata                 const    0x00116640     0x3c  app_Main10msMgr_capi.o [1]
  .rodata                 const    0x0011667c     0x3c  app_Main10msMgr_capi.o [1]
  .rodata                 const    0x001166b8     0x3c  app_Main10msMgr_capi.o [1]
  .rodata                 const    0x001166f4     0x3c  app_Main10msMgr_capi.o [1]
  .rodata                 const    0x00116730     0x3c  app_Main10msMgr_capi.o [1]
  .rodata                 const    0x0011676c     0x3c  app_Main10msMgr_capi.o [1]
  .rodata                 const    0x001167a8     0x3c  app_Main10msMgr_capi.o [1]
  .rodata                 const    0x001167e4     0x3c  app_Main10msMgr_capi.o [1]
  .rodata                 const    0x00116820     0x3c  app_Main10msMgr_capi.o [1]
  .rodata                 const    0x0011685c     0x3c  app_Main10msMgr_capi.o [1]
  .rodata                 const    0x00116898     0x3c  app_Main10msMgr_capi.o [1]
  .rodata                 const    0x001168d4     0x3c  app_Main10msMgr_capi.o [1]
  .rodata                 const    0x00116910     0x3c  app_Main10msMgr_capi.o [1]
  .rodata                 const    0x0011694c     0x3c  app_Main10msMgr_capi.o [1]
  .rodata                 const    0x00116988     0x3c  app_Main10msMgr_capi.o [1]
  .rodata                 const    0x001169c4     0x38  app_Main10msMgr_capi.o [1]
  .rodata                 const    0x001169fc     0x38  app_Main10msMgr_capi.o [1]
  .rodata                 const    0x00116a34     0x38  app_Main10msMgr_capi.o [1]
  .rodata                 const    0x00116a6c     0x38  app_Main10msMgr_capi.o [1]
  .rodata                 const    0x00116aa4     0x38  app_Main10msMgr_capi.o [1]
  .rodata                 const    0x00116adc     0x38  app_Main10msMgr_capi.o [1]
  .rodata                 const    0x00116b14     0x34  app_Main100msMgr_capi.o [1]
  .rodata                 const    0x00116b48     0x34  app_Main10msMgr_capi.o [1]
  .rodata                 const    0x00116b7c     0x34  app_Main10msMgr_capi.o [1]
  .rodata                 const    0x00116bb0     0x34  app_Main10msMgr_capi.o [1]
  .rodata                 const    0x00116be4     0x34  app_Main10msMgr_capi.o [1]
  .rodata                 const    0x00116c18     0x34  app_Main10msMgr_capi.o [1]
  .rodata                 const    0x00116c4c     0x34  app_Main1msMgr_capi.o [1]
  .rodata                 const    0x00116c80     0x34  app_Main1msMgr_capi.o [1]
  .rodata                 const    0x00116cb4     0x34  app_Main1msMgr_capi.o [1]
  .rodata                 const    0x00116ce8     0x34  app_Main1msMgr_capi.o [1]
  .rodata                 const    0x00116d1c     0x34  app_Main1msMgr_capi.o [1]
  .rodata                 const    0x00116d50     0x34  app_Main1msMgr_capi.o [1]
  .rodata                 const    0x00116d84     0x34  app_Main1msMgr_capi.o [1]
  .rodata                 const    0x00116db8     0x34  app_Main1msMgr_capi.o [1]
  .rodata                 const    0x00116dec     0x34  app_Main1msMgr_capi.o [1]
  .rodata                 const    0x00116e20     0x34  app_Main1msMgr_capi.o [1]
  .rodata                 const    0x00116e54     0x34  app_Main1msMgr_capi.o [1]
  .rodata                 const    0x00116e88     0x34  app_Main1msMgr_capi.o [1]
  .rodata                 const    0x00116ebc     0x34  app_Main1msMgr_capi.o [1]
  .rodata                 const    0x00116ef0     0x34  app_Main1msMgr_capi.o [1]
  .rodata                 const    0x00116f24     0x34  app_Main1msMgr_capi.o [1]
  .rodata                 const    0x00116f58     0x34  app_Main1msMgr_capi.o [1]
  .rodata                 const    0x00116f8c     0x30  app_Main10msMgr_capi.o [1]
  .rodata                 const    0x00116fbc     0x30  app_Main10msMgr_capi.o [1]
  .rodata                 const    0x00116fec     0x30  app_Main10msMgr_capi.o [1]
  .rodata                 const    0x0011701c     0x30  app_Main10msMgr_capi.o [1]
  .rodata                 const    0x0011704c     0x30  app_Main10msMgr_capi.o [1]
  .rodata                 const    0x0011707c     0x30  app_Main10msMgr_capi.o [1]
  .rodata                 const    0x001170ac     0x30  app_Main10msMgr_capi.o [1]
  .rodata                 const    0x001170dc     0x30  app_Main10msMgr_capi.o [1]
  .rodata                 const    0x0011710c     0x30  app_Main10msMgr_capi.o [1]
  .rodata                 const    0x0011713c     0x30  app_Main10msMgr_capi.o [1]
  .rodata                 const    0x0011716c     0x30  app_Main10msMgr_capi.o [1]
  .rodata                 const    0x0011719c     0x30  app_Main10msMgr_capi.o [1]
  .rodata                 const    0x001171cc     0x30  app_Main10msMgr_capi.o [1]
  .rodata                 const    0x001171fc     0x30  app_Main10msMgr_capi.o [1]
  .rodata                 const    0x0011722c     0x30  app_Main10msMgr_capi.o [1]
  .rodata                 const    0x0011725c     0x30  app_Main10msMgr_capi.o [1]
  .rodata                 const    0x0011728c     0x30  app_Main10msMgr_capi.o [1]
  .rodata                 const    0x001172bc     0x30  app_Main10msMgr_capi.o [1]
  .rodata                 const    0x001172ec     0x30  app_Main10msMgr_capi.o [1]
  .rodata                 const    0x0011731c     0x30  app_Main10msMgr_capi.o [1]
  .rodata                 const    0x0011734c     0x30  app_Main10msMgr_capi.o [1]
  .rodata                 const    0x0011737c     0x30  app_Main10msMgr_capi.o [1]
  .rodata                 const    0x001173ac     0x30  app_Main10msMgr_capi.o [1]
  .rodata                 const    0x001173dc     0x30  app_Main10msMgr_capi.o [1]
  .rodata                 const    0x0011740c     0x30  app_Main10msMgr_capi.o [1]
  .rodata                 const    0x0011743c     0x30  app_Main10msMgr_capi.o [1]
  .rodata                 const    0x0011746c     0x30  app_Main10msMgr_capi.o [1]
  .rodata                 const    0x0011749c     0x30  app_Main10msMgr_capi.o [1]
  .rodata                 const    0x001174cc     0x30  app_Main10msMgr_capi.o [1]
  .rodata                 const    0x001174fc     0x30  app_Main10msMgr_capi.o [1]
  .rodata                 const    0x0011752c     0x30  app_Main10msMgr_capi.o [1]
  .rodata                 const    0x0011755c     0x30  app_Main10msMgr_capi.o [1]
  .rodata                 const    0x0011758c     0x30  app_Main10msMgr_capi.o [1]
  .rodata                 const    0x001175bc     0x30  app_Main10msMgr_capi.o [1]
  .rodata                 const    0x001175ec     0x30  app_Main10msMgr_capi.o [1]
  .rodata                 const    0x0011761c     0x30  app_Main10msMgr_capi.o [1]
  .rodata                 const    0x0011764c     0x30  app_Main10msMgr_capi.o [1]
  .rodata                 const    0x0011767c     0x30  app_Main10msMgr_capi.o [1]
  .rodata                 const    0x001176ac     0x30  app_Main10msMgr_capi.o [1]
  .rodata                 const    0x001176dc     0x30  app_Main10msMgr_capi.o [1]
  .rodata                 const    0x0011770c     0x30  app_Main1msMgr_capi.o [1]
  .rodata                 const    0x0011773c     0x30  app_Main1msMgr_capi.o [1]
  .rodata                 const    0x0011776c     0x30  app_Main50msMgr_capi.o [1]
  .text                   ro code  0x0011779c     0x30  data_init.o [6]
  .rodata                 const    0x001177cc     0x2c  app_Main10msMgr_capi.o [1]
  .rodata                 const    0x001177f8     0x2c  app_Main10msMgr_capi.o [1]
  .rodata                 const    0x00117824     0x2c  app_Main10msMgr_capi.o [1]
  .rodata                 const    0x00117850     0x2c  app_Main10msMgr_capi.o [1]
  .rodata                 const    0x0011787c     0x2c  app_Main10msMgr_capi.o [1]
  .rodata                 const    0x001178a8     0x2c  app_Main10msMgr_capi.o [1]
  .rodata                 const    0x001178d4     0x2c  app_Main10msMgr_capi.o [1]
  .rodata                 const    0x00117900     0x2c  app_Main10msMgr_capi.o [1]
  .rodata                 const    0x0011792c     0x2c  app_Main10msMgr_capi.o [1]
  .rodata                 const    0x00117958     0x2c  app_Main10msMgr_capi.o [1]
  .rodata                 const    0x00117984     0x2c  app_Main10msMgr_capi.o [1]
  .rodata                 const    0x001179b0     0x2c  app_Main10msMgr_capi.o [1]
  .rodata                 const    0x001179dc     0x2c  app_Main10msMgr_capi.o [1]
  .rodata                 const    0x00117a08     0x2c  app_Main10msMgr_capi.o [1]
  .rodata                 const    0x00117a34     0x2c  app_Main10msMgr_capi.o [1]
  .rodata                 const    0x00117a60     0x2c  app_Main10msMgr_capi.o [1]
  .rodata                 const    0x00117a8c     0x2c  app_Main10msMgr_capi.o [1]
  .rodata                 const    0x00117ab8     0x2c  app_Main10msMgr_capi.o [1]
  .rodata                 const    0x00117ae4     0x2c  app_Main10msMgr_capi.o [1]
  .rodata                 const    0x00117b10     0x2c  app_Main10msMgr_capi.o [1]
  .rodata                 const    0x00117b3c     0x2c  app_Main10msMgr_capi.o [1]
  .rodata                 const    0x00117b68     0x2c  app_Main10msMgr_capi.o [1]
  .rodata                 const    0x00117b94     0x2c  app_Main10msMgr_capi.o [1]
  .rodata                 const    0x00117bc0     0x2c  app_Main10msMgr_capi.o [1]
  .rodata                 const    0x00117bec     0x2c  app_Main10msMgr_capi.o [1]
  .rodata                 const    0x00117c18     0x2c  app_Main10msMgr_capi.o [1]
  .rodata                 const    0x00117c44     0x2c  app_Main10msMgr_capi.o [1]
  .rodata                 const    0x00117c70     0x2c  app_Main10msMgr_capi.o [1]
  .rodata                 const    0x00117c9c     0x2c  app_Main1msMgr_capi.o [1]
  .text                   ro code  0x00117cc8     0x2c  cmain.o [6]
  Veneer                  ro code  0x00117cf4      0x8  - Linker created -
  .text                   ro code  0x00117cfc      0x4  exit.o [4]
  .text                   ro code  0x00117d00     0x14  exit.o [7]
  .text                   ro code  0x00117d14     0x10  cexit.o [6]
  .rodata                 const    0x00117d24     0x28  app_Main100msMgr_capi.o [1]
  .rodata                 const    0x00117d4c     0x28  app_Main100msMgr_capi.o [1]
  .rodata                 const    0x00117d74     0x28  app_Main10msMgr_capi.o [1]
  .rodata                 const    0x00117d9c     0x28  app_Main10msMgr_capi.o [1]
  .rodata                 const    0x00117dc4     0x28  app_Main10msMgr_capi.o [1]
  .rodata                 const    0x00117dec     0x28  app_Main10msMgr_capi.o [1]
  .rodata                 const    0x00117e14     0x28  app_Main10msMgr_capi.o [1]
  .rodata                 const    0x00117e3c     0x28  app_Main10msMgr_capi.o [1]
  .rodata                 const    0x00117e64     0x28  app_Main10msMgr_capi.o [1]
  .rodata                 const    0x00117e8c     0x28  app_Main10msMgr_capi.o [1]
  .rodata                 const    0x00117eb4     0x28  app_Main10msMgr_capi.o [1]
  .rodata                 const    0x00117edc     0x28  app_Main10msMgr_capi.o [1]
  .rodata                 const    0x00117f04     0x28  app_Main10msMgr_capi.o [1]
  .rodata                 const    0x00117f2c     0x28  app_Main10msMgr_capi.o [1]
  .rodata                 const    0x00117f54     0x28  app_Main10msMgr_capi.o [1]
  .rodata                 const    0x00117f7c     0x28  app_Main10msMgr_capi.o [1]
  .rodata                 const    0x00117fa4     0x28  app_Main10msMgr_capi.o [1]
  .rodata                 const    0x00117fcc     0x28  app_Main10msMgr_capi.o [1]
  .rodata                 const    0x00117ff4     0x28  app_Main10msMgr_capi.o [1]
  .rodata                 const    0x0011801c     0x28  app_Main10msMgr_capi.o [1]
  .rodata                 const    0x00118044     0x28  app_Main10msMgr_capi.o [1]
  .rodata                 const    0x0011806c     0x28  app_Main10msMgr_capi.o [1]
  .rodata                 const    0x00118094     0x28  app_Main10msMgr_capi.o [1]
  .rodata                 const    0x001180bc     0x28  app_Main10msMgr_capi.o [1]
  .rodata                 const    0x001180e4     0x28  app_Main10msMgr_capi.o [1]
  .rodata                 const    0x0011810c     0x28  app_Main10msMgr_capi.o [1]
  .rodata                 const    0x00118134     0x28  app_Main10msMgr_capi.o [1]
  .rodata                 const    0x0011815c     0x28  app_Main10msMgr_capi.o [1]
  .rodata                 const    0x00118184     0x28  app_Main10msMgr_capi.o [1]
  .rodata                 const    0x001181ac     0x28  app_Main10msMgr_capi.o [1]
  .rodata                 const    0x001181d4     0x28  app_Main10msMgr_capi.o [1]
  .rodata                 const    0x001181fc     0x28  app_Main10msMgr_capi.o [1]
  .rodata                 const    0x00118224     0x28  app_Main1msMgr_capi.o [1]
  .rodata                 const    0x0011824c     0x28  app_Main1msMgr_capi.o [1]
  .rodata                 const    0x00118274     0x28  app_Main50msMgr_capi.o [1]
  .rodata                 const    0x0011829c     0x28  app_Main50msMgr_capi.o [1]
  .text                   ro code  0x001182c4     0x28  fpinit.o [5]
  .rodata                 const    0x001182ec     0x24  app_Main10msMgr_capi.o [1]
  .rodata                 const    0x00118310     0x24  app_Main10msMgr_capi.o [1]
  .rodata                 const    0x00118334     0x24  app_Main10msMgr_capi.o [1]
  .rodata                 const    0x00118358     0x24  app_Main10msMgr_capi.o [1]
  .rodata                 const    0x0011837c     0x24  app_Main10msMgr_capi.o [1]
  .rodata                 const    0x001183a0     0x24  app_Main10msMgr_capi.o [1]
  .rodata                 const    0x001183c4     0x24  app_Main10msMgr_capi.o [1]
  .rodata                 const    0x001183e8     0x24  app_Main10msMgr_capi.o [1]
  .rodata                 const    0x0011840c     0x24  app_Main10msMgr_capi.o [1]
  .rodata                 const    0x00118430     0x24  app_Main10msMgr_capi.o [1]
  .rodata                 const    0x00118454     0x24  app_Main10msMgr_capi.o [1]
  .rodata                 const    0x00118478     0x24  app_Main10msMgr_capi.o [1]
  .rodata                 const    0x0011849c     0x24  app_Main10msMgr_capi.o [1]
  .rodata                 const    0x001184c0     0x24  app_Main10msMgr_capi.o [1]
  .rodata                 const    0x001184e4     0x24  app_Main10msMgr_capi.o [1]
  .rodata                 const    0x00118508     0x24  app_Main10msMgr_capi.o [1]
  .rodata                 const    0x0011852c     0x24  app_Main10msMgr_capi.o [1]
  .rodata                 const    0x00118550     0x24  app_Main10msMgr_capi.o [1]
  .rodata                 const    0x00118574     0x24  app_Main10msMgr_capi.o [1]
  .rodata                 const    0x00118598     0x24  app_Main10msMgr_capi.o [1]
  .rodata                 const    0x001185bc     0x24  app_Main10msMgr_capi.o [1]
  .rodata                 const    0x001185e0     0x24  app_Main10msMgr_capi.o [1]
  .rodata                 const    0x00118604     0x24  app_Main10msMgr_capi.o [1]
  .rodata                 const    0x00118628     0x24  app_Main10msMgr_capi.o [1]
  .rodata                 const    0x0011864c     0x24  app_Main10msMgr_capi.o [1]
  .rodata                 const    0x00118670     0x24  app_Main10msMgr_capi.o [1]
  .rodata                 const    0x00118694     0x24  app_Main10msMgr_capi.o [1]
  .rodata                 const    0x001186b8     0x24  app_Main10msMgr_capi.o [1]
  .rodata                 const    0x001186dc     0x24  app_Main10msMgr_capi.o [1]
  .rodata                 const    0x00118700     0x24  app_Main10msMgr_capi.o [1]
  .rodata                 const    0x00118724     0x24  app_Main10msMgr_capi.o [1]
  .rodata                 const    0x00118748     0x24  app_Main10msMgr_capi.o [1]
  .rodata                 const    0x0011876c     0x24  app_Main10msMgr_capi.o [1]
  .rodata                 const    0x00118790     0x24  app_Main10msMgr_capi.o [1]
  .rodata                 const    0x001187b4     0x24  app_Main10msMgr_capi.o [1]
  .rodata                 const    0x001187d8     0x24  app_Main10msMgr_capi.o [1]
  .rodata                 const    0x001187fc     0x24  app_Main10msMgr_capi.o [1]
  .rodata                 const    0x00118820     0x24  app_Main10msMgr_capi.o [1]
  .rodata                 const    0x00118844     0x24  app_Main10msMgr_capi.o [1]
  .rodata                 const    0x00118868     0x24  app_Main10msMgr_capi.o [1]
  .rodata                 const    0x0011888c     0x24  app_Main10msMgr_capi.o [1]
  .rodata                 const    0x001188b0     0x24  app_Main10msMgr_capi.o [1]
  .rodata                 const    0x001188d4     0x24  app_Main10msMgr_capi.o [1]
  .rodata                 const    0x001188f8     0x24  app_Main10msMgr_capi.o [1]
  .rodata                 const    0x0011891c     0x24  app_Main10msMgr_capi.o [1]
  .rodata                 const    0x00118940     0x24  app_Main10msMgr_capi.o [1]
  .rodata                 const    0x00118964     0x24  app_Main10msMgr_capi.o [1]
  .rodata                 const    0x00118988     0x24  app_Main10msMgr_capi.o [1]
  .rodata                 const    0x001189ac     0x24  app_Main10msMgr_capi.o [1]
  .rodata                 const    0x001189d0     0x24  app_Main10msMgr_capi.o [1]
  .rodata                 const    0x001189f4     0x24  app_Main10msMgr_capi.o [1]
  .rodata                 const    0x00118a18     0x24  app_Main10msMgr_capi.o [1]
  .rodata                 const    0x00118a3c     0x24  app_Main10msMgr_capi.o [1]
  .rodata                 const    0x00118a60     0x24  app_Main10msMgr_capi.o [1]
  .rodata                 const    0x00118a84     0x24  app_Main10msMgr_capi.o [1]
  .rodata                 const    0x00118aa8     0x24  app_Main10msMgr_capi.o [1]
  .rodata                 const    0x00118acc     0x24  app_Main10msMgr_capi.o [1]
  .rodata                 const    0x00118af0     0x24  app_Main10msMgr_capi.o [1]
  .rodata                 const    0x00118b14     0x24  app_Main10msMgr_capi.o [1]
  .rodata                 const    0x00118b38     0x24  app_Main10msMgr_capi.o [1]
  .rodata                 const    0x00118b5c     0x24  app_Main10msMgr_capi.o [1]
  .rodata                 const    0x00118b80     0x24  app_Main10msMgr_capi.o [1]
  .rodata                 const    0x00118ba4     0x24  app_Main10msMgr_capi.o [1]
  .rodata                 const    0x00118bc8     0x24  app_Main10msMgr_capi.o [1]
  .rodata                 const    0x00118bec     0x24  app_Main10msMgr_capi.o [1]
  .rodata                 const    0x00118c10     0x24  app_Main10msMgr_capi.o [1]
  .rodata                 const    0x00118c34     0x24  app_Main10msMgr_capi.o [1]
  .rodata                 const    0x00118c58     0x24  app_Main10msMgr_capi.o [1]
  .rodata                 const    0x00118c7c     0x24  app_Main10msMgr_capi.o [1]
  .rodata                 const    0x00118ca0     0x24  app_Main10msMgr_capi.o [1]
  .rodata                 const    0x00118cc4     0x24  app_Main10msMgr_capi.o [1]
  .rodata                 const    0x00118ce8     0x24  app_Main10msMgr_capi.o [1]
  .rodata                 const    0x00118d0c     0x24  app_Main10msMgr_capi.o [1]
  .rodata                 const    0x00118d30     0x24  app_Main10msMgr_capi.o [1]
  .rodata                 const    0x00118d54     0x24  app_Main10msMgr_capi.o [1]
  .rodata                 const    0x00118d78     0x24  app_Main10msMgr_capi.o [1]
  .rodata                 const    0x00118d9c     0x24  app_Main10msMgr_capi.o [1]
  .rodata                 const    0x00118dc0     0x24  app_Main10msMgr_capi.o [1]
  .iar.init_table         const    0x00118de4     0x20  - Linker created -
  .rodata                 const    0x00118e04     0x20  app_Main10msMgr_capi.o [1]
  .rodata                 const    0x00118e24     0x20  app_Main10msMgr_capi.o [1]
  .rodata                 const    0x00118e44     0x20  app_Main10msMgr_capi.o [1]
  .rodata                 const    0x00118e64     0x1c  app_Main100msMgr_capi.o [1]
  .rodata                 const    0x00118e80     0x1c  app_Main100msMgr_capi.o [1]
  .rodata                 const    0x00118e9c     0x1c  app_Main100msMgr_capi.o [1]
  .rodata                 const    0x00118eb8     0x1c  app_Main10msMgr_capi.o [1]
  .rodata                 const    0x00118ed4     0x1c  app_Main10msMgr_capi.o [1]
  .rodata                 const    0x00118ef0     0x1c  app_Main10msMgr_capi.o [1]
  .rodata                 const    0x00118f0c     0x1c  app_Main10msMgr_capi.o [1]
  .rodata                 const    0x00118f28     0x1c  app_Main10msMgr_capi.o [1]
  .rodata                 const    0x00118f44     0x1c  app_Main10msMgr_capi.o [1]
  .rodata                 const    0x00118f60     0x1c  app_Main10msMgr_capi.o [1]
  .rodata                 const    0x00118f7c     0x1c  app_Main1msMgr_capi.o [1]
  .rodata                 const    0x00118f98     0x1c  app_Main1msMgr_capi.o [1]
  .rodata                 const    0x00118fb4     0x1c  app_Main1msMgr_capi.o [1]
  .rodata                 const    0x00118fd0     0x1c  app_Main50msMgr_capi.o [1]
  .rodata                 const    0x00118fec     0x1c  app_Main50msMgr_capi.o [1]
  .rodata                 const    0x00119008     0x1c  app_Main50msMgr_capi.o [1]
  .rodata                 const    0x00119024     0x14  app_Main100msMgr_capi.o [1]
  .rodata                 const    0x00119038     0x18  app_Main10msMgr_capi.o [1]
  .rodata                 const    0x00119050     0x18  app_Main10msMgr_capi.o [1]
  .rodata                 const    0x00119068     0x14  app_Main10msMgr_capi.o [1]
  .rodata                 const    0x0011907c     0x14  app_Main1msMgr_capi.o [1]
  .rodata                 const    0x00119090     0x14  app_Main50msMgr_capi.o [1]
  .rodata                 const    0x001190a4     0x10  app_Main100msMgr_capi.o [1]
  .rodata                 const    0x001190b4     0x10  app_Main100msMgr_capi.o [1]
  .rodata                 const    0x001190c4     0x10  app_Main100msMgr_capi.o [1]
  .rodata                 const    0x001190d4     0x10  app_Main100msMgr_capi.o [1]
  .rodata                 const    0x001190e4     0x10  app_Main10msMgr_capi.o [1]
  .rodata                 const    0x001190f4     0x10  app_Main10msMgr_capi.o [1]
  .rodata                 const    0x00119104     0x10  app_Main10msMgr_capi.o [1]
  .rodata                 const    0x00119114     0x10  app_Main10msMgr_capi.o [1]
  .rodata                 const    0x00119124     0x10  app_Main10msMgr_capi.o [1]
  .rodata                 const    0x00119134     0x10  app_Main10msMgr_capi.o [1]
  .rodata                 const    0x00119144     0x10  app_Main1msMgr_capi.o [1]
  .rodata                 const    0x00119154     0x10  app_Main1msMgr_capi.o [1]
  .rodata                 const    0x00119164     0x10  app_Main1msMgr_capi.o [1]
  .rodata                 const    0x00119174     0x10  app_Main1msMgr_capi.o [1]
  .rodata                 const    0x00119184     0x10  app_Main50msMgr_capi.o [1]
  .rodata                 const    0x00119194     0x10  app_Main50msMgr_capi.o [1]
  .rodata                 const    0x001191a4     0x10  app_Main50msMgr_capi.o [1]
  .rodata                 const    0x001191b4     0x10  app_Main50msMgr_capi.o [1]
  .rodata                 const    0x001191c4      0xc  app_Main100msMgr_capi.o [1]
  .rodata                 const    0x001191d0      0xc  app_Main100msMgr_capi.o [1]
  .rodata                 const    0x001191dc      0xc  app_Main10msMgr_capi.o [1]
  .rodata                 const    0x001191e8      0xc  app_Main10msMgr_capi.o [1]
  .rodata                 const    0x001191f4      0xc  app_Main10msMgr_capi.o [1]
  .rodata                 const    0x00119200      0xc  app_Main10msMgr_capi.o [1]
  .rodata                 const    0x0011920c      0xc  app_Main1msMgr_capi.o [1]
  .rodata                 const    0x00119218      0xc  app_Main1msMgr_capi.o [1]
  .rodata                 const    0x00119224      0xc  app_Main1msMgr_capi.o [1]
  .rodata                 const    0x00119230      0xc  app_Main50msMgr_capi.o [1]
  .rodata                 const    0x0011923c      0xc  app_Main50msMgr_capi.o [1]
  .rodata                 const    0x00119248      0xc  ecu_io.o [1]
  .rodata                 const    0x00119254      0x8  app_diag.o [1]
  .rodata                 const    0x0011925c      0x8  app_diag.o [1]
  .rodata                 const    0x00119264      0x8  app_diag.o [1]
  .rodata                 const    0x0011926c      0x8  app_diag.o [1]
  .rodata                 const    0x00119274      0x8  app_diag.o [1]
  .rodata                 const    0x0011927c      0x8  app_diag.o [1]
  .rodata                 const    0x00119284      0x8  app_diag.o [1]
  .rodata                 const    0x0011928c      0x8  app_diag.o [1]
  .rodata                 const    0x00119294      0x8  app_Main100msMgr_capi.o [1]
  .rodata                 const    0x0011929c      0x8  app_Main100msMgr_capi.o [1]
  .rodata                 const    0x001192a4      0x8  app_Main100msMgr_capi.o [1]
  .rodata                 const    0x001192ac      0x8  app_Main100msMgr_capi.o [1]
  .rodata                 const    0x001192b4      0x8  app_Main10msMgr_capi.o [1]
  .rodata                 const    0x001192bc      0x8  app_Main10msMgr_capi.o [1]
  .rodata                 const    0x001192c4      0x8  app_Main10msMgr_capi.o [1]
  .rodata                 const    0x001192cc      0x8  app_Main10msMgr_capi.o [1]
  .rodata                 const    0x001192d4      0x8  app_Main10msMgr_capi.o [1]
  .rodata                 const    0x001192dc      0x8  app_Main10msMgr_capi.o [1]
  .rodata                 const    0x001192e4      0x8  app_Main10msMgr_capi.o [1]
  .rodata                 const    0x001192ec      0x8  app_Main10msMgr_capi.o [1]
  .rodata                 const    0x001192f4      0x8  app_Main10msMgr_capi.o [1]
  .rodata                 const    0x001192fc      0x8  app_Main10msMgr_capi.o [1]
  .rodata                 const    0x00119304      0x8  app_Main10msMgr_capi.o [1]
  .rodata                 const    0x0011930c      0x8  app_Main1msMgr_capi.o [1]
  .rodata                 const    0x00119314      0x8  app_Main1msMgr_capi.o [1]
  .rodata                 const    0x0011931c      0x8  app_Main1msMgr_capi.o [1]
  .rodata                 const    0x00119324      0x8  app_Main1msMgr_capi.o [1]
  .rodata                 const    0x0011932c      0x8  app_Main50msMgr_capi.o [1]
  .rodata                 const    0x00119334      0x8  app_Main50msMgr_capi.o [1]
  .rodata                 const    0x0011933c      0x8  app_Main50msMgr_capi.o [1]
  .rodata                 const    0x00119344      0x8  app_Main50msMgr_capi.o [1]
  .rodata                 const    0x0011934c      0x4  app_diag.o [1]
  .rodata                 const    0x00119350      0x4  app_Main100msMgr.o [1]
  .rodata                 const    0x00119354      0x4  app_Main10msMgr.o [1]
  .rodata                 const    0x00119358      0x4  app_Main1msMgr.o [1]
  .rodata                 const    0x0011935c      0x4  app_Main50msMgr.o [1]
  .rodata                 const    0x00119360      0x4  rtGetNaN.o [1]
  .rodata                 const    0x00119364      0x4  uc_system.o [1]
  .text                   ro code  0x00119368      0x4  xreturnswi.o [7]
  .rodata                 const    0x0011936c      0x0  zero_init3.o [6]
  .rodata                 const    0x0011936c      0x0  lz77_init_single.o [6]
  Initializer bytes       const    0x0011936c   0x1b5c  <for P2-1>
                                 - 0x0011aec8  0x1ae88

"P2", part 1 of 3:                              0x6c78
  P2-1                             0x08000000   0x6c78  <Init block>
    .data                 inited   0x08000000    0x5d8  app_Main10msMgr_data.o [1]
    .data                 inited   0x080005d8      0x4  app_diag_gf.o [1]
    .data                 inited   0x080005dc      0x4  app_FaultMgr.o [1]
    .data                 inited   0x080005e0     0xa8  app_FaultMgr_cfg.o [1]
    .data                 inited   0x08000688      0x4  app_Main100msMgr_capi.o [1]
    .data                 inited   0x0800068c     0x68  app_Main100msMgr_capi.o [1]
    .data                 inited   0x080006f4    0x41c  app_Main10msMgr_capi.o [1]
    .data                 inited   0x08000b10     0x68  app_Main10msMgr_capi.o [1]
    .data                 inited   0x08000b78     0x50  app_Main1msMgr_capi.o [1]
    .data                 inited   0x08000bc8     0x68  app_Main1msMgr_capi.o [1]
    .data                 inited   0x08000c30      0x4  app_Main50msMgr_capi.o [1]
    .data                 inited   0x08000c34     0x68  app_Main50msMgr_capi.o [1]
    .data                 inited   0x08000c9c    0x284  ecu_anlg_cfg.o [1]
    .data                 inited   0x08000f20     0x6c  ecu_com_cfg.o [1]
    .data                 inited   0x08000f8c     0x14  ecu_com_cfg_gen.o [1]
    .data                 inited   0x08000fa0     0xa0  ecu_com_cfg_gen.o [1]
    .data                 inited   0x08001040    0x118  ecu_com_cfg_gen.o [1]
    .data                 inited   0x08001158    0x7f8  ecu_com_cfg_gen.o [1]
    .data                 inited   0x08001950     0x14  ecu_com_cfg_gen.o [1]
    .data                 inited   0x08001964     0x28  ecu_com_cfg_gen.o [1]
    .data                 inited   0x0800198c    0x1e0  ecu_com_cfg_gen.o [1]
    .data                 inited   0x08001b6c    0x140  ecu_com_cfg_gen.o [1]
    .data                 inited   0x08001cac     0x14  ecu_com_cfg_gen.o [1]
    .data                 inited   0x08001cc0     0x28  ecu_com_cfg_gen.o [1]
    .data                 inited   0x08001ce8     0xc8  ecu_com_cfg_gen.o [1]
    .data                 inited   0x08001db0    0x3e8  ecu_com_cfg_gen.o [1]
    .data                 inited   0x08002198     0xfc  ecu_com_cfg_gen.o [1]
    .data                 inited   0x08002294     0x30  ecu_io.o [1]
    .data                 inited   0x080022c4     0x30  ecu_io_cfg.o [1]
    .data                 inited   0x080022f4     0x60  ecu_io_cfg.o [1]
    .data                 inited   0x08002354    0x17c  ecu_io_cfg.o [1]
    .data                 inited   0x080024d0    0x140  ecu_io_cfg.o [1]
    .data                 inited   0x08002610    0x1f8  ecu_mem_cfg.o [1]
    .data                 inited   0x08002808      0x8  ecu_mem_cfg.o [1]
    .data                 inited   0x08002810   0x18c0  ecu_serial_cfg.o [1]
    .data                 inited   0x080040d0     0x10  ecu_serial_cfg.o [1]
    .data                 inited   0x080040e0      0x8  main.o [1]
    .data                 inited   0x080040e8      0x8  main.o [1]
    .data                 inited   0x080040f0      0x4  main.o [1]
    .data                 inited   0x080040f4     0x60  os_cfg.o [1]
    .data                 inited   0x08004154    0xb50  rte.o [1]
    .data                 inited   0x08004ca4    0x5d8  uc_adc.o [1]
    .data                 inited   0x0800527c     0x60  uc_adc_cfg.o [1]
    .data                 inited   0x080052dc     0x14  uc_adc_cfg.o [1]
    .data                 inited   0x080052f0    0x540  uc_can.o [1]
    .data                 inited   0x08005830    0x1b8  uc_can_cfg.o [1]
    .data                 inited   0x080059e8     0xa0  uc_can_cfg.o [1]
    .data                 inited   0x08005a88     0x78  uc_can_cfg.o [1]
    .data                 inited   0x08005b00     0x50  uc_can_cfg.o [1]
    .data                 inited   0x08005b50     0x78  uc_can_cfg.o [1]
    .data                 inited   0x08005bc8     0x50  uc_can_cfg.o [1]
    .data                 inited   0x08005c18     0x6c  uc_can_cfg.o [1]
    .data                 inited   0x08005c84    0x200  uc_dio.o [1]
    .data                 inited   0x08005e84    0x270  uc_dio_cfg.o [1]
    .data                 inited   0x080060f4     0x48  uc_dio_cfg.o [1]
    .data                 inited   0x0800613c    0x160  uc_pwm.o [1]
    .data                 inited   0x0800629c     0x70  uc_pwm_cfg.o [1]
    .data                 inited   0x0800630c     0xc0  uc_pwm_cfg.o [1]
    .data                 inited   0x080063cc    0x4c0  uc_spi.o [1]
    .data                 inited   0x0800688c     0xb4  uc_spi_cfg.o [1]
    .data                 inited   0x08006940     0x78  uc_spi_cfg.o [1]
    .data                 inited   0x080069b8     0xa0  uc_timer_cfg.o [1]
    .data                 inited   0x08006a58     0x88  uc_uart _cfg.o [1]
    .data                 inited   0x08006ae0    0x180  uc_uart.o [1]
    .data                 inited   0x08006c60      0x8  FlashStateMachine.ScaleFclk.obj [3]
    .textrw               inited   0x08006c68      0x6  uc_system.o [1]
    __DLIB_PERTHREAD      inited   0x08006c70      0x4  errno.o [4]
    .data                 inited   0x08006c74      0x1  ecu_io.o [1]
    .data                 inited   0x08006c75      0x1  ecu_wdg.o [1]
    .data                 inited   0x08006c76      0x1  main.o [1]
    .data                 inited   0x08006c77      0x1  FlashStateMachine.SetActiveBank.obj [3]
                                 - 0x08006c78   0x6c78

"P2", part 2 of 3:                              0x4a00
  CSTACK                           0x08006c78   0x4000  <Block>
    CSTACK                uninit   0x08006c78   0x4000  <Block tail>
  SVC_STACK                        0x0800ac78    0x200  <Block>
    SVC_STACK             uninit   0x0800ac78    0x200  <Block tail>
  IRQ_STACK                        0x0800ae78    0x200  <Block>
    IRQ_STACK             uninit   0x0800ae78    0x200  <Block tail>
  FIQ_STACK                        0x0800b078    0x200  <Block>
    FIQ_STACK             uninit   0x0800b078    0x200  <Block tail>
  UND_STACK                        0x0800b278    0x200  <Block>
    UND_STACK             uninit   0x0800b278    0x200  <Block tail>
  ABT_STACK                        0x0800b478    0x200  <Block>
    ABT_STACK             uninit   0x0800b478    0x200  <Block tail>
                                 - 0x0800b678   0x4a00

"P2", part 3 of 3:                               0x518
  .bss                    zero     0x0800b678    0x230  app_Main10msMgr.o [1]
  .bss                    zero     0x0800b8a8     0xa0  app_Main1msMgr_data.o [1]
  .bss                    zero     0x0800b948     0x40  uc_dio.o [1]
  .bss                    zero     0x0800b988     0x30  app_Main100msMgr.o [1]
  .bss                    zero     0x0800b9b8     0x30  app_Main1msMgr.o [1]
  .bss                    zero     0x0800b9e8     0x30  app_Main50msMgr.o [1]
  .bss                    zero     0x0800ba18     0x30  uc_adc.o [1]
  .bss                    zero     0x0800ba48     0x2c  app_Main10msMgr.o [1]
  .bss                    zero     0x0800ba74      0x4  app_diag.o [1]
  .bss                    zero     0x0800ba78     0x20  app_Main10msMgr.o [1]
  .bss                    zero     0x0800ba98     0x10  ecu_diag.o [1]
  .bss                    zero     0x0800baa8      0x8  app_diag.o [1]
  .bss                    zero     0x0800bab0      0x8  app_diag_gf.o [1]
  .bss                    zero     0x0800bab8      0x8  app_diag_gf.o [1]
  .bss                    zero     0x0800bac0      0x8  app_diag_gf.o [1]
  .bss                    zero     0x0800bac8      0x8  app_diag_gf.o [1]
  .bss                    zero     0x0800bad0      0x8  app_diag_gf.o [1]
  .bss                    zero     0x0800bad8      0x8  app_Main100msMgr_data.o [1]
  .bss                    zero     0x0800bae0      0x8  app_Main50msMgr_data.o [1]
  .bss                    zero     0x0800bae8      0x8  rt_nonfinite.o [1]
  .bss                    zero     0x0800baf0      0x8  rt_nonfinite.o [1]
  .bss                    zero     0x0800baf8      0x8  rt_nonfinite.o [1]
  .bss                    zero     0x0800bb00      0x4  app_diag_gf.o [1]
  .bss                    zero     0x0800bb04      0x4  app_Main100msMgr_capi.o [1]
  .bss                    zero     0x0800bb08      0x4  app_Main10msMgr_capi.o [1]
  .bss                    zero     0x0800bb0c      0x4  app_Main1msMgr_capi.o [1]
  .bss                    zero     0x0800bb10      0x4  app_Main50msMgr_capi.o [1]
  .bss                    zero     0x0800bb14      0x4  ecu_diag.o [1]
  .bss                    zero     0x0800bb18      0x4  ecu_diag.o [1]
  .bss                    zero     0x0800bb1c      0x4  ecu_io.o [1]
  .bss                    zero     0x0800bb20      0x4  ecu_io.o [1]
  .bss                    zero     0x0800bb24      0x4  os.o [1]
  .bss                    zero     0x0800bb28      0x4  os.o [1]
  .bss                    zero     0x0800bb2c      0x4  os.o [1]
  .bss                    zero     0x0800bb30      0x4  rt_nonfinite.o [1]
  .bss                    zero     0x0800bb34      0x4  rt_nonfinite.o [1]
  .bss                    zero     0x0800bb38      0x4  rt_nonfinite.o [1]
  .bss                    zero     0x0800bb3c      0x4  uc_pwm.o [1]
  .bss                    zero     0x0800bb40      0x4  uc_pwm.o [1]
  .bss                    zero     0x0800bb44      0x4  uc_system.o [1]
  .bss                    zero     0x0800bb48      0x4  uc_system.o [1]
  .bss                    zero     0x0800bb4c      0x4  uc_timer.o [1]
  .bss                    zero     0x0800bb50      0x2  app_diag.o [1]
  .bss                    zero     0x0800bb52      0x2  app_diag.o [1]
  .bss                    zero     0x0800bb54      0x2  app_diag.o [1]
  .bss                    zero     0x0800bb56      0x2  app_diag.o [1]
  .bss                    zero     0x0800bb58      0x2  app_diag.o [1]
  .bss                    zero     0x0800bb5a      0x2  app_diag.o [1]
  .bss                    zero     0x0800bb5c      0x2  app_diag.o [1]
  .bss                    zero     0x0800bb5e      0x1  app_diag.o [1]
  .bss                    zero     0x0800bb5f      0x1  app_diag.o [1]
  .bss                    zero     0x0800bb60      0x1  app_diag.o [1]
  .bss                    zero     0x0800bb61      0x1  app_diag.o [1]
  .bss                    zero     0x0800bb62      0x1  app_diag.o [1]
  .bss                    zero     0x0800bb63      0x1  app_diag.o [1]
  .bss                    zero     0x0800bb64      0x1  app_diag.o [1]
  .bss                    zero     0x0800bb65      0x1  app_diag.o [1]
  .bss                    zero     0x0800bb66      0x1  app_diag_gf.o [1]
  .bss                    zero     0x0800bb67      0x1  app_diag_gf.o [1]
  .bss                    zero     0x0800bb68      0x1  app_diag_gf.o [1]
  .bss                    zero     0x0800bb69      0x1  app_diag_gf.o [1]
  .bss                    zero     0x0800bb6a      0x1  app_diag_gf.o [1]
  .bss                    zero     0x0800bb6b      0x1  app_diag_gf.o [1]
  .bss                    zero     0x0800bb6c      0x1  app_diag_gf.o [1]
  .bss                    zero     0x0800bb6d      0x1  app_diag_gf.o [1]
  .bss                    zero     0x0800bb6e      0x1  app_diag_gf.o [1]
  .bss                    zero     0x0800bb6f      0x1  app_diag_gf.o [1]
  .bss                    zero     0x0800bb70      0x1  app_diag_gf.o [1]
  .bss                    zero     0x0800bb71      0x1  app_diag_gf.o [1]
  .bss                    zero     0x0800bb72      0x1  app_diag_gf.o [1]
  .bss                    zero     0x0800bb73      0x1  app_diag_gf.o [1]
  .bss                    zero     0x0800bb74      0x1  app_FaultMgr.o [1]
  .bss                    zero     0x0800bb75      0x1  ecu_anlg.o [1]
  .bss                    zero     0x0800bb76      0x1  ecu_com.o [1]
  .bss                    zero     0x0800bb77      0x1  ecu_com.o [1]
  .bss                    zero     0x0800bb78      0x1  ecu_diag.o [1]
  .bss                    zero     0x0800bb79      0x1  ecu_diag.o [1]
  .bss                    zero     0x0800bb7a      0x1  ecu_diag.o [1]
  .bss                    zero     0x0800bb7b      0x1  ecu_io.o [1]
  .bss                    zero     0x0800bb7c      0x1  ecu_io.o [1]
  .bss                    zero     0x0800bb7d      0x1  ecu_io.o [1]
  .bss                    zero     0x0800bb7e      0x1  ecu_io.o [1]
  .bss                    zero     0x0800bb7f      0x1  ecu_io.o [1]
  .bss                    zero     0x0800bb80      0x1  ecu_io.o [1]
  .bss                    zero     0x0800bb81      0x1  ecu_io.o [1]
  .bss                    zero     0x0800bb82      0x1  ecu_io.o [1]
  .bss                    zero     0x0800bb83      0x1  ecu_mem.o [1]
  .bss                    zero     0x0800bb84      0x1  ecu_system.o [1]
  .bss                    zero     0x0800bb85      0x1  ecu_system.o [1]
  .bss                    zero     0x0800bb86      0x1  ecu_txcp.o [1]
  .bss                    zero     0x0800bb87      0x1  ecu_txcp.o [1]
  .bss                    zero     0x0800bb88      0x1  ecu_txcp.o [1]
  .bss                    zero     0x0800bb89      0x1  ecu_wdg.o [1]
  .bss                    zero     0x0800bb8a      0x1  os.o [1]
  .bss                    zero     0x0800bb8b      0x1  os.o [1]
  .bss                    zero     0x0800bb8c      0x1  uc_pwm.o [1]
  .bss                    zero     0x0800bb8d      0x1  uc_uart.o [1]
                                 - 0x0800bb8e    0x516

Absolute sections, part 1 of 90:                   0x4
  .noinit                 uninit   0xff0c0000      0x4  uc_spi.o [1]
                                 - 0xff0c0004      0x4

Absolute sections, part 2 of 90:                   0x4
  .noinit                 uninit   0xff0c0200      0x4  uc_spi.o [1]
                                 - 0xff0c0204      0x4

Absolute sections, part 3 of 90:                   0x4
  .noinit                 uninit   0xff0e0000      0x4  uc_spi.o [1]
                                 - 0xff0e0004      0x4

Absolute sections, part 4 of 90:                   0x4
  .noinit                 uninit   0xff0e0200      0x4  uc_spi.o [1]
                                 - 0xff0e0204      0x4

Absolute sections, part 5 of 90:                   0x4
  .noinit                 uninit   0xff1a0000      0x4  uc_can.o [1]
                                 - 0xff1a0004      0x4

Absolute sections, part 6 of 90:                   0x4
  .noinit                 uninit   0xff1c0000      0x4  uc_can.o [1]
                                 - 0xff1c0004      0x4

Absolute sections, part 7 of 90:                   0x4
  .noinit                 uninit   0xff1e0000      0x4  uc_can.o [1]
                                 - 0xff1e0004      0x4

Absolute sections, part 8 of 90:                   0x4
  .noinit                 uninit   0xff3a0000      0x4  uc_adc.o [1]
                                 - 0xff3a0004      0x4

Absolute sections, part 9 of 90:                   0x4
  .noinit                 uninit   0xff3e0000      0x4  uc_adc.o [1]
                                 - 0xff3e0004      0x4

Absolute sections, part 10 of 90:                  0x8
  .noinit                 uninit   0xfff7b800      0x4  uc_pwm.o [1]
  .noinit                 uninit   0xfff7b804      0x4  uc_pwm.o [1]
                                 - 0xfff7b808      0x8

Absolute sections, part 11 of 90:                 0x20
  .noinit                 uninit   0xfff7b84c      0x4  uc_pwm.o [1]
  .noinit                 uninit   0xfff7b850      0x4  uc_pwm.o [1]
  .noinit                 uninit   0xfff7b854      0x4  uc_dio.o [1]
  .noinit                 uninit   0xfff7b858      0x4  uc_dio.o [1]
  .noinit                 uninit   0xfff7b85c      0x4  uc_dio.o [1]
  .noinit                 uninit   0xfff7b860      0x4  uc_dio.o [1]
  .noinit                 uninit   0xfff7b864      0x4  uc_pwm.o [1]
  .noinit                 uninit   0xfff7b868      0x4  uc_pwm.o [1]
                                 - 0xfff7b86c     0x20

Absolute sections, part 12 of 90:                 0x20
  .noinit                 uninit   0xfff7b94c      0x4  uc_dio.o [1]
  .noinit                 uninit   0xfff7b950      0x4  uc_dio.o [1]
  .noinit                 uninit   0xfff7b954      0x4  uc_dio.o [1]
  .noinit                 uninit   0xfff7b958      0x4  uc_dio.o [1]
  .noinit                 uninit   0xfff7b95c      0x4  uc_dio.o [1]
  .noinit                 uninit   0xfff7b960      0x4  uc_dio.o [1]
  .noinit                 uninit   0xfff7b964      0x4  uc_dio.o [1]
  .noinit                 uninit   0xfff7b968      0x4  uc_dio.o [1]
                                 - 0xfff7b96c     0x20

Absolute sections, part 13 of 90:                  0x4
  .noinit                 uninit   0xfff7bc00      0x4  uc_dio.o [1]
                                 - 0xfff7bc04      0x4

Absolute sections, part 14 of 90:                  0xc
  .noinit                 uninit   0xfff7bc08      0x4  uc_dio.o [1]
  .noinit                 uninit   0xfff7bc0c      0x4  uc_dio.o [1]
  .noinit                 uninit   0xfff7bc10      0x4  uc_dio.o [1]
                                 - 0xfff7bc14      0xc

Absolute sections, part 15 of 90:                  0x8
  .noinit                 uninit   0xfff7bc18      0x4  uc_dio.o [1]
  .noinit                 uninit   0xfff7bc1c      0x4  uc_dio.o [1]
                                 - 0xfff7bc20      0x8

Absolute sections, part 16 of 90:                  0x8
  .noinit                 uninit   0xfff7bc24      0x4  uc_dio.o [1]
  .noinit                 uninit   0xfff7bc28      0x4  uc_dio.o [1]
                                 - 0xfff7bc2c      0x8

Absolute sections, part 17 of 90:                 0x40
  .noinit                 uninit   0xfff7bc34      0x4  uc_dio.o [1]
  .noinit                 uninit   0xfff7bc38      0x4  uc_dio.o [1]
  .noinit                 uninit   0xfff7bc3c      0x4  uc_dio.o [1]
  .noinit                 uninit   0xfff7bc40      0x4  uc_dio.o [1]
  .noinit                 uninit   0xfff7bc44      0x4  uc_dio.o [1]
  .noinit                 uninit   0xfff7bc48      0x4  uc_dio.o [1]
  .noinit                 uninit   0xfff7bc4c      0x4  uc_dio.o [1]
  .noinit                 uninit   0xfff7bc50      0x4  uc_dio.o [1]
  .noinit                 uninit   0xfff7bc54      0x4  uc_dio.o [1]
  .noinit                 uninit   0xfff7bc58      0x4  uc_dio.o [1]
  .noinit                 uninit   0xfff7bc5c      0x4  uc_dio.o [1]
  .noinit                 uninit   0xfff7bc60      0x4  uc_dio.o [1]
  .noinit                 uninit   0xfff7bc64      0x4  uc_dio.o [1]
  .noinit                 uninit   0xfff7bc68      0x4  uc_dio.o [1]
  .noinit                 uninit   0xfff7bc6c      0x4  uc_dio.o [1]
  .noinit                 uninit   0xfff7bc70      0x4  uc_dio.o [1]
                                 - 0xfff7bc74     0x40

Absolute sections, part 18 of 90:                0x140
  .noinit                 uninit   0xfff7c000      0x4  uc_adc.o [1]
  .noinit                 uninit   0xfff7c004      0x4  uc_adc.o [1]
  .noinit                 uninit   0xfff7c008      0x4  uc_adc.o [1]
  .noinit                 uninit   0xfff7c00c      0x4  uc_adc.o [1]
  .noinit                 uninit   0xfff7c010      0x4  uc_adc.o [1]
  .noinit                 uninit   0xfff7c014      0x4  uc_adc.o [1]
  .noinit                 uninit   0xfff7c018      0x4  uc_adc.o [1]
  .noinit                 uninit   0xfff7c01c      0x4  uc_adc.o [1]
  .noinit                 uninit   0xfff7c020      0x4  uc_adc.o [1]
  .noinit                 uninit   0xfff7c024      0x4  uc_adc.o [1]
  .noinit                 uninit   0xfff7c028      0x4  uc_adc.o [1]
  .noinit                 uninit   0xfff7c02c      0x4  uc_adc.o [1]
  .noinit                 uninit   0xfff7c030      0x4  uc_adc.o [1]
  .noinit                 uninit   0xfff7c034      0x4  uc_adc.o [1]
  .noinit                 uninit   0xfff7c038      0x4  uc_adc.o [1]
  .noinit                 uninit   0xfff7c03c      0x4  uc_adc.o [1]
  .noinit                 uninit   0xfff7c040      0x4  uc_adc.o [1]
  .noinit                 uninit   0xfff7c044      0x4  uc_adc.o [1]
  .noinit                 uninit   0xfff7c048      0x4  uc_adc.o [1]
  .noinit                 uninit   0xfff7c04c      0x4  uc_adc.o [1]
  .noinit                 uninit   0xfff7c050      0x4  uc_adc.o [1]
  .noinit                 uninit   0xfff7c054      0x4  uc_adc.o [1]
  .noinit                 uninit   0xfff7c058      0x4  uc_adc.o [1]
  .noinit                 uninit   0xfff7c05c      0x4  uc_adc.o [1]
  .noinit                 uninit   0xfff7c060      0x4  uc_adc.o [1]
  .noinit                 uninit   0xfff7c064      0x4  uc_adc.o [1]
  .noinit                 uninit   0xfff7c068      0x4  uc_adc.o [1]
  .noinit                 uninit   0xfff7c06c      0x4  uc_adc.o [1]
  .noinit                 uninit   0xfff7c070      0x4  uc_adc.o [1]
  .noinit                 uninit   0xfff7c074      0x4  uc_adc.o [1]
  .noinit                 uninit   0xfff7c078      0x4  uc_adc.o [1]
  .noinit                 uninit   0xfff7c07c      0x4  uc_adc.o [1]
  .noinit                 uninit   0xfff7c080      0x4  uc_adc.o [1]
  .noinit                 uninit   0xfff7c084      0x4  uc_adc.o [1]
  .noinit                 uninit   0xfff7c088      0x4  uc_adc.o [1]
  .noinit                 uninit   0xfff7c08c      0x4  uc_adc.o [1]
  .noinit                 uninit   0xfff7c090      0x4  uc_adc.o [1]
  .noinit                 uninit   0xfff7c094      0x4  uc_adc.o [1]
  .noinit                 uninit   0xfff7c098      0x4  uc_adc.o [1]
  .noinit                 uninit   0xfff7c09c      0x4  uc_adc.o [1]
  .noinit                 uninit   0xfff7c0a0      0x4  uc_adc.o [1]
  .noinit                 uninit   0xfff7c0a4      0x4  uc_adc.o [1]
  .noinit                 uninit   0xfff7c0a8      0x4  uc_adc.o [1]
  .noinit                 uninit   0xfff7c0ac      0x4  uc_adc.o [1]
  .noinit                 uninit   0xfff7c0b0      0x4  uc_adc.o [1]
  .noinit                 uninit   0xfff7c0b4      0x4  uc_adc.o [1]
  .noinit                 uninit   0xfff7c0b8      0x4  uc_adc.o [1]
  .noinit                 uninit   0xfff7c0bc      0x4  uc_adc.o [1]
  .noinit                 uninit   0xfff7c0c0      0x4  uc_adc.o [1]
  .noinit                 uninit   0xfff7c0c4      0x4  uc_adc.o [1]
  .noinit                 uninit   0xfff7c0c8      0x4  uc_adc.o [1]
  .noinit                 uninit   0xfff7c0cc      0x4  uc_adc.o [1]
  .noinit                 uninit   0xfff7c0d0      0x4  uc_adc.o [1]
  .noinit                 uninit   0xfff7c0d4      0x4  uc_adc.o [1]
  .noinit                 uninit   0xfff7c0d8      0x4  uc_adc.o [1]
  .noinit                 uninit   0xfff7c0dc      0x4  uc_adc.o [1]
  .noinit                 uninit   0xfff7c0e0      0x4  uc_adc.o [1]
  .noinit                 uninit   0xfff7c0e4      0x4  uc_adc.o [1]
  .noinit                 uninit   0xfff7c0e8      0x4  uc_adc.o [1]
  .noinit                 uninit   0xfff7c0ec      0x4  uc_adc.o [1]
  .noinit                 uninit   0xfff7c0f0      0x4  uc_adc.o [1]
  .noinit                 uninit   0xfff7c0f4      0x4  uc_adc.o [1]
  .noinit                 uninit   0xfff7c0f8      0x4  uc_adc.o [1]
  .noinit                 uninit   0xfff7c0fc      0x4  uc_dio.o [1]
  .noinit                 uninit   0xfff7c100      0x4  uc_dio.o [1]
  .noinit                 uninit   0xfff7c104      0x4  uc_dio.o [1]
  .noinit                 uninit   0xfff7c108      0x4  uc_dio.o [1]
  .noinit                 uninit   0xfff7c10c      0x4  uc_dio.o [1]
  .noinit                 uninit   0xfff7c110      0x4  uc_dio.o [1]
  .noinit                 uninit   0xfff7c114      0x4  uc_dio.o [1]
  .noinit                 uninit   0xfff7c118      0x4  uc_dio.o [1]
  .noinit                 uninit   0xfff7c11c      0x4  uc_adc.o [1]
  .noinit                 uninit   0xfff7c120      0x4  uc_adc.o [1]
  .noinit                 uninit   0xfff7c124      0x4  uc_adc.o [1]
  .noinit                 uninit   0xfff7c128      0x4  uc_adc.o [1]
  .noinit                 uninit   0xfff7c12c      0x4  uc_adc.o [1]
  .noinit                 uninit   0xfff7c130      0x4  uc_adc.o [1]
  .noinit                 uninit   0xfff7c134      0x4  uc_adc.o [1]
  .noinit                 uninit   0xfff7c138      0x4  uc_adc.o [1]
  .noinit                 uninit   0xfff7c13c      0x4  uc_adc.o [1]
                                 - 0xfff7c140    0x140

Absolute sections, part 19 of 90:                 0x34
  .noinit                 uninit   0xfff7c158      0x4  uc_adc.o [1]
  .noinit                 uninit   0xfff7c15c      0x4  uc_adc.o [1]
  .noinit                 uninit   0xfff7c160      0x4  uc_adc.o [1]
  .noinit                 uninit   0xfff7c164      0x4  uc_adc.o [1]
  .noinit                 uninit   0xfff7c168      0x4  uc_adc.o [1]
  .noinit                 uninit   0xfff7c16c      0x4  uc_adc.o [1]
  .noinit                 uninit   0xfff7c170      0x4  uc_adc.o [1]
  .noinit                 uninit   0xfff7c174      0x4  uc_adc.o [1]
  .noinit                 uninit   0xfff7c178      0x4  uc_adc.o [1]
  .noinit                 uninit   0xfff7c17c      0x4  uc_adc.o [1]
  .noinit                 uninit   0xfff7c180      0x4  uc_adc.o [1]
  .noinit                 uninit   0xfff7c184      0x4  uc_adc.o [1]
  .noinit                 uninit   0xfff7c188      0x4  uc_adc.o [1]
                                 - 0xfff7c18c     0x34

Absolute sections, part 20 of 90:                0x140
  .noinit                 uninit   0xfff7c200      0x4  uc_adc.o [1]
  .noinit                 uninit   0xfff7c204      0x4  uc_adc.o [1]
  .noinit                 uninit   0xfff7c208      0x4  uc_adc.o [1]
  .noinit                 uninit   0xfff7c20c      0x4  uc_adc.o [1]
  .noinit                 uninit   0xfff7c210      0x4  uc_adc.o [1]
  .noinit                 uninit   0xfff7c214      0x4  uc_adc.o [1]
  .noinit                 uninit   0xfff7c218      0x4  uc_adc.o [1]
  .noinit                 uninit   0xfff7c21c      0x4  uc_adc.o [1]
  .noinit                 uninit   0xfff7c220      0x4  uc_adc.o [1]
  .noinit                 uninit   0xfff7c224      0x4  uc_adc.o [1]
  .noinit                 uninit   0xfff7c228      0x4  uc_adc.o [1]
  .noinit                 uninit   0xfff7c22c      0x4  uc_adc.o [1]
  .noinit                 uninit   0xfff7c230      0x4  uc_adc.o [1]
  .noinit                 uninit   0xfff7c234      0x4  uc_adc.o [1]
  .noinit                 uninit   0xfff7c238      0x4  uc_adc.o [1]
  .noinit                 uninit   0xfff7c23c      0x4  uc_adc.o [1]
  .noinit                 uninit   0xfff7c240      0x4  uc_adc.o [1]
  .noinit                 uninit   0xfff7c244      0x4  uc_adc.o [1]
  .noinit                 uninit   0xfff7c248      0x4  uc_adc.o [1]
  .noinit                 uninit   0xfff7c24c      0x4  uc_adc.o [1]
  .noinit                 uninit   0xfff7c250      0x4  uc_adc.o [1]
  .noinit                 uninit   0xfff7c254      0x4  uc_adc.o [1]
  .noinit                 uninit   0xfff7c258      0x4  uc_adc.o [1]
  .noinit                 uninit   0xfff7c25c      0x4  uc_adc.o [1]
  .noinit                 uninit   0xfff7c260      0x4  uc_adc.o [1]
  .noinit                 uninit   0xfff7c264      0x4  uc_adc.o [1]
  .noinit                 uninit   0xfff7c268      0x4  uc_adc.o [1]
  .noinit                 uninit   0xfff7c26c      0x4  uc_adc.o [1]
  .noinit                 uninit   0xfff7c270      0x4  uc_adc.o [1]
  .noinit                 uninit   0xfff7c274      0x4  uc_adc.o [1]
  .noinit                 uninit   0xfff7c278      0x4  uc_adc.o [1]
  .noinit                 uninit   0xfff7c27c      0x4  uc_adc.o [1]
  .noinit                 uninit   0xfff7c280      0x4  uc_adc.o [1]
  .noinit                 uninit   0xfff7c284      0x4  uc_adc.o [1]
  .noinit                 uninit   0xfff7c288      0x4  uc_adc.o [1]
  .noinit                 uninit   0xfff7c28c      0x4  uc_adc.o [1]
  .noinit                 uninit   0xfff7c290      0x4  uc_adc.o [1]
  .noinit                 uninit   0xfff7c294      0x4  uc_adc.o [1]
  .noinit                 uninit   0xfff7c298      0x4  uc_adc.o [1]
  .noinit                 uninit   0xfff7c29c      0x4  uc_adc.o [1]
  .noinit                 uninit   0xfff7c2a0      0x4  uc_adc.o [1]
  .noinit                 uninit   0xfff7c2a4      0x4  uc_adc.o [1]
  .noinit                 uninit   0xfff7c2a8      0x4  uc_adc.o [1]
  .noinit                 uninit   0xfff7c2ac      0x4  uc_adc.o [1]
  .noinit                 uninit   0xfff7c2b0      0x4  uc_adc.o [1]
  .noinit                 uninit   0xfff7c2b4      0x4  uc_adc.o [1]
  .noinit                 uninit   0xfff7c2b8      0x4  uc_adc.o [1]
  .noinit                 uninit   0xfff7c2bc      0x4  uc_adc.o [1]
  .noinit                 uninit   0xfff7c2c0      0x4  uc_adc.o [1]
  .noinit                 uninit   0xfff7c2c4      0x4  uc_adc.o [1]
  .noinit                 uninit   0xfff7c2c8      0x4  uc_adc.o [1]
  .noinit                 uninit   0xfff7c2cc      0x4  uc_adc.o [1]
  .noinit                 uninit   0xfff7c2d0      0x4  uc_adc.o [1]
  .noinit                 uninit   0xfff7c2d4      0x4  uc_adc.o [1]
  .noinit                 uninit   0xfff7c2d8      0x4  uc_adc.o [1]
  .noinit                 uninit   0xfff7c2dc      0x4  uc_adc.o [1]
  .noinit                 uninit   0xfff7c2e0      0x4  uc_adc.o [1]
  .noinit                 uninit   0xfff7c2e4      0x4  uc_adc.o [1]
  .noinit                 uninit   0xfff7c2e8      0x4  uc_adc.o [1]
[...]
app_Main10msMgr_IO_ReadDigitalInput4
                        0x00100cc9    0x6e  Code  Gb  app_Main10msMgr.o [1]
app_Main10msMgr_IO_ReadDigitalInput5
                        0x00100d41    0x6e  Code  Gb  app_Main10msMgr.o [1]
app_Main10msMgr_IO_ReadDigitalInput6
                        0x00100db1    0x6e  Code  Gb  app_Main10msMgr.o [1]
app_Main10msMgr_IO_ReadDigitalInput7
                        0x00100e25    0x6e  Code  Gb  app_Main10msMgr.o [1]
app_Main10msMgr_IO_ReadDigitalInput8
                        0x00100e95    0x6e  Code  Gb  app_Main10msMgr.o [1]
app_Main10msMgr_IO_ReadDigitalInput9
                        0x00100f05    0x6c  Code  Gb  app_Main10msMgr.o [1]
app_Main10msMgr_IO_ReadPwm
                        0x00100f71    0x6c  Code  Gb  app_Main10msMgr.o [1]
app_Main10msMgr_IO_ReadPwm1
                        0x00100fe5    0x6c  Code  Gb  app_Main10msMgr.o [1]
app_Main10msMgr_IO_ReadPwm2
                        0x00101051    0x6c  Code  Gb  app_Main10msMgr.o [1]
app_Main10msMgr_IO_SetPwm
                        0x001010bd    0x4a  Code  Gb  app_Main10msMgr.o [1]
app_Main10msMgr_IO_SetPwm2
                        0x00101109    0x4a  Code  Gb  app_Main10msMgr.o [1]
app_Main10msMgr_IO_SetPwm3
                        0x00101155    0x4a  Code  Gb  app_Main10msMgr.o [1]
app_Main10msMgr_IO_SetPwm4
                        0x001011a1    0x4a  Code  Gb  app_Main10msMgr.o [1]
app_Main10msMgr_IO_SetPwm5
                        0x001011f1    0x42  Code  Gb  app_Main10msMgr.o [1]
app_Main10msMgr_IO_SetPwm6
                        0x00101235    0x4a  Code  Gb  app_Main10msMgr.o [1]
app_Main10msMgr_IO_WriteDigitalOutput
                        0x00101281    0x58  Code  Gb  app_Main10msMgr.o [1]
app_Main10msMgr_IO_WriteDigitalOutput10
                        0x001012e5    0x58  Code  Gb  app_Main10msMgr.o [1]
app_Main10msMgr_IO_WriteDigitalOutput11
                        0x0010133d    0x54  Code  Gb  app_Main10msMgr.o [1]
app_Main10msMgr_IO_WriteDigitalOutput12
                        0x00101391    0x54  Code  Gb  app_Main10msMgr.o [1]
app_Main10msMgr_IO_WriteDigitalOutput13
                        0x001013e5    0x54  Code  Gb  app_Main10msMgr.o [1]
app_Main10msMgr_IO_WriteDigitalOutput14
                        0x00101439    0x54  Code  Gb  app_Main10msMgr.o [1]
app_Main10msMgr_IO_WriteDigitalOutput15
                        0x0010148d    0x54  Code  Gb  app_Main10msMgr.o [1]
app_Main10msMgr_IO_WriteDigitalOutput16
                        0x001014e1    0x54  Code  Gb  app_Main10msMgr.o [1]
app_Main10msMgr_IO_WriteDigitalOutput2
                        0x0010178d    0x6a  Code  Gb  app_Main10msMgr.o [1]
app_Main10msMgr_IO_WriteDigitalOutput3
                        0x00101535    0x54  Code  Gb  app_Main10msMgr.o [1]
app_Main10msMgr_IO_WriteDigitalOutput4
                        0x00101589    0x54  Code  Gb  app_Main10msMgr.o [1]
app_Main10msMgr_IO_WriteDigitalOutput5
                        0x001015dd    0x54  Code  Gb  app_Main10msMgr.o [1]
app_Main10msMgr_IO_WriteDigitalOutput6
                        0x00101639    0x54  Code  Gb  app_Main10msMgr.o [1]
app_Main10msMgr_IO_WriteDigitalOutput7
                        0x0010168d    0x54  Code  Gb  app_Main10msMgr.o [1]
app_Main10msMgr_IO_WriteDigitalOutput8
                        0x001016e5    0x54  Code  Gb  app_Main10msMgr.o [1]
app_Main10msMgr_IO_WriteDigitalOutput9
                        0x00101739    0x54  Code  Gb  app_Main10msMgr.o [1]
app_Main10msMgr_InitializeDataMapInfo
                        0x00107b41    0x44  Code  Gb  app_Main10msMgr_capi.o [1]
app_Main10msMgr_M       0x00119354     0x4  Data  Gb  app_Main10msMgr.o [1]
app_Main10msMgr_M_      0x0800ba48    0x2c  Data  Gb  app_Main10msMgr.o [1]
app_Main10msMgr_P       0x08000000   0x5d8  Data  Gb  app_Main10msMgr_data.o [1]
app_Main10msMgr_fcn     0x0010180d   0xcd8  Code  Gb  app_Main10msMgr.o [1]
app_Main10msMgr_initialize
                        0x00102511   0x4c0  Code  Gb  app_Main10msMgr.o [1]
app_Main10msMgr_terminate
                        0x00102ab1     0x2  Code  Gb  app_Main10msMgr.o [1]
app_Main1msMgr_InitializeDataMapInfo
                        0x0010e525    0x44  Code  Gb  app_Main1msMgr_capi.o [1]
app_Main1msMgr_M        0x00119358     0x4  Data  Gb  app_Main1msMgr.o [1]
app_Main1msMgr_M_       0x0800b9b8    0x30  Data  Gb  app_Main1msMgr.o [1]
app_Main1msMgr_P        0x0800b8a8    0xa0  Data  Gb  app_Main1msMgr_data.o [1]
app_Main1msMgr_fcn      0x0010870d    0xbe  Code  Gb  app_Main1msMgr.o [1]
app_Main1msMgr_initialize
                        0x001087cb   0x124  Code  Gb  app_Main1msMgr.o [1]
app_Main1msMgr_terminate
                        0x001088f9     0x2  Code  Gb  app_Main1msMgr.o [1]
app_Main50msMgr_InitializeDataMapInfo
                        0x0010e579    0x44  Code  Gb  app_Main50msMgr_capi.o [1]
app_Main50msMgr_M       0x0011935c     0x4  Data  Gb  app_Main50msMgr.o [1]
app_Main50msMgr_M_      0x0800b9e8    0x30  Data  Gb  app_Main50msMgr.o [1]
app_Main50msMgr_P       0x0800bae0     0x8  Data  Gb  app_Main50msMgr_data.o [1]
app_Main50msMgr_fcn     0x001088fd     0xc  Code  Gb  app_Main50msMgr.o [1]
app_Main50msMgr_initialize
                        0x00108909    0x28  Code  Gb  app_Main50msMgr.o [1]
app_Main50msMgr_terminate
                        0x00108939     0x2  Code  Gb  app_Main50msMgr.o [1]
bFirstRun$1             0x08006c77     0x1  Data  Lc  FlashStateMachine.SetActiveBank.obj [3]
exit                    0x00117cfd     0x4  Code  Gb  exit.o [4]
floor                   0x00107809          Code  Gb  floor.o [5]
floorl                  0x00107809          Code  Gb  floor.o [5]
fmod                    0x00107910          Code  Gb  fmod.o [5]
fmodl                   0x00107910          Code  Gb  fmod.o [5]
local_APP_DIAG_u8AppValidCheck
                        0x0011231d    0x1c  Code  Gb  app_diag_gf.o [1]
local_APP_DIAG_u8NonEmptyReceivedFrameElements
                        0x00111dad    0x2e  Code  Gb  app_diag_gf.o [1]
local_APP_DIAG_u8SingleFrameMessageLengthOrInvalidFormatErrorCheck
                        0x00111ddb    0xa6  Code  Gb  app_diag_gf.o [1]
local_APP_DIAG_vdAppValidSet
                        0x001122c5    0x56  Code  Gb  app_diag_gf.o [1]
local_APP_DIAG_vdClearDtcReadServic
                        0x00111fcf    0x3a  Code  Gb  app_diag_gf.o [1]
local_APP_DIAG_vdClearReceivingVariables
                        0x00111f6b    0x64  Code  Gb  app_diag_gf.o [1]
local_APP_DIAG_vdClear_Diagnostic
                        0x00111653    0x5a  Code  Gb  app_diag.o [1]
local_APP_DIAG_vdDefaultEcuModeClear
                        0x0011227d    0x48  Code  Gb  app_diag_gf.o [1]
local_APP_DIAG_vdDefaultEcuModeSet
                        0x001121f1    0x60  Code  Gb  app_diag_gf.o [1]
local_APP_DIAG_vdDiagHeartBeat
                        0x00112465     0x2  Code  Gb  app_diag_gf.o [1]
local_APP_DIAG_vdDiag_Session_Control
                        0x00110093   0x358  Code  Gb  app_diag.o [1]
local_APP_DIAG_vdECU_Reset
                        0x001103eb    0x38  Code  Gb  app_diag.o [1]
local_APP_DIAG_vdFramePositiveResponseWithFullArrayBytes
                        0x00112009    0x26  Code  Gb  app_diag_gf.o [1]
local_APP_DIAG_vdIO_Control_Identifier
                        0x001104a9   0xa0c  Code  Gb  app_diag.o [1]
local_APP_DIAG_vdMainStateMachine
                        0x0010fcd3   0x3c0  Code  Gb  app_diag.o [1]
local_APP_DIAG_vdMemory_ReadByAddress
                        0x001114c5    0xb8  Code  Gb  app_diag.o [1]
local_APP_DIAG_vdMemory_WriteByAddress
                        0x0011136d   0x158  Code  Gb  app_diag.o [1]
local_APP_DIAG_vdProgRequestClear
                        0x00112395    0x4e  Code  Gb  app_diag_gf.o [1]
local_APP_DIAG_vdProgRequestSet
                        0x0011233d    0x56  Code  Gb  app_diag_gf.o [1]
local_APP_DIAG_vdReadDataByIdentifierDataAdjustment
                        0x0011157d    0xd6  Code  Gb  app_diag.o [1]
local_APP_DIAG_vdRead_DTC
                        0x001116bd   0x224  Code  Gb  app_diag.o [1]
local_APP_DIAG_vdRead_DataByIdentifier
                        0x00110f89   0x3e4  Code  Gb  app_diag.o [1]
local_APP_DIAG_vdResetAllGlobalVariables
                        0x00111e81    0xea  Code  Gb  app_diag_gf.o [1]
local_APP_DIAG_vdServeDiagRequest
                        0x0010fc3d    0x96  Code  Gb  app_diag.o [1]
local_APP_DIAG_vdShutDownAndResetWithAppValidModification
                        0x00112467     0xc  Code  Gb  app_diag_gf.o [1]
local_APP_DIAG_vdSingleFrameNegativeResponse
                        0x00112191    0x5e  Code  Gb  app_diag_gf.o [1]
local_APP_DIAG_vdSingleFramePositiveResponse
                        0x001120dd    0xb4  Code  Gb  app_diag_gf.o [1]
local_APP_DIAG_vdSingleFramePositiveResponseWithoutSubfunction
                        0x0011202f    0xae  Code  Gb  app_diag_gf.o [1]
local_APP_DIAG_vdTester_Present
                        0x00110423    0x46  Code  Gb  app_diag.o [1]
local_APP_DIAG_vdWrite_DataByIdentifier
                        0x00110eb5    0xc4  Code  Gb  app_diag.o [1]
local_ECU_COM_vdDataConversion
                        0x00105819   0x3ce  Code  Gb  ecu_com.o [1]
local_ECU_COM_vdPack    0x00105bed   0xba6  Code  Gb  ecu_com.o [1]
local_ECU_COM_vdPostPack
                        0x00106793    0x92  Code  Gb  ecu_com.o [1]
local_ECU_COM_vdPreUnpack
                        0x00104b0f    0xb2  Code  Gb  ecu_com.o [1]
local_ECU_COM_vdUnpack  0x00104bc5   0xc42  Code  Gb  ecu_com.o [1]
local_ECU_DIAG_vdApplicationCallback
                        0x00111d45    0x4c  Code  Gb  ecu_diag.o [1]
local_ECU_DIAG_vdResetTimerOverFlowFlag
                        0x00111d35    0x10  Code  Gb  ecu_diag.o [1]
local_ECU_DIAG_vdSetTimerOverFlowFlag
                        0x00111d25    0x10  Code  Gb  ecu_diag.o [1]
local_ECU_IO_POUT_vdInitialize
                        0x00107783    0x50  Code  Gb  ecu_io.o [1]
local_ECU_IO_eExpConfig
                        0x001073b1    0xba  Code  Gb  ecu_io.o [1]
local_ECU_IO_eExpReadAllReg
                        0x00107331    0x80  Code  Gb  ecu_io.o [1]
local_ECU_IO_eExpReadInputs
                        0x001075c1    0x7a  Code  Gb  ecu_io.o [1]
local_ECU_IO_eSendReceiveFrame
                        0x0010714f    0xae  Code  Gb  ecu_io.o [1]
local_ECU_IO_vdDioMgr   0x001071fd    0x52  Code  Gb  ecu_io.o [1]
local_ECU_IO_vdExpDataChangeCallback
                        0x0010775b    0x28  Code  Gb  ecu_io.o [1]
local_ECU_IO_vdExpDecodeInputs
                        0x00107641    0xb6  Code  Gb  ecu_io.o [1]
local_ECU_IO_vdExpMgr   0x0010724f    0xe2  Code  Gb  ecu_io.o [1]
local_ECU_IO_vdExpSetInterrupts
                        0x001074f9    0xc8  Code  Gb  ecu_io.o [1]
local_ECU_IO_vdExpSetTopology
                        0x0010746b    0x7c  Code  Gb  ecu_io.o [1]
local_ECU_IO_vdReadSpiDataCallback
                        0x001076fd    0x5e  Code  Gb  ecu_io.o [1]
local_ECU_MEM_INT_vdDeInit
                        0x0010e3fb   0x114  Code  Gb  ecu_mem.o [1]
local_ECU_MEM_INT_vdInit
                        0x0010e337    0xc4  Code  Gb  ecu_mem.o [1]
local_ECU_PWM_vdPwmInputMgr
                        0x00106f5d    0x46  Code  Gb  ecu_io.o [1]
local_ECU_SERIAL_vdResetBuffer
                        0x00114087    0x4a  Code  Gb  ecu_serial.o [1]
local_ECU_SERIAL_vdUartRxCallback
                        0x001140d1   0xa30  Code  Gb  ecu_serial.o [1]
local_OS_u32GetSystemTickTrigVal
                        0x0010ea47     0xe  Code  Gb  os.o [1]
local_OS_vdAddTask      0x0010ea55    0x82  Code  Gb  os.o [1]
local_OS_vdTrigger      0x0010ea1d    0x2a  Code  Gb  os.o [1]
local_UC_CAN_eCheckMsgObjForNewData
                        0x0010a933    0xf8  Code  Gb  uc_can.o [1]
local_UC_CAN_eGetMsgIndexFromObjId
                        0x0010ac75    0xb4  Code  Gb  uc_can.o [1]
local_UC_CAN_eInterruptHandler
                        0x0010ae63   0x14a  Code  Gb  uc_can.o [1]
local_UC_CAN_eResetMsgObjInt
                        0x0010ad29   0x13a  Code  Gb  uc_can.o [1]
local_UC_CAN_eSetMsgObjIntLine
                        0x0010aa2b   0x24a  Code  Gb  uc_can.o [1]
local_UC_DIO_eInputInterruptHandler
                        0x0010d0db    0x48  Code  Gb  uc_dio.o [1]
local_UC_DIO_ePinConfigure
                        0x0010d06d    0x6e  Code  Gb  uc_dio.o [1]
local_UC_PWM_PIN_ReadFrequencyDutyCycle
                        0x0010da21   0x47e  Code  Gb  uc_pwm.o [1]
local_UC_SPI_eActiveDeviceSendSpiFrameSync
                        0x0010c75d   0x3a2  Code  Gb  uc_spi.o [1]
local_UC_SPI_eReceiveDataSync
                        0x0010c671    0xe4  Code  Gb  uc_spi.o [1]
local_UC_SPI_eRxInterruptHandler
                        0x0010caff    0xee  Code  Gb  uc_spi.o [1]
local_UC_SPI_eTxInterruptHandler
                        0x0010cbed    0x58  Code  Gb  uc_spi.o [1]
local_UC_UART_vdInterruptHandlerRx
                        0x00112e9d   0x114  Code  Gb  uc_uart.o [1]
local_UC_UART_vdInterruptHandlerTx
                        0x00112fb1    0x48  Code  Gb  uc_uart.o [1]
local_UC_UART_vdUpdateBaudRate
                        0x00112ff9    0x32  Code  Gb  uc_uart.o [1]
local_vdFaultLedsControl
                        0x0010866f    0x8c  Code  Gb  app_FaultMgr.o [1]
local_vdSaveDtcsToRAM   0x0010860f    0x60  Code  Gb  app_FaultMgr.o [1]
main                    0x001152e1   0x268  Code  Gb  main.o [1]
mmiStatic               0x0800068c    0x68  Data  Lc  app_Main100msMgr_capi.o [1]
mmiStatic               0x08000b10    0x68  Data  Lc  app_Main10msMgr_capi.o [1]
mmiStatic               0x08000bc8    0x68  Data  Lc  app_Main1msMgr_capi.o [1]
mmiStatic               0x08000c34    0x68  Data  Lc  app_Main50msMgr_capi.o [1]
round                   0x0010e85d    0x4a  Code  Gb  round.o [5]
rtBlockParameters       0x00117d24    0x28  Data  Lc  app_Main100msMgr_capi.o [1]
rtBlockParameters       0x00113108   0xf00  Data  Lc  app_Main10msMgr_capi.o [1]
rtBlockParameters       0x00115a24   0x1a4  Data  Lc  app_Main1msMgr_capi.o [1]
rtBlockParameters       0x00118274    0x28  Data  Lc  app_Main50msMgr_capi.o [1]
rtBlockSignals          0x00118e64    0x1c  Data  Lc  app_Main100msMgr_capi.o [1]
rtBlockSignals          0x00114b1c   0x7c4  Data  Lc  app_Main10msMgr_capi.o [1]
rtBlockSignals          0x00118f7c    0x1c  Data  Lc  app_Main1msMgr_capi.o [1]
rtBlockSignals          0x00118fd0    0x1c  Data  Lc  app_Main50msMgr_capi.o [1]
rtBlockStates           0x00117d4c    0x28  Data  Lc  app_Main100msMgr_capi.o [1]
rtBlockStates           0x00115c90    0x78  Data  Lc  app_Main10msMgr_capi.o [1]
rtBlockStates           0x0011824c    0x28  Data  Lc  app_Main1msMgr_capi.o [1]
rtBlockStates           0x0011829c    0x28  Data  Lc  app_Main50msMgr_capi.o [1]
rtDataAddrMap           0x08000688     0x4  Data  Lc  app_Main100msMgr_capi.o [1]
rtDataAddrMap           0x080006f4   0x41c  Data  Lc  app_Main10msMgr_capi.o [1]
rtDataAddrMap           0x08000b78    0x50  Data  Lc  app_Main1msMgr_capi.o [1]
rtDataAddrMap           0x08000c30     0x4  Data  Lc  app_Main50msMgr_capi.o [1]
rtDataTypeMap           0x00119024    0x14  Data  Lc  app_Main100msMgr_capi.o [1]
rtDataTypeMap           0x00115d80    0x64  Data  Lc  app_Main10msMgr_capi.o [1]
rtDataTypeMap           0x0011907c    0x14  Data  Lc  app_Main1msMgr_capi.o [1]
rtDataTypeMap           0x00119090    0x14  Data  Lc  app_Main50msMgr_capi.o [1]
rtDimensionArray        0x001192ac     0x8  Data  Lc  app_Main100msMgr_capi.o [1]
rtDimensionArray        0x00119304     0x8  Data  Lc  app_Main10msMgr_capi.o [1]
rtDimensionArray        0x00119324     0x8  Data  Lc  app_Main1msMgr_capi.o [1]
rtDimensionArray        0x00119344     0x8  Data  Lc  app_Main50msMgr_capi.o [1]
rtDimensionMap          0x001190d4    0x10  Data  Lc  app_Main100msMgr_capi.o [1]
rtDimensionMap          0x00119134    0x10  Data  Lc  app_Main10msMgr_capi.o [1]
rtDimensionMap          0x00119174    0x10  Data  Lc  app_Main1msMgr_capi.o [1]
rtDimensionMap          0x001191b4    0x10  Data  Lc  app_Main50msMgr_capi.o [1]
rtElementMap            0x001190c4    0x10  Data  Lc  app_Main100msMgr_capi.o [1]
rtElementMap            0x00119124    0x10  Data  Lc  app_Main10msMgr_capi.o [1]
rtElementMap            0x00119164    0x10  Data  Lc  app_Main1msMgr_capi.o [1]
rtElementMap            0x001191a4    0x10  Data  Lc  app_Main50msMgr_capi.o [1]
rtFixPtMap              0x001191c4     0xc  Data  Lc  app_Main100msMgr_capi.o [1]
rtFixPtMap              0x00119050    0x18  Data  Lc  app_Main10msMgr_capi.o [1]
rtFixPtMap              0x00119218     0xc  Data  Lc  app_Main1msMgr_capi.o [1]
rtFixPtMap              0x00119230     0xc  Data  Lc  app_Main50msMgr_capi.o [1]
rtGetInf                0x0010e02d    0x3c  Code  Gb  rtGetInf.o [1]
rtGetInfF               0x0010e069    0x10  Code  Gb  rtGetInf.o [1]
rtGetMinusInf           0x0010e079    0x3c  Code  Gb  rtGetInf.o [1]
rtGetMinusInfF          0x0010e0b5     0xe  Code  Gb  rtGetInf.o [1]
rtGetNaN                0x0010dfc9    0x3c  Code  Gb  rtGetNaN.o [1]
rtGetNaNF               0x0010e005    0x14  Code  Gb  rtGetNaN.o [1]
rtInf                   0x0800bae8     0x8  Data  Gb  rt_nonfinite.o [1]
rtInfF                  0x0800bb30     0x4  Data  Gb  rt_nonfinite.o [1]
rtIsInf                 0x001078b3    0x2a  Code  Gb  rt_nonfinite.o [1]
rtIsNaN                 0x001078f5    0x14  Code  Gb  rt_nonfinite.o [1]
rtMinusInf              0x0800baf0     0x8  Data  Gb  rt_nonfinite.o [1]
rtMinusInfF             0x0800bb34     0x4  Data  Gb  rt_nonfinite.o [1]
rtModelParameters       0x001190b4    0x10  Data  Lc  app_Main100msMgr_capi.o [1]
rtModelParameters       0x00119114    0x10  Data  Lc  app_Main10msMgr_capi.o [1]
rtModelParameters       0x00119154    0x10  Data  Lc  app_Main1msMgr_capi.o [1]
rtModelParameters       0x00119194    0x10  Data  Lc  app_Main50msMgr_capi.o [1]
rtNaN                   0x0800baf8     0x8  Data  Gb  rt_nonfinite.o [1]
rtNaNF                  0x0800bb38     0x4  Data  Gb  rt_nonfinite.o [1]
rtRootInputs            0x00118e80    0x1c  Data  Lc  app_Main100msMgr_capi.o [1]
rtRootInputs            0x00118f44    0x1c  Data  Lc  app_Main10msMgr_capi.o [1]
rtRootInputs            0x00118f98    0x1c  Data  Lc  app_Main1msMgr_capi.o [1]
rtRootInputs            0x00118fec    0x1c  Data  Lc  app_Main50msMgr_capi.o [1]
rtRootOutputs           0x00118e9c    0x1c  Data  Lc  app_Main100msMgr_capi.o [1]
rtRootOutputs           0x00118f60    0x1c  Data  Lc  app_Main10msMgr_capi.o [1]
rtRootOutputs           0x00118fb4    0x1c  Data  Lc  app_Main1msMgr_capi.o [1]
rtRootOutputs           0x00119008    0x1c  Data  Lc  app_Main50msMgr_capi.o [1]
rtSampleTimeMap         0x001191d0     0xc  Data  Lc  app_Main100msMgr_capi.o [1]
rtSampleTimeMap         0x00119200     0xc  Data  Lc  app_Main10msMgr_capi.o [1]
rtSampleTimeMap         0x00119224     0xc  Data  Lc  app_Main1msMgr_capi.o [1]
rtSampleTimeMap         0x0011923c     0xc  Data  Lc  app_Main50msMgr_capi.o [1]
rtVarDimsAddrMap        0x0800bb04     0x4  Data  Lc  app_Main100msMgr_capi.o [1]
rtVarDimsAddrMap        0x0800bb08     0x4  Data  Lc  app_Main10msMgr_capi.o [1]
rtVarDimsAddrMap        0x0800bb0c     0x4  Data  Lc  app_Main1msMgr_capi.o [1]
rtVarDimsAddrMap        0x0800bb10     0x4  Data  Lc  app_Main50msMgr_capi.o [1]
rt_InitInfAndNaN        0x00107871    0x42  Code  Gb  rt_nonfinite.o [1]
rtcapiStoredFloats      0x00119038    0x18  Data  Lc  app_Main10msMgr_capi.o [1]
u8ReadBootFlag          0x0800bb83     0x1  Data  Gb  ecu_mem.o [1]


[1] = D:\VCU_Projects\deVCU_Rev2\JayemCodeReleaseRev2.2\JayemCodeRelease\01_Software\Flash_Debug\Obj
[2] = command line
[3] = F021_API_CortexR4_BE.lib
[4] = dl7Sx_tbn.a
[5] = m7Sx_tbv.a
[6] = rt7Sx_tb.a
[7] = sh7Sxs_b.a

  83 345 bytes of readonly  code memory
       6 bytes of readwrite code memory
  26 931 bytes of readonly  data memory
  48 008 bytes of readwrite data memory (+ 2 612 absolute)

Errors: none
Warnings: none
