###############################################################################
#
# IAR ELF Linker V7.50.1.10123/W32 for ARM                09/Oct/2023  15:17:30
# Copyright 2007-2015 IAR Systems AB.
#
#    Output file  =  
#        C:\Tools\Jenkins\workspace\Neuton_VCU2019\01_Software\Flash_Debug\Exe\Neuton_VCU.out
#    Map file     =  
#        C:\Tools\Jenkins\workspace\Neuton_VCU2019\01_Software\Flash_Debug\List\Neuton_VCU.map
#    Command line =  
#        C:\Tools\Jenkins\workspace\Neuton_VCU2019\01_Software\Flash_Debug\Obj\app.o
#        C:\Tools\Jenkins\workspace\Neuton_VCU2019\01_Software\Flash_Debug\Obj\app_diag.o
#        C:\Tools\Jenkins\workspace\Neuton_VCU2019\01_Software\Flash_Debug\Obj\app_diag_generic_functions.o
#        C:\Tools\Jenkins\workspace\Neuton_VCU2019\01_Software\Flash_Debug\Obj\app_diag_gf.o
#        C:\Tools\Jenkins\workspace\Neuton_VCU2019\01_Software\Flash_Debug\Obj\app_FaultMgr.o
#        C:\Tools\Jenkins\workspace\Neuton_VCU2019\01_Software\Flash_Debug\Obj\app_FaultMgr_cfg.o
#        C:\Tools\Jenkins\workspace\Neuton_VCU2019\01_Software\Flash_Debug\Obj\app_Main100msMgr.o
#        C:\Tools\Jenkins\workspace\Neuton_VCU2019\01_Software\Flash_Debug\Obj\app_Main100msMgr_capi.o
#        C:\Tools\Jenkins\workspace\Neuton_VCU2019\01_Software\Flash_Debug\Obj\app_Main100msMgr_data.o
#        C:\Tools\Jenkins\workspace\Neuton_VCU2019\01_Software\Flash_Debug\Obj\app_Main10msMgr.o
#        C:\Tools\Jenkins\workspace\Neuton_VCU2019\01_Software\Flash_Debug\Obj\app_Main10msMgr_capi.o
#        C:\Tools\Jenkins\workspace\Neuton_VCU2019\01_Software\Flash_Debug\Obj\app_Main10msMgr_data.o
#        C:\Tools\Jenkins\workspace\Neuton_VCU2019\01_Software\Flash_Debug\Obj\app_Main1msMgr.o
#        C:\Tools\Jenkins\workspace\Neuton_VCU2019\01_Software\Flash_Debug\Obj\app_Main1msMgr_capi.o
#        C:\Tools\Jenkins\workspace\Neuton_VCU2019\01_Software\Flash_Debug\Obj\app_Main1msMgr_data.o
#        C:\Tools\Jenkins\workspace\Neuton_VCU2019\01_Software\Flash_Debug\Obj\app_Main50msMgr.o
#        C:\Tools\Jenkins\workspace\Neuton_VCU2019\01_Software\Flash_Debug\Obj\app_Main50msMgr_capi.o
#        C:\Tools\Jenkins\workspace\Neuton_VCU2019\01_Software\Flash_Debug\Obj\app_Main50msMgr_data.o
#        C:\Tools\Jenkins\workspace\Neuton_VCU2019\01_Software\Flash_Debug\Obj\can_datatype_ground.o
#        C:\Tools\Jenkins\workspace\Neuton_VCU2019\01_Software\Flash_Debug\Obj\ecu.o
#        C:\Tools\Jenkins\workspace\Neuton_VCU2019\01_Software\Flash_Debug\Obj\ecu_anlg.o
#        C:\Tools\Jenkins\workspace\Neuton_VCU2019\01_Software\Flash_Debug\Obj\ecu_anlg_cfg.o
#        C:\Tools\Jenkins\workspace\Neuton_VCU2019\01_Software\Flash_Debug\Obj\ecu_com.o
#        C:\Tools\Jenkins\workspace\Neuton_VCU2019\01_Software\Flash_Debug\Obj\ecu_com_cfg.o
#        C:\Tools\Jenkins\workspace\Neuton_VCU2019\01_Software\Flash_Debug\Obj\ecu_com_cfg_gen.o
#        C:\Tools\Jenkins\workspace\Neuton_VCU2019\01_Software\Flash_Debug\Obj\ecu_diag.o
#        C:\Tools\Jenkins\workspace\Neuton_VCU2019\01_Software\Flash_Debug\Obj\ecu_diag_cfg.o
#        C:\Tools\Jenkins\workspace\Neuton_VCU2019\01_Software\Flash_Debug\Obj\ecu_io.o
#        C:\Tools\Jenkins\workspace\Neuton_VCU2019\01_Software\Flash_Debug\Obj\ecu_io_cfg.o
#        C:\Tools\Jenkins\workspace\Neuton_VCU2019\01_Software\Flash_Debug\Obj\ecu_mem.o
#        C:\Tools\Jenkins\workspace\Neuton_VCU2019\01_Software\Flash_Debug\Obj\ecu_mem_cfg.o
#        C:\Tools\Jenkins\workspace\Neuton_VCU2019\01_Software\Flash_Debug\Obj\ecu_serial.o
#        C:\Tools\Jenkins\workspace\Neuton_VCU2019\01_Software\Flash_Debug\Obj\ecu_serial_cfg.o
#        C:\Tools\Jenkins\workspace\Neuton_VCU2019\01_Software\Flash_Debug\Obj\ecu_system.o
#        C:\Tools\Jenkins\workspace\Neuton_VCU2019\01_Software\Flash_Debug\Obj\ecu_system_cfg.o
#        C:\Tools\Jenkins\workspace\Neuton_VCU2019\01_Software\Flash_Debug\Obj\ecu_txcp.o
#        C:\Tools\Jenkins\workspace\Neuton_VCU2019\01_Software\Flash_Debug\Obj\ecu_txcp_cfg.o
#        C:\Tools\Jenkins\workspace\Neuton_VCU2019\01_Software\Flash_Debug\Obj\ecu_wdg.o
#        C:\Tools\Jenkins\workspace\Neuton_VCU2019\01_Software\Flash_Debug\Obj\ecu_wdg_cfg.o
#        C:\Tools\Jenkins\workspace\Neuton_VCU2019\01_Software\Flash_Debug\Obj\Fapi_UserDefinedFunctions.o
#        C:\Tools\Jenkins\workspace\Neuton_VCU2019\01_Software\Flash_Debug\Obj\lib_data.o
#        C:\Tools\Jenkins\workspace\Neuton_VCU2019\01_Software\Flash_Debug\Obj\lib_delay.o
#        C:\Tools\Jenkins\workspace\Neuton_VCU2019\01_Software\Flash_Debug\Obj\look1_binlcpw.o
#        C:\Tools\Jenkins\workspace\Neuton_VCU2019\01_Software\Flash_Debug\Obj\look1_binlxpw.o
#        C:\Tools\Jenkins\workspace\Neuton_VCU2019\01_Software\Flash_Debug\Obj\look2_binlxpw.o
#        C:\Tools\Jenkins\workspace\Neuton_VCU2019\01_Software\Flash_Debug\Obj\low_level_init.o
#        C:\Tools\Jenkins\workspace\Neuton_VCU2019\01_Software\Flash_Debug\Obj\main.o
#        C:\Tools\Jenkins\workspace\Neuton_VCU2019\01_Software\Flash_Debug\Obj\os.o
#        C:\Tools\Jenkins\workspace\Neuton_VCU2019\01_Software\Flash_Debug\Obj\os_cfg.o
#        C:\Tools\Jenkins\workspace\Neuton_VCU2019\01_Software\Flash_Debug\Obj\os_tasks.o
#        C:\Tools\Jenkins\workspace\Neuton_VCU2019\01_Software\Flash_Debug\Obj\rt_nonfinite.o
#        C:\Tools\Jenkins\workspace\Neuton_VCU2019\01_Software\Flash_Debug\Obj\rt_powd_snf.o
#        C:\Tools\Jenkins\workspace\Neuton_VCU2019\01_Software\Flash_Debug\Obj\rt_remd_snf.o
#        C:\Tools\Jenkins\workspace\Neuton_VCU2019\01_Software\Flash_Debug\Obj\rt_roundd_snf.o
#        C:\Tools\Jenkins\workspace\Neuton_VCU2019\01_Software\Flash_Debug\Obj\rte.o
#        C:\Tools\Jenkins\workspace\Neuton_VCU2019\01_Software\Flash_Debug\Obj\rte_tasks.o
#        C:\Tools\Jenkins\workspace\Neuton_VCU2019\01_Software\Flash_Debug\Obj\rtGetInf.o
#        C:\Tools\Jenkins\workspace\Neuton_VCU2019\01_Software\Flash_Debug\Obj\rtGetNaN.o
#        C:\Tools\Jenkins\workspace\Neuton_VCU2019\01_Software\Flash_Debug\Obj\tms570ls3137_cstartup.o
#        C:\Tools\Jenkins\workspace\Neuton_VCU2019\01_Software\Flash_Debug\Obj\uc.o
#        C:\Tools\Jenkins\workspace\Neuton_VCU2019\01_Software\Flash_Debug\Obj\uc_adc.o
#        C:\Tools\Jenkins\workspace\Neuton_VCU2019\01_Software\Flash_Debug\Obj\uc_adc_cfg.o
#        C:\Tools\Jenkins\workspace\Neuton_VCU2019\01_Software\Flash_Debug\Obj\uc_can.o
#        C:\Tools\Jenkins\workspace\Neuton_VCU2019\01_Software\Flash_Debug\Obj\uc_can_cfg.o
#        C:\Tools\Jenkins\workspace\Neuton_VCU2019\01_Software\Flash_Debug\Obj\uc_dio.o
#        C:\Tools\Jenkins\workspace\Neuton_VCU2019\01_Software\Flash_Debug\Obj\uc_dio_cfg.o
#        C:\Tools\Jenkins\workspace\Neuton_VCU2019\01_Software\Flash_Debug\Obj\uc_eeprom.o
#        C:\Tools\Jenkins\workspace\Neuton_VCU2019\01_Software\Flash_Debug\Obj\uc_eeprom_cfg.o
#        C:\Tools\Jenkins\workspace\Neuton_VCU2019\01_Software\Flash_Debug\Obj\uc_flash.o
#        C:\Tools\Jenkins\workspace\Neuton_VCU2019\01_Software\Flash_Debug\Obj\uc_flash_cfg.o
#        C:\Tools\Jenkins\workspace\Neuton_VCU2019\01_Software\Flash_Debug\Obj\uc_pwm.o
#        C:\Tools\Jenkins\workspace\Neuton_VCU2019\01_Software\Flash_Debug\Obj\uc_pwm_cfg.o
#        C:\Tools\Jenkins\workspace\Neuton_VCU2019\01_Software\Flash_Debug\Obj\uc_spi.o
#        C:\Tools\Jenkins\workspace\Neuton_VCU2019\01_Software\Flash_Debug\Obj\uc_spi_cfg.o
#        C:\Tools\Jenkins\workspace\Neuton_VCU2019\01_Software\Flash_Debug\Obj\uc_system.o
#        C:\Tools\Jenkins\workspace\Neuton_VCU2019\01_Software\Flash_Debug\Obj\uc_system_cfg.o
#        C:\Tools\Jenkins\workspace\Neuton_VCU2019\01_Software\Flash_Debug\Obj\uc_timer.o
#        C:\Tools\Jenkins\workspace\Neuton_VCU2019\01_Software\Flash_Debug\Obj\uc_timer_cfg.o
#        "C:\Tools\Jenkins\workspace\Neuton_VCU2019\01_Software\Flash_Debug\Obj\uc_uart
#        _cfg.o"
#        C:\Tools\Jenkins\workspace\Neuton_VCU2019\01_Software\Flash_Debug\Obj\uc_uart.o
#        C:\Tools\Jenkins\workspace\Neuton_VCU2019\01_Software\Flash_Debug\Obj\uc_wdg.o
#        C:\Tools\Jenkins\workspace\Neuton_VCU2019\01_Software\Flash_Debug\Obj\uc_wdg_cfg.o
#        -o
#        C:\Tools\Jenkins\workspace\Neuton_VCU2019\01_Software\Flash_Debug\Exe\Neuton_VCU.out
#        --redirect _Printf=_PrintfFull --redirect _Scanf=_ScanfFull --map
#        C:\Tools\Jenkins\workspace\Neuton_VCU2019\01_Software\Flash_Debug\List\Neuton_VCU.map
#        --log
#        libraries,initialization,modules,redirects,sections,veneers,unused_fragments
#        --log_file
#        C:\Tools\Jenkins\workspace\Neuton_VCU2019\01_Software\Flash_Debug\List\Neuton_VCU.log
#        --config
#        C:\Tools\Jenkins\workspace\Neuton_VCU2019\01_Software\config\TMS570LS3137_flash.icf
#        --semihosting
#        "C:\Tools\Jenkins\workspace\Neuton_VCU2019\01_Software\01_Code\TAPAS\Core\LIB\F021
#        Flash API\02.01.01\F021_API_CortexR4_BE.lib" --entry
#        __iar_program_start --BE32 --vfe
#
###############################################################################

*******************************************************************************
*** RUNTIME MODEL ATTRIBUTES
***

CppFlavor       = *
__SystemLibrary = DLib


*******************************************************************************
*** PLACEMENT SUMMARY
***

"A1":  place at 0x00100000 { ro section .intvec };
"P1":  place in [from 0x00100040 to 0x002fffff] { ro };
"P2":  place in [from 0x08000000 to 0x0803ffff] {
          rw, block CSTACK, block SVC_STACK, block IRQ_STACK, block FIQ_STACK,
          block UND_STACK, block ABT_STACK, block HEAP };

  Section                 Kind        Address     Size  Object
  -------                 ----        -------     ----  ------
"A1":                                             0x3c
  .intvec                 ro code  0x00100000     0x3c  tms570ls3137_cstartup.o [1]
                                 - 0x0010003c     0x3c

"P1":                                          0x59214
  .text                   ro code  0x00100040  0x192b6  app_Main10msMgr.o [1]
  .rodata                 const    0x001192f6      0x2  ecu_anlg_cfg.o [1]
  .text                   ro code  0x001192f8     0xd4  ABImemcpy.o [6]
  .text                   ro code  0x001193cc    0x4a8  ecu_mem.o [1]
  .text                   ro code  0x00119874   0x3338  rte.o [1]
  .text                   ro code  0x0011cbac   0x2008  ecu_com.o [1]
  .text                   ro code  0x0011ebb4    0x2f8  ecu_anlg.o [1]
  .text                   ro code  0x0011eeac    0xfe0  ecu_io.o [1]
  .text                   ro code  0x0011fe8c    0x120  ecu_system.o [1]
  .text                   ro code  0x0011ffac     0xf6  look1_binlxpw.o [1]
  .rodata                 const    0x001200a2      0x1  app_Main10msMgr_capi.o [1]
  .text                   ro code  0x001200a4     0x68  floor.o [5]
  .text                   ro code  0x0012010c     0x98  rt_nonfinite.o [1]
  .text                   ro code  0x001201a4    0x1c4  fmod.o [5]
  .text                   ro code  0x00120368    0x1b4  rt_powd_snf.o [1]
  .text                   ro code  0x0012051c    0x104  rt_remd_snf.o [1]
  .text                   ro code  0x00120620     0x66  ceil.o [5]
  .text                   ro code  0x00120688     0xd0  look1_binlcpw.o [1]
  .text                   ro code  0x00120758     0xa0  rt_roundd_snf.o [1]
  .text                   ro code  0x001207f8     0x74  ABImemset.o [6]
  .text                   ro code  0x0012086c     0x54  app_Main10msMgr_capi.o [1]
  .text                   ro code  0x001208c0     0x3e  lib_data.o [1]
  .text                   ro code  0x00120900    0x258  uc_eeprom.o [1]
  .text                   ro code  0x00120b58      0x8  ABImemclr4.o [6]
  .text                   ro code  0x00120b60    0x474  app_FaultMgr.o [1]
  .text                   ro code  0x00120fd4     0x3e  app_Main1msMgr.o [1]
  .text                   ro code  0x00121014     0x3e  app_Main50msMgr.o [1]
  .text                   ro code  0x00121054   0x1136  app_Main100msMgr.o [1]
  .text                   ro code  0x0012218c   0x2784  uc_can.o [1]
  .text                   ro code  0x00124910    0x6c4  uc_adc.o [1]
  .text                   ro code  0x00124fd4   0x1aac  uc_spi.o [1]
  .text                   ro code  0x00126a80    0x520  uc_dio.o [1]
  .text                   ro code  0x00126fa0    0xd1c  uc_pwm.o [1]
  .text                   ro code  0x00127cbc    0x248  os.o [1]
  .text                   ro code  0x00127f04     0x5c  ecu_wdg.o [1]
  .text                   ro code  0x00127f60     0x14  lib_delay.o [1]
  Veneer                  ro code  0x00127f74      0x8  - Linker created -
  .text                   ro code  0x00127f7c    0x1ac  uc_system.o [1]
  .text                   ro code  0x00128128     0x64  rtGetNaN.o [1]
  .text                   ro code  0x0012818c     0xac  rtGetInf.o [1]
  .text                   ro code  0x00128238     0x14  iarEdom.o [6]
  Veneer                  ro code  0x0012824c      0x8  - Linker created -
  .text                   ro code  0x00128254     0x1c  sqrt.o [5]
  .text                   ro code  0x00128270    0x486  pow.o [5]
  .text:Fapi_initializeFlashBanks
                          ro code  0x001286f8    0x260  FlashStateMachine.InitializeFlashBanks.obj [3]
  .text:Fapi_setActiveFlashBank
                          ro code  0x00128958    0x17c  FlashStateMachine.SetActiveBank.obj [3]
  .text:Fapi_enableEepromBankSectors
                          ro code  0x00128ad4     0x80  FlashStateMachine.EnableEepromSectors.obj [3]
  .text:Fapi_issueAsyncCommand
                          ro code  0x00128b54     0x2a  Async.obj [3]
  .text:Fapi_issueProgrammingCommand
                          ro code  0x00128b80    0x178  Program.obj [3]
  .text:Fapi_doMarginRead
                          ro code  0x00128cf8     0x6e  Read.Margin.obj [3]
  .text:Fapi_issueAsyncCommandWithAddress
                          ro code  0x00128d68     0x30  Async.WithAddress.obj [3]
  .text                   ro code  0x00128d98     0x38  ABImemset48.o [6]
  .text                   ro code  0x00128dd0     0x54  app_Main1msMgr_capi.o [1]
  .text                   ro code  0x00128e24     0x54  app_Main50msMgr_capi.o [1]
  .text                   ro code  0x00128e78     0x54  app_Main100msMgr_capi.o [1]
  .text                   ro code  0x00128ecc     0x4a  round.o [5]
  .text                   ro code  0x00128f18    0x264  uc_timer.o [1]
  .text                   ro code  0x0012917c    0x1c0  low_level_init.o [1]
  .text                   ro code  0x0012933c      0xc  errno.o [4]
  .text                   ro code  0x00129348     0x42  xdnorm.o [5]
  .text                   ro code  0x0012938a     0x7a  xdint.o [5]
  .text                   ro code  0x00129404     0xaa  xlog.o [5]
  .text                   ro code  0x001294ae    0x2a0  xexp.o [5]
  .text:Fapi_calculateFletcherChecksum
                          ro code  0x0012974e     0x36  Utilities.CalculateFletcher.obj [3]
  .text:_Fapi_divideUnsignedLong
                          ro code  0x00129784     0x1c  FlashStateMachine.InitializeFlashBanks.obj [3]
  .text:_scaleMainFclk    ro code  0x001297a0     0x10  FlashStateMachine.ScaleFclk.obj [3]
  .text:_scaleEEFclk      ro code  0x001297b0     0x10  FlashStateMachine.ScaleFclk.obj [3]
  .text:Fapi_getNumberOfBankSectors
                          ro code  0x001297c0     0x10  Utilities.GetNumberOfSectors.obj [3]
  .text:_Fapi_EnableSectors
                          ro code  0x001297d0     0x44  FlashStateMachine.EnableEepromSectors.obj [3]
  .text:_Fapi_issueFsmCommand
                          ro code  0x00129814     0x3c  FlashStateMachine.IssueFsmCommand.obj [3]
  .text:Fapi_calculateEcc
                          ro code  0x00129850     0x14  Utilities.CalculateEcc.obj [3]
  .text:_Fapi_enterMarginMode
                          ro code  0x00129864     0x68  Read.Common.obj [3]
  .text:Fapi_isAddressEcc
                          ro code  0x001298cc     0x50  FlashStateMachine.Hercules.IsEccAddress.obj [3]
  .text:_Fapi_checkWdService
                          ro code  0x0012991c      0xc  Read.WdService.obj [3]
  .text:_Fapi_exitMarginMode
                          ro code  0x00129928     0x2c  Read.Common.obj [3]
  .text                   ro code  0x00129954      0x2  xtls.o [4]
  .text                   ro code  0x00129956     0x46  xdtest.o [5]
  .text                   ro code  0x0012999c    0x10c  xdscale.o [5]
  .text:Fapi_flushPipeline
                          ro code  0x00129aa8     0x22  Read.FlushPipeline.obj [3]
  .text                   ro code  0x00129aca      0x4  Fapi_UserDefinedFunctions.o [1]
  .text:Fapi_waitDelay    ro code  0x00129ace     0x30  Utilities.WaitDelay.obj [3]
  .rodata                 const    0x00129b00   0x4de4  app_Main10msMgr_capi.o [1]
  .rodata                 const    0x0012e8e4   0x4114  app_Main10msMgr_capi.o [1]
  .text                   ro code  0x001329f8   0x1dac  app_diag.o [1]
  .text                   ro code  0x001347a4    0x458  ecu_diag.o [1]
  .text                   ro code  0x00134bfc    0x6c6  app_diag_gf.o [1]
  .text                   ro code  0x001352c4    0xc94  uc_uart.o [1]
  .text                   ro code  0x00135f58    0xb14  ecu_serial.o [1]
  .rodata                 const    0x00136a6c    0x80c  app_Main100msMgr_capi.o [1]
  .rodata                 const    0x00137278    0x550  app_Main10msMgr_capi.o [1]
  .rodata                 const    0x001377c8    0x420  pow.o [5]
  .text                   ro code  0x00137be8    0x1e4  ecu_txcp.o [1]
  .text                   ro code  0x00137dcc    0x1cc  tms570ls3137_cstartup.o [1]
  .rodata                 const    0x00137f98    0x154  app_Main10msMgr_capi.o [1]
  .text                   ro code  0x001380ec     0xda  main.o [1]
  .text                   ro code  0x001381c6     0x30  uc.o [1]
  .text                   ro code  0x001381f6     0x3c  ecu.o [1]
  .text                   ro code  0x00138232      0xa  app.o [1]
  .text                   ro code  0x0013823c     0xa4  os_tasks.o [1]
  .text                   ro code  0x001382e0     0x24  rte_tasks.o [1]
  .rodata                 const    0x00138304     0x90  app_Main10msMgr_capi.o [1]
  .rodata                 const    0x00138394     0x8c  app_Main10msMgr_capi.o [1]
  .rodata                 const    0x00138420     0x8c  app_Main10msMgr_capi.o [1]
  .rodata                 const    0x001384ac     0x8c  app_Main10msMgr_capi.o [1]
  .rodata                 const    0x00138538     0x8c  app_Main10msMgr_capi.o [1]
  .rodata                 const    0x001385c4     0x8c  app_Main10msMgr_capi.o [1]
  .rodata                 const    0x00138650     0x8c  app_Main10msMgr_capi.o [1]
  .rodata                 const    0x001386dc     0x8c  app_Main10msMgr_capi.o [1]
  .rodata                 const    0x00138768     0x8c  app_Main10msMgr_capi.o [1]
  .rodata                 const    0x001387f4     0x8c  app_Main10msMgr_capi.o [1]
  .rodata                 const    0x00138880     0x8c  app_Main10msMgr_capi.o [1]
  .rodata                 const    0x0013890c     0x8c  app_Main10msMgr_capi.o [1]
  .rodata                 const    0x00138998     0x8c  app_Main10msMgr_capi.o [1]
  .rodata                 const    0x00138a24     0x8c  app_Main10msMgr_capi.o [1]
  .rodata                 const    0x00138ab0     0x88  app_Main10msMgr_capi.o [1]
  .rodata                 const    0x00138b38     0x88  app_Main10msMgr_capi.o [1]
  .rodata                 const    0x00138bc0     0x84  app_Main10msMgr_capi.o [1]
  .rodata                 const    0x00138c44     0x84  app_Main10msMgr_capi.o [1]
  .rodata                 const    0x00138cc8     0x84  app_Main10msMgr_capi.o [1]
  .rodata                 const    0x00138d4c     0x84  app_Main10msMgr_capi.o [1]
  .rodata                 const    0x00138dd0     0x84  app_Main10msMgr_capi.o [1]
  .rodata                 const    0x00138e54     0x84  app_Main10msMgr_capi.o [1]
  .rodata                 const    0x00138ed8     0x84  app_Main10msMgr_capi.o [1]
  .rodata                 const    0x00138f5c     0x84  app_Main10msMgr_capi.o [1]
  .rodata                 const    0x00138fe0     0x84  app_Main10msMgr_capi.o [1]
  .rodata                 const    0x00139064     0x84  app_Main10msMgr_capi.o [1]
  .rodata                 const    0x001390e8     0x84  app_Main10msMgr_capi.o [1]
  .rodata                 const    0x0013916c     0x80  app_Main10msMgr_capi.o [1]
  .rodata                 const    0x001391ec     0x80  app_Main10msMgr_capi.o [1]
  .rodata                 const    0x0013926c     0x80  app_Main10msMgr_capi.o [1]
  .rodata                 const    0x001392ec     0x80  app_Main10msMgr_capi.o [1]
  .rodata                 const    0x0013936c     0x80  app_Main10msMgr_capi.o [1]
  .rodata                 const    0x001393ec     0x80  app_Main10msMgr_capi.o [1]
  .rodata                 const    0x0013946c     0x80  app_Main10msMgr_capi.o [1]
  .rodata                 const    0x001394ec     0x80  app_Main10msMgr_capi.o [1]
  .rodata                 const    0x0013956c     0x80  app_Main10msMgr_capi.o [1]
  .rodata                 const    0x001395ec     0x80  app_Main10msMgr_capi.o [1]
  .rodata                 const    0x0013966c     0x80  app_Main10msMgr_capi.o [1]
  .rodata                 const    0x001396ec     0x80  app_Main10msMgr_capi.o [1]
  .rodata                 const    0x0013976c     0x80  app_Main10msMgr_capi.o [1]
  .rodata                 const    0x001397ec     0x80  app_Main10msMgr_capi.o [1]
  .rodata                 const    0x0013986c     0x80  app_Main10msMgr_capi.o [1]
  .rodata                 const    0x001398ec     0x80  app_Main10msMgr_capi.o [1]
  .rodata                 const    0x0013996c     0x80  app_Main10msMgr_capi.o [1]
  .rodata                 const    0x001399ec     0x80  app_Main10msMgr_capi.o [1]
  .rodata                 const    0x00139a6c     0x80  app_Main10msMgr_capi.o [1]
  .rodata                 const    0x00139aec     0x7c  app_Main10msMgr_capi.o [1]
  .rodata                 const    0x00139b68     0x7c  app_Main10msMgr_capi.o [1]
  .rodata                 const    0x00139be4     0x7c  app_Main10msMgr_capi.o [1]
  .rodata                 const    0x00139c60     0x7c  app_Main10msMgr_capi.o [1]
  .rodata                 const    0x00139cdc     0x7c  app_Main10msMgr_capi.o [1]
  .rodata                 const    0x00139d58     0x7c  app_Main10msMgr_capi.o [1]
  .rodata                 const    0x00139dd4     0x7c  app_Main10msMgr_capi.o [1]
  .rodata                 const    0x00139e50     0x7c  app_Main10msMgr_capi.o [1]
  .rodata                 const    0x00139ecc     0x7c  app_Main10msMgr_capi.o [1]
  .rodata                 const    0x00139f48     0x7c  app_Main10msMgr_capi.o [1]
  .rodata                 const    0x00139fc4     0x7c  app_Main10msMgr_capi.o [1]
  .rodata                 const    0x0013a040     0x7c  app_Main10msMgr_capi.o [1]
  .rodata                 const    0x0013a0bc     0x7c  app_Main10msMgr_capi.o [1]
  .rodata                 const    0x0013a138     0x7c  app_Main10msMgr_capi.o [1]
  .rodata                 const    0x0013a1b4     0x7c  app_Main10msMgr_capi.o [1]
  .rodata                 const    0x0013a230     0x7c  app_Main10msMgr_capi.o [1]
  .rodata                 const    0x0013a2ac     0x7c  app_Main10msMgr_capi.o [1]
  .rodata                 const    0x0013a328     0x7c  app_Main10msMgr_capi.o [1]
  .rodata                 const    0x0013a3a4     0x7c  app_Main10msMgr_capi.o [1]
  .rodata                 const    0x0013a420     0x7c  app_Main10msMgr_capi.o [1]
  .rodata                 const    0x0013a49c     0x7c  app_Main10msMgr_capi.o [1]
  .rodata                 const    0x0013a518     0x7c  app_Main10msMgr_capi.o [1]
  .rodata                 const    0x0013a594     0x7c  app_Main10msMgr_capi.o [1]
  .rodata                 const    0x0013a610     0x7c  app_Main10msMgr_capi.o [1]
  .rodata                 const    0x0013a68c     0x7c  app_Main10msMgr_capi.o [1]
  .rodata                 const    0x0013a708     0x7c  app_Main10msMgr_capi.o [1]
  .rodata                 const    0x0013a784     0x7c  app_Main10msMgr_capi.o [1]
  .rodata                 const    0x0013a800     0x7c  app_Main10msMgr_capi.o [1]
  .rodata                 const    0x0013a87c     0x7c  app_Main10msMgr_capi.o [1]
  .rodata                 const    0x0013a8f8     0x7c  app_Main10msMgr_capi.o [1]
  .rodata                 const    0x0013a974     0x7c  app_Main10msMgr_capi.o [1]
  .rodata                 const    0x0013a9f0     0x7c  app_Main10msMgr_capi.o [1]
  .rodata                 const    0x0013aa6c     0x7c  app_Main10msMgr_capi.o [1]
  .rodata                 const    0x0013aae8     0x7c  app_Main10msMgr_capi.o [1]
  .rodata                 const    0x0013ab64     0x7c  app_Main10msMgr_capi.o [1]
  .rodata                 const    0x0013abe0     0x7c  app_Main10msMgr_capi.o [1]
  .rodata                 const    0x0013ac5c     0x78  app_Main10msMgr_capi.o [1]
  .rodata                 const    0x0013acd4     0x78  app_Main10msMgr_capi.o [1]
  .rodata                 const    0x0013ad4c     0x78  app_Main10msMgr_capi.o [1]
  .rodata                 const    0x0013adc4     0x78  app_Main10msMgr_capi.o [1]
  .rodata                 const    0x0013ae3c     0x78  app_Main10msMgr_capi.o [1]
  .rodata                 const    0x0013aeb4     0x78  app_Main10msMgr_capi.o [1]
  .rodata                 const    0x0013af2c     0x78  app_Main10msMgr_capi.o [1]
  .rodata                 const    0x0013afa4     0x78  app_Main10msMgr_capi.o [1]
  .text                   ro code  0x0013b01c     0x78  lz77_init_single.o [6]
  .rodata                 const    0x0013b094     0x74  app_Main10msMgr_capi.o [1]
  .rodata                 const    0x0013b108     0x74  app_Main10msMgr_capi.o [1]
  .rodata                 const    0x0013b17c     0x74  app_Main10msMgr_capi.o [1]
  .rodata                 const    0x0013b1f0     0x74  app_Main10msMgr_capi.o [1]
  .rodata                 const    0x0013b264     0x74  app_Main10msMgr_capi.o [1]
  .rodata                 const    0x0013b2d8     0x74  app_Main10msMgr_capi.o [1]
  .rodata                 const    0x0013b34c     0x74  app_Main10msMgr_capi.o [1]
  .rodata                 const    0x0013b3c0     0x74  app_Main10msMgr_capi.o [1]
  .rodata                 const    0x0013b434     0x74  app_Main10msMgr_capi.o [1]
  .rodata                 const    0x0013b4a8     0x74  app_Main10msMgr_capi.o [1]
  .rodata                 const    0x0013b51c     0x74  app_Main10msMgr_capi.o [1]
  .rodata                 const    0x0013b590     0x74  app_Main10msMgr_capi.o [1]
  .rodata                 const    0x0013b604     0x74  app_Main10msMgr_capi.o [1]
  .rodata                 const    0x0013b678     0x74  app_Main10msMgr_capi.o [1]
  .rodata                 const    0x0013b6ec     0x74  app_Main10msMgr_capi.o [1]
  .rodata                 const    0x0013b760     0x74  app_Main10msMgr_capi.o [1]
  .rodata                 const    0x0013b7d4     0x74  app_Main10msMgr_capi.o [1]
  .rodata                 const    0x0013b848     0x74  app_Main10msMgr_capi.o [1]
  .rodata                 const    0x0013b8bc     0x74  app_Main10msMgr_capi.o [1]
  .rodata                 const    0x0013b930     0x74  app_Main10msMgr_capi.o [1]
  .rodata                 const    0x0013b9a4     0x74  app_Main10msMgr_capi.o [1]
  .rodata                 const    0x0013ba18     0x74  app_Main10msMgr_capi.o [1]
  .rodata                 const    0x0013ba8c     0x74  app_Main10msMgr_capi.o [1]
  .rodata                 const    0x0013bb00     0x70  app_Main10msMgr_capi.o [1]
  .rodata                 const    0x0013bb70     0x70  app_Main10msMgr_capi.o [1]
  .rodata                 const    0x0013bbe0     0x70  app_Main10msMgr_capi.o [1]
  .rodata                 const    0x0013bc50     0x70  app_Main10msMgr_capi.o [1]
  .rodata                 const    0x0013bcc0     0x70  app_Main10msMgr_capi.o [1]
  .rodata                 const    0x0013bd30     0x70  app_Main10msMgr_capi.o [1]
  .rodata                 const    0x0013bda0     0x70  app_Main10msMgr_capi.o [1]
  .rodata                 const    0x0013be10     0x70  app_Main10msMgr_capi.o [1]
  .rodata                 const    0x0013be80     0x70  app_Main10msMgr_capi.o [1]
  .rodata                 const    0x0013bef0     0x70  app_Main10msMgr_capi.o [1]
  .rodata                 const    0x0013bf60     0x70  app_Main10msMgr_capi.o [1]
  .rodata                 const    0x0013bfd0     0x6c  app_Main10msMgr_capi.o [1]
  .rodata                 const    0x0013c03c     0x6c  app_Main10msMgr_capi.o [1]
  .rodata                 const    0x0013c0a8     0x6c  app_Main10msMgr_capi.o [1]
  .rodata                 const    0x0013c114     0x6c  app_Main10msMgr_capi.o [1]
  .rodata                 const    0x0013c180     0x6c  app_Main10msMgr_capi.o [1]
  .rodata                 const    0x0013c1ec     0x6c  app_Main10msMgr_capi.o [1]
  .rodata                 const    0x0013c258     0x6c  app_Main10msMgr_capi.o [1]
  .rodata                 const    0x0013c2c4     0x6c  app_Main10msMgr_capi.o [1]
  .rodata                 const    0x0013c330     0x6c  app_Main10msMgr_capi.o [1]
  .rodata                 const    0x0013c39c     0x6c  app_Main10msMgr_capi.o [1]
  .rodata                 const    0x0013c408     0x6c  app_Main10msMgr_capi.o [1]
  .rodata                 const    0x0013c474     0x6c  app_Main10msMgr_capi.o [1]
  .rodata                 const    0x0013c4e0     0x6c  app_Main10msMgr_capi.o [1]
  .rodata                 const    0x0013c54c     0x6c  app_Main10msMgr_capi.o [1]
  .rodata                 const    0x0013c5b8     0x6c  app_Main10msMgr_capi.o [1]
  .rodata                 const    0x0013c624     0x6c  app_Main10msMgr_capi.o [1]
  .rodata                 const    0x0013c690     0x6c  app_Main10msMgr_capi.o [1]
  .rodata                 const    0x0013c6fc     0x6c  app_Main10msMgr_capi.o [1]
  .rodata                 const    0x0013c768     0x6c  app_Main10msMgr_capi.o [1]
  .rodata                 const    0x0013c7d4     0x6c  app_Main10msMgr_capi.o [1]
  .rodata                 const    0x0013c840     0x6c  app_Main10msMgr_capi.o [1]
  .rodata                 const    0x0013c8ac     0x6c  app_Main10msMgr_capi.o [1]
  .rodata                 const    0x0013c918     0x6c  app_Main10msMgr_capi.o [1]
  .rodata                 const    0x0013c984     0x6c  app_Main10msMgr_capi.o [1]
  .rodata                 const    0x0013c9f0     0x6c  app_Main10msMgr_capi.o [1]
  .rodata                 const    0x0013ca5c     0x6c  app_Main10msMgr_capi.o [1]
  .rodata                 const    0x0013cac8     0x6c  app_Main10msMgr_capi.o [1]
  .rodata                 const    0x0013cb34     0x6c  app_Main10msMgr_capi.o [1]
  .rodata                 const    0x0013cba0     0x6c  app_Main10msMgr_capi.o [1]
  .rodata                 const    0x0013cc0c     0x6c  app_Main10msMgr_capi.o [1]
  .rodata                 const    0x0013cc78     0x6c  app_Main10msMgr_capi.o [1]
  .rodata                 const    0x0013cce4     0x6c  app_Main10msMgr_capi.o [1]
  .rodata                 const    0x0013cd50     0x6c  app_Main10msMgr_capi.o [1]
  .rodata                 const    0x0013cdbc     0x6c  app_Main10msMgr_capi.o [1]
  .rodata                 const    0x0013ce28     0x6c  app_Main10msMgr_capi.o [1]
  .rodata                 const    0x0013ce94     0x6c  app_Main10msMgr_capi.o [1]
  .rodata                 const    0x0013cf00     0x6c  app_Main10msMgr_capi.o [1]
  .rodata                 const    0x0013cf6c     0x6c  app_Main10msMgr_capi.o [1]
  .rodata                 const    0x0013cfd8     0x6c  app_Main10msMgr_capi.o [1]
  .rodata                 const    0x0013d044     0x6c  app_Main10msMgr_capi.o [1]
  .rodata                 const    0x0013d0b0     0x6c  app_Main10msMgr_capi.o [1]
  .rodata                 const    0x0013d11c     0x6c  app_Main10msMgr_capi.o [1]
  .rodata                 const    0x0013d188     0x6c  app_Main10msMgr_capi.o [1]
  .rodata                 const    0x0013d1f4     0x6c  app_Main10msMgr_capi.o [1]
  .rodata                 const    0x0013d260     0x6c  app_Main10msMgr_capi.o [1]
  .rodata                 const    0x0013d2cc     0x6c  app_Main10msMgr_capi.o [1]
  .rodata                 const    0x0013d338     0x6c  app_Main10msMgr_capi.o [1]
  .rodata                 const    0x0013d3a4     0x6c  app_Main10msMgr_capi.o [1]
  .rodata                 const    0x0013d410     0x6c  app_Main10msMgr_capi.o [1]
  .rodata                 const    0x0013d47c     0x6c  app_Main10msMgr_capi.o [1]
  .rodata                 const    0x0013d4e8     0x6c  app_Main10msMgr_capi.o [1]
  .rodata                 const    0x0013d554     0x6c  app_Main10msMgr_capi.o [1]
  .rodata                 const    0x0013d5c0     0x6c  app_Main10msMgr_capi.o [1]
  .rodata                 const    0x0013d62c     0x6c  app_Main10msMgr_capi.o [1]
  .rodata                 const    0x0013d698     0x6c  app_Main10msMgr_capi.o [1]
  .rodata                 const    0x0013d704     0x6c  app_Main10msMgr_capi.o [1]
  .rodata                 const    0x0013d770     0x6c  app_Main10msMgr_capi.o [1]
  .rodata                 const    0x0013d7dc     0x6c  app_Main10msMgr_capi.o [1]
  .rodata                 const    0x0013d848     0x6c  app_Main10msMgr_capi.o [1]
  .rodata                 const    0x0013d8b4     0x6c  app_Main10msMgr_capi.o [1]
  .rodata                 const    0x0013d920     0x6c  app_Main10msMgr_capi.o [1]
  .rodata                 const    0x0013d98c     0x6c  app_Main10msMgr_capi.o [1]
  .rodata                 const    0x0013d9f8     0x6c  app_Main10msMgr_capi.o [1]
  .rodata                 const    0x0013da64     0x6c  app_Main10msMgr_capi.o [1]
  .rodata                 const    0x0013dad0     0x6c  app_Main10msMgr_capi.o [1]
  .rodata                 const    0x0013db3c     0x6c  app_Main10msMgr_capi.o [1]
  .rodata                 const    0x0013dba8     0x6c  app_Main10msMgr_capi.o [1]
  .rodata                 const    0x0013dc14     0x6c  app_Main10msMgr_capi.o [1]
  .rodata                 const    0x0013dc80     0x6c  app_Main10msMgr_capi.o [1]
  .rodata                 const    0x0013dcec     0x6c  app_Main10msMgr_capi.o [1]
  .rodata                 const    0x0013dd58     0x6c  app_Main10msMgr_capi.o [1]
  .rodata                 const    0x0013ddc4     0x6c  app_Main10msMgr_capi.o [1]
  .rodata                 const    0x0013de30     0x6c  app_Main10msMgr_capi.o [1]
  .rodata                 const    0x0013de9c     0x6c  app_Main10msMgr_capi.o [1]
  .rodata                 const    0x0013df08     0x6c  app_Main10msMgr_capi.o [1]
  .rodata                 const    0x0013df74     0x6c  app_Main10msMgr_capi.o [1]
  .rodata                 const    0x0013dfe0     0x6c  app_Main10msMgr_capi.o [1]
  .rodata                 const    0x0013e04c     0x6c  app_Main10msMgr_capi.o [1]
  .rodata                 const    0x0013e0b8     0x6c  app_Main10msMgr_capi.o [1]
  .rodata                 const    0x0013e124     0x6c  app_Main10msMgr_capi.o [1]
  .rodata                 const    0x0013e190     0x6c  app_Main10msMgr_capi.o [1]
  .rodata                 const    0x0013e1fc     0x6c  app_Main10msMgr_capi.o [1]
  .rodata                 const    0x0013e268     0x6c  app_Main10msMgr_capi.o [1]
  .rodata                 const    0x0013e2d4     0x6c  app_Main10msMgr_capi.o [1]
  .rodata                 const    0x0013e340     0x6c  app_Main10msMgr_capi.o [1]
  .rodata                 const    0x0013e3ac     0x6c  app_Main10msMgr_capi.o [1]
  .rodata                 const    0x0013e418     0x6c  app_Main10msMgr_capi.o [1]
  .rodata                 const    0x0013e484     0x6c  app_Main10msMgr_capi.o [1]
  .rodata                 const    0x0013e4f0     0x6c  app_Main10msMgr_capi.o [1]
  .rodata                 const    0x0013e55c     0x6c  app_Main10msMgr_capi.o [1]
  .rodata                 const    0x0013e5c8     0x6c  app_Main10msMgr_capi.o [1]
  .rodata                 const    0x0013e634     0x6c  app_Main10msMgr_capi.o [1]
  .rodata                 const    0x0013e6a0     0x68  app_Main10msMgr_capi.o [1]
  .rodata                 const    0x0013e708     0x68  app_Main10msMgr_capi.o [1]
  .rodata                 const    0x0013e770     0x68  app_Main10msMgr_capi.o [1]
  .rodata                 const    0x0013e7d8     0x68  app_Main10msMgr_capi.o [1]
  .rodata                 const    0x0013e840     0x68  app_Main10msMgr_capi.o [1]
  .rodata                 const    0x0013e8a8     0x68  app_Main10msMgr_capi.o [1]
  .rodata                 const    0x0013e910     0x68  app_Main10msMgr_capi.o [1]
  .rodata                 const    0x0013e978     0x68  app_Main10msMgr_capi.o [1]
  .rodata                 const    0x0013e9e0     0x68  app_Main10msMgr_capi.o [1]
  .rodata                 const    0x0013ea48     0x68  app_Main10msMgr_capi.o [1]
  .rodata                 const    0x0013eab0     0x68  app_Main10msMgr_capi.o [1]
  .rodata                 const    0x0013eb18     0x68  app_Main10msMgr_capi.o [1]
  .rodata                 const    0x0013eb80     0x68  app_Main10msMgr_capi.o [1]
  .rodata                 const    0x0013ebe8     0x68  app_Main10msMgr_capi.o [1]
  .rodata                 const    0x0013ec50     0x68  app_Main10msMgr_capi.o [1]
  .rodata                 const    0x0013ecb8     0x68  app_Main10msMgr_capi.o [1]
  .rodata                 const    0x0013ed20     0x68  app_Main10msMgr_capi.o [1]
  .rodata                 const    0x0013ed88     0x68  app_Main10msMgr_capi.o [1]
  .rodata                 const    0x0013edf0     0x68  app_Main10msMgr_capi.o [1]
  .rodata                 const    0x0013ee58     0x68  app_Main10msMgr_capi.o [1]
  .rodata                 const    0x0013eec0     0x68  app_Main10msMgr_capi.o [1]
  .rodata                 const    0x0013ef28     0x68  app_Main10msMgr_capi.o [1]
  .rodata                 const    0x0013ef90     0x68  app_Main10msMgr_capi.o [1]
  .rodata                 const    0x0013eff8     0x68  app_Main10msMgr_capi.o [1]
  .rodata                 const    0x0013f060     0x68  app_Main10msMgr_capi.o [1]
  .rodata                 const    0x0013f0c8     0x68  app_Main10msMgr_capi.o [1]
  .rodata                 const    0x0013f130     0x68  app_Main10msMgr_capi.o [1]
  .rodata                 const    0x0013f198     0x68  app_Main10msMgr_capi.o [1]
  .rodata                 const    0x0013f200     0x68  app_Main10msMgr_capi.o [1]
  .rodata                 const    0x0013f268     0x68  app_Main10msMgr_capi.o [1]
  .rodata                 const    0x0013f2d0     0x68  app_Main10msMgr_capi.o [1]
  .rodata                 const    0x0013f338     0x68  app_Main10msMgr_capi.o [1]
  .rodata                 const    0x0013f3a0     0x68  app_Main10msMgr_capi.o [1]
  .rodata                 const    0x0013f408     0x68  app_Main10msMgr_capi.o [1]
  .rodata                 const    0x0013f470     0x68  app_Main10msMgr_capi.o [1]
  .rodata                 const    0x0013f4d8     0x68  app_Main10msMgr_capi.o [1]
  .rodata                 const    0x0013f540     0x68  app_Main10msMgr_capi.o [1]
  .rodata                 const    0x0013f5a8     0x68  app_Main10msMgr_capi.o [1]
  .rodata                 const    0x0013f610     0x68  app_Main10msMgr_capi.o [1]
  .rodata                 const    0x0013f678     0x68  app_Main10msMgr_capi.o [1]
  .rodata                 const    0x0013f6e0     0x68  app_Main10msMgr_capi.o [1]
  .rodata                 const    0x0013f748     0x68  app_Main10msMgr_capi.o [1]
  .rodata                 const    0x0013f7b0     0x68  app_Main10msMgr_capi.o [1]
  .rodata                 const    0x0013f818     0x68  app_Main10msMgr_capi.o [1]
  .rodata                 const    0x0013f880     0x68  app_Main10msMgr_capi.o [1]
  .rodata                 const    0x0013f8e8     0x68  app_Main10msMgr_capi.o [1]
  .rodata                 const    0x0013f950     0x68  app_Main10msMgr_capi.o [1]
  .rodata                 const    0x0013f9b8     0x68  app_Main10msMgr_capi.o [1]
  .rodata                 const    0x0013fa20     0x68  app_Main10msMgr_capi.o [1]
  .rodata                 const    0x0013fa88     0x68  app_Main10msMgr_capi.o [1]
  .rodata                 const    0x0013faf0     0x68  app_Main10msMgr_capi.o [1]
  .rodata                 const    0x0013fb58     0x68  app_Main10msMgr_capi.o [1]
  .rodata                 const    0x0013fbc0     0x68  app_Main10msMgr_capi.o [1]
  .rodata                 const    0x0013fc28     0x68  app_Main10msMgr_capi.o [1]
  .rodata                 const    0x0013fc90     0x68  app_Main10msMgr_capi.o [1]
  .rodata                 const    0x0013fcf8     0x68  app_Main10msMgr_capi.o [1]
  .rodata                 const    0x0013fd60     0x68  app_Main10msMgr_capi.o [1]
  .rodata                 const    0x0013fdc8     0x68  app_Main10msMgr_capi.o [1]
  .rodata                 const    0x0013fe30     0x68  app_Main10msMgr_capi.o [1]
  .rodata                 const    0x0013fe98     0x68  app_Main10msMgr_capi.o [1]
  .rodata                 const    0x0013ff00     0x68  app_Main10msMgr_capi.o [1]
  .rodata                 const    0x0013ff68     0x68  app_Main10msMgr_capi.o [1]
  .rodata                 const    0x0013ffd0     0x68  app_Main10msMgr_capi.o [1]
  .rodata                 const    0x00140038     0x68  app_Main10msMgr_capi.o [1]
  .rodata                 const    0x001400a0     0x68  app_Main10msMgr_capi.o [1]
  .rodata                 const    0x00140108     0x64  app_Main10msMgr_capi.o [1]
  .rodata                 const    0x0014016c     0x64  app_Main10msMgr_capi.o [1]
  .rodata                 const    0x001401d0     0x64  app_Main10msMgr_capi.o [1]
  .rodata                 const    0x00140234     0x64  app_Main10msMgr_capi.o [1]
  .rodata                 const    0x00140298     0x64  app_Main10msMgr_capi.o [1]
  .rodata                 const    0x001402fc     0x64  app_Main10msMgr_capi.o [1]
  .rodata                 const    0x00140360     0x64  app_Main10msMgr_capi.o [1]
  .rodata                 const    0x001403c4     0x64  app_Main10msMgr_capi.o [1]
  .rodata                 const    0x00140428     0x64  app_Main10msMgr_capi.o [1]
  .rodata                 const    0x0014048c     0x64  app_Main10msMgr_capi.o [1]
  .rodata                 const    0x001404f0     0x64  app_Main10msMgr_capi.o [1]
  .rodata                 const    0x00140554     0x64  app_Main10msMgr_capi.o [1]
  .rodata                 const    0x001405b8     0x64  app_Main10msMgr_capi.o [1]
  .rodata                 const    0x0014061c     0x64  app_Main10msMgr_capi.o [1]
  .rodata                 const    0x00140680     0x64  app_Main10msMgr_capi.o [1]
  .rodata                 const    0x001406e4     0x64  app_Main10msMgr_capi.o [1]
  .rodata                 const    0x00140748     0x64  app_Main10msMgr_capi.o [1]
  .rodata                 const    0x001407ac     0x64  app_Main10msMgr_capi.o [1]
  .rodata                 const    0x00140810     0x64  app_Main10msMgr_capi.o [1]
  .rodata                 const    0x00140874     0x64  app_Main10msMgr_capi.o [1]
  .rodata                 const    0x001408d8     0x64  app_Main10msMgr_capi.o [1]
  .rodata                 const    0x0014093c     0x64  app_Main10msMgr_capi.o [1]
  .rodata                 const    0x001409a0     0x64  app_Main10msMgr_capi.o [1]
  .rodata                 const    0x00140a04     0x64  app_Main10msMgr_capi.o [1]
  .rodata                 const    0x00140a68     0x64  app_Main10msMgr_capi.o [1]
  .rodata                 const    0x00140acc     0x64  app_Main10msMgr_capi.o [1]
  .rodata                 const    0x00140b30     0x64  app_Main10msMgr_capi.o [1]
  .rodata                 const    0x00140b94     0x64  app_Main10msMgr_capi.o [1]
  .rodata                 const    0x00140bf8     0x64  app_Main10msMgr_capi.o [1]
  .rodata                 const    0x00140c5c     0x64  app_Main10msMgr_capi.o [1]
  .rodata                 const    0x00140cc0     0x64  app_Main10msMgr_capi.o [1]
  .rodata                 const    0x00140d24     0x64  app_Main10msMgr_capi.o [1]
  .rodata                 const    0x00140d88     0x64  app_Main10msMgr_capi.o [1]
  .rodata                 const    0x00140dec     0x64  app_Main10msMgr_capi.o [1]
  .rodata                 const    0x00140e50     0x64  app_Main10msMgr_capi.o [1]
  .rodata                 const    0x00140eb4     0x64  app_Main10msMgr_capi.o [1]
  .rodata                 const    0x00140f18     0x64  app_Main10msMgr_capi.o [1]
  .rodata                 const    0x00140f7c     0x64  app_Main10msMgr_capi.o [1]
  .rodata                 const    0x00140fe0     0x64  app_Main10msMgr_capi.o [1]
  .rodata                 const    0x00141044     0x64  app_Main10msMgr_capi.o [1]
  .rodata                 const    0x001410a8     0x64  app_Main10msMgr_capi.o [1]
  .rodata                 const    0x0014110c     0x64  app_Main10msMgr_capi.o [1]
  .rodata                 const    0x00141170     0x64  app_Main10msMgr_capi.o [1]
  .rodata                 const    0x001411d4     0x64  app_Main10msMgr_capi.o [1]
  .rodata                 const    0x00141238     0x64  app_Main10msMgr_capi.o [1]
  .rodata                 const    0x0014129c     0x64  app_Main10msMgr_capi.o [1]
  .rodata                 const    0x00141300     0x64  app_Main10msMgr_capi.o [1]
  .rodata                 const    0x00141364     0x64  app_Main10msMgr_capi.o [1]
  .rodata                 const    0x001413c8     0x64  app_Main10msMgr_capi.o [1]
  .rodata                 const    0x0014142c     0x64  app_Main10msMgr_capi.o [1]
  .rodata                 const    0x00141490     0x64  app_Main10msMgr_capi.o [1]
  .rodata                 const    0x001414f4     0x64  app_Main10msMgr_capi.o [1]
  .rodata                 const    0x00141558     0x64  app_Main10msMgr_capi.o [1]
  .rodata                 const    0x001415bc     0x64  app_Main10msMgr_capi.o [1]
  .rodata                 const    0x00141620     0x64  app_Main10msMgr_capi.o [1]
  .rodata                 const    0x00141684     0x64  app_Main10msMgr_capi.o [1]
  .rodata                 const    0x001416e8     0x64  app_Main10msMgr_capi.o [1]
  .rodata                 const    0x0014174c     0x64  app_Main10msMgr_capi.o [1]
  .rodata                 const    0x001417b0     0x60  app_Main10msMgr_capi.o [1]
  .rodata                 const    0x00141810     0x60  app_Main10msMgr_capi.o [1]
  .rodata                 const    0x00141870     0x60  app_Main10msMgr_capi.o [1]
  .rodata                 const    0x001418d0     0x60  app_Main10msMgr_capi.o [1]
  .rodata                 const    0x00141930     0x60  app_Main10msMgr_capi.o [1]
  .rodata                 const    0x00141990     0x60  app_Main10msMgr_capi.o [1]
  .rodata                 const    0x001419f0     0x60  app_Main10msMgr_capi.o [1]
  .rodata                 const    0x00141a50     0x60  app_Main10msMgr_capi.o [1]
  .rodata                 const    0x00141ab0     0x60  app_Main10msMgr_capi.o [1]
  .rodata                 const    0x00141b10     0x60  app_Main10msMgr_capi.o [1]
  .rodata                 const    0x00141b70     0x60  app_Main10msMgr_capi.o [1]
  .rodata                 const    0x00141bd0     0x60  app_Main10msMgr_capi.o [1]
  .rodata                 const    0x00141c30     0x60  app_Main10msMgr_capi.o [1]
  .rodata                 const    0x00141c90     0x60  app_Main10msMgr_capi.o [1]
  .rodata                 const    0x00141cf0     0x60  app_Main10msMgr_capi.o [1]
  .rodata                 const    0x00141d50     0x60  app_Main10msMgr_capi.o [1]
  .rodata                 const    0x00141db0     0x60  app_Main10msMgr_capi.o [1]
  .rodata                 const    0x00141e10     0x60  app_Main10msMgr_capi.o [1]
  .rodata                 const    0x00141e70     0x60  app_Main10msMgr_capi.o [1]
  .rodata                 const    0x00141ed0     0x60  app_Main10msMgr_capi.o [1]
  .rodata                 const    0x00141f30     0x60  app_Main10msMgr_capi.o [1]
  .rodata                 const    0x00141f90     0x60  app_Main10msMgr_capi.o [1]
  .rodata                 const    0x00141ff0     0x60  app_Main10msMgr_capi.o [1]
  .rodata                 const    0x00142050     0x60  app_Main10msMgr_capi.o [1]
  .rodata                 const    0x001420b0     0x60  app_Main10msMgr_capi.o [1]
  .rodata                 const    0x00142110     0x60  app_Main10msMgr_capi.o [1]
  .rodata                 const    0x00142170     0x60  app_Main10msMgr_capi.o [1]
  .rodata                 const    0x001421d0     0x60  app_Main10msMgr_capi.o [1]
  .rodata                 const    0x00142230     0x60  app_Main10msMgr_capi.o [1]
  .rodata                 const    0x00142290     0x60  app_Main10msMgr_capi.o [1]
  .rodata                 const    0x001422f0     0x60  app_Main10msMgr_capi.o [1]
  .rodata                 const    0x00142350     0x60  app_Main10msMgr_capi.o [1]
  .rodata                 const    0x001423b0     0x60  app_Main10msMgr_capi.o [1]
  .rodata                 const    0x00142410     0x60  app_Main10msMgr_capi.o [1]
  .rodata                 const    0x00142470     0x60  app_Main10msMgr_capi.o [1]
  .rodata                 const    0x001424d0     0x60  app_Main10msMgr_capi.o [1]
  .rodata                 const    0x00142530     0x60  app_Main10msMgr_capi.o [1]
  .rodata                 const    0x00142590     0x60  app_Main10msMgr_capi.o [1]
  .rodata                 const    0x001425f0     0x60  app_Main10msMgr_capi.o [1]
  .rodata                 const    0x00142650     0x60  app_Main10msMgr_capi.o [1]
  .rodata                 const    0x001426b0     0x60  app_Main10msMgr_capi.o [1]
  .rodata                 const    0x00142710     0x60  app_Main10msMgr_capi.o [1]
  .rodata                 const    0x00142770     0x60  app_Main10msMgr_capi.o [1]
  .rodata                 const    0x001427d0     0x60  app_Main10msMgr_capi.o [1]
  .rodata                 const    0x00142830     0x60  app_Main10msMgr_capi.o [1]
  .rodata                 const    0x00142890     0x60  app_Main10msMgr_capi.o [1]
  .rodata                 const    0x001428f0     0x60  app_Main10msMgr_capi.o [1]
  .rodata                 const    0x00142950     0x60  app_Main10msMgr_capi.o [1]
  .rodata                 const    0x001429b0     0x60  app_Main10msMgr_capi.o [1]
  .rodata                 const    0x00142a10     0x60  app_Main10msMgr_capi.o [1]
  .rodata                 const    0x00142a70     0x60  app_Main10msMgr_capi.o [1]
  .rodata                 const    0x00142ad0     0x60  app_Main10msMgr_capi.o [1]
  .rodata                 const    0x00142b30     0x60  app_Main10msMgr_capi.o [1]
  .rodata                 const    0x00142b90     0x60  app_Main10msMgr_capi.o [1]
  .rodata                 const    0x00142bf0     0x60  app_Main10msMgr_capi.o [1]
  .rodata                 const    0x00142c50     0x60  app_Main10msMgr_capi.o [1]
  .rodata                 const    0x00142cb0     0x60  app_Main10msMgr_capi.o [1]
  .rodata                 const    0x00142d10     0x60  app_Main10msMgr_capi.o [1]
  .rodata                 const    0x00142d70     0x60  app_Main10msMgr_capi.o [1]
  .rodata                 const    0x00142dd0     0x60  app_Main10msMgr_capi.o [1]
  .rodata                 const    0x00142e30     0x60  app_Main10msMgr_capi.o [1]
  .rodata                 const    0x00142e90     0x60  app_Main10msMgr_capi.o [1]
  .rodata                 const    0x00142ef0     0x60  app_Main10msMgr_capi.o [1]
  .rodata                 const    0x00142f50     0x60  app_Main10msMgr_capi.o [1]
  .rodata                 const    0x00142fb0     0x60  app_Main10msMgr_capi.o [1]
  .rodata                 const    0x00143010     0x60  app_Main10msMgr_capi.o [1]
  .rodata                 const    0x00143070     0x60  app_Main10msMgr_capi.o [1]
  .rodata                 const    0x001430d0     0x60  app_Main10msMgr_capi.o [1]
  .rodata                 const    0x00143130     0x60  app_Main10msMgr_capi.o [1]
  .rodata                 const    0x00143190     0x60  app_Main10msMgr_capi.o [1]
  .rodata                 const    0x001431f0     0x60  app_Main10msMgr_capi.o [1]
  .rodata                 const    0x00143250     0x60  app_Main10msMgr_capi.o [1]
  .rodata                 const    0x001432b0     0x60  app_Main10msMgr_capi.o [1]
  .rodata                 const    0x00143310     0x60  app_Main10msMgr_capi.o [1]
  .rodata                 const    0x00143370     0x60  app_Main10msMgr_capi.o [1]
  .rodata                 const    0x001433d0     0x60  app_Main10msMgr_capi.o [1]
  .rodata                 const    0x00143430     0x60  app_Main10msMgr_capi.o [1]
  .rodata                 const    0x00143490     0x60  app_Main10msMgr_capi.o [1]
  .rodata                 const    0x001434f0     0x60  app_Main10msMgr_capi.o [1]
  .rodata                 const    0x00143550     0x60  app_Main10msMgr_capi.o [1]
  .rodata                 const    0x001435b0     0x60  app_Main10msMgr_capi.o [1]
  .rodata                 const    0x00143610     0x60  app_Main10msMgr_capi.o [1]
  .rodata                 const    0x00143670     0x60  app_Main10msMgr_capi.o [1]
  .rodata                 const    0x001436d0     0x60  app_Main10msMgr_capi.o [1]
  .rodata                 const    0x00143730     0x60  app_Main10msMgr_capi.o [1]
  .rodata                 const    0x00143790     0x60  app_Main10msMgr_capi.o [1]
  .rodata                 const    0x001437f0     0x60  app_Main10msMgr_capi.o [1]
  .rodata                 const    0x00143850     0x60  app_Main10msMgr_capi.o [1]
  .rodata                 const    0x001438b0     0x60  app_Main10msMgr_capi.o [1]
  .rodata                 const    0x00143910     0x60  app_Main10msMgr_capi.o [1]
  .rodata                 const    0x00143970     0x60  app_Main10msMgr_capi.o [1]
  .rodata                 const    0x001439d0     0x60  app_Main10msMgr_capi.o [1]
  .rodata                 const    0x00143a30     0x60  app_Main10msMgr_capi.o [1]
  .rodata                 const    0x00143a90     0x60  app_Main10msMgr_capi.o [1]
  .rodata                 const    0x00143af0     0x60  app_Main10msMgr_capi.o [1]
  .rodata                 const    0x00143b50     0x5c  app_Main10msMgr_capi.o [1]
  .rodata                 const    0x00143bac     0x5c  app_Main10msMgr_capi.o [1]
  .rodata                 const    0x00143c08     0x5c  app_Main10msMgr_capi.o [1]
  .rodata                 const    0x00143c64     0x5c  app_Main10msMgr_capi.o [1]
  .rodata                 const    0x00143cc0     0x5c  app_Main10msMgr_capi.o [1]
  .rodata                 const    0x00143d1c     0x5c  app_Main10msMgr_capi.o [1]
  .rodata                 const    0x00143d78     0x5c  app_Main10msMgr_capi.o [1]
  .rodata                 const    0x00143dd4     0x5c  app_Main10msMgr_capi.o [1]
  .rodata                 const    0x00143e30     0x5c  app_Main10msMgr_capi.o [1]
  .rodata                 const    0x00143e8c     0x5c  app_Main10msMgr_capi.o [1]
  .rodata                 const    0x00143ee8     0x5c  app_Main10msMgr_capi.o [1]
  .rodata                 const    0x00143f44     0x5c  app_Main10msMgr_capi.o [1]
  .rodata                 const    0x00143fa0     0x5c  app_Main10msMgr_capi.o [1]
  .rodata                 const    0x00143ffc     0x5c  app_Main10msMgr_capi.o [1]
  .rodata                 const    0x00144058     0x5c  app_Main10msMgr_capi.o [1]
  .rodata                 const    0x001440b4     0x5c  app_Main10msMgr_capi.o [1]
  .rodata                 const    0x00144110     0x5c  app_Main10msMgr_capi.o [1]
  .rodata                 const    0x0014416c     0x5c  app_Main10msMgr_capi.o [1]
  .rodata                 const    0x001441c8     0x5c  app_Main10msMgr_capi.o [1]
  .rodata                 const    0x00144224     0x5c  app_Main10msMgr_capi.o [1]
  .rodata                 const    0x00144280     0x5c  app_Main10msMgr_capi.o [1]
  .rodata                 const    0x001442dc     0x5c  app_Main10msMgr_capi.o [1]
  .rodata                 const    0x00144338     0x5c  app_Main10msMgr_capi.o [1]
  .rodata                 const    0x00144394     0x5c  app_Main10msMgr_capi.o [1]
  .rodata                 const    0x001443f0     0x5c  app_Main10msMgr_capi.o [1]
  .rodata                 const    0x0014444c     0x5c  app_Main10msMgr_capi.o [1]
  .rodata                 const    0x001444a8     0x5c  app_Main10msMgr_capi.o [1]
  .rodata                 const    0x00144504     0x5c  app_Main10msMgr_capi.o [1]
  .rodata                 const    0x00144560     0x5c  app_Main10msMgr_capi.o [1]
  .rodata                 const    0x001445bc     0x5c  app_Main10msMgr_capi.o [1]
  .rodata                 const    0x00144618     0x5c  app_Main10msMgr_capi.o [1]
  .rodata                 const    0x00144674     0x5c  app_Main10msMgr_capi.o [1]
  .rodata                 const    0x001446d0     0x5c  app_Main10msMgr_capi.o [1]
  .rodata                 const    0x0014472c     0x5c  app_Main10msMgr_capi.o [1]
  .rodata                 const    0x00144788     0x5c  app_Main10msMgr_capi.o [1]
  .rodata                 const    0x001447e4     0x5c  app_Main10msMgr_capi.o [1]
  .rodata                 const    0x00144840     0x5c  app_Main10msMgr_capi.o [1]
  .rodata                 const    0x0014489c     0x5c  app_Main10msMgr_capi.o [1]
  .rodata                 const    0x001448f8     0x5c  app_Main10msMgr_capi.o [1]
  .rodata                 const    0x00144954     0x5c  app_Main10msMgr_capi.o [1]
  .rodata                 const    0x001449b0     0x5c  app_Main10msMgr_capi.o [1]
  .rodata                 const    0x00144a0c     0x5c  app_Main10msMgr_capi.o [1]
  .rodata                 const    0x00144a68     0x5c  app_Main10msMgr_capi.o [1]
  .rodata                 const    0x00144ac4     0x5c  app_Main10msMgr_capi.o [1]
  .rodata                 const    0x00144b20     0x5c  app_Main10msMgr_capi.o [1]
  .rodata                 const    0x00144b7c     0x5c  app_Main10msMgr_capi.o [1]
  .rodata                 const    0x00144bd8     0x5c  app_Main10msMgr_capi.o [1]
  .rodata                 const    0x00144c34     0x5c  app_Main10msMgr_capi.o [1]
  .rodata                 const    0x00144c90     0x5c  app_Main10msMgr_capi.o [1]
  .rodata                 const    0x00144cec     0x5c  app_Main10msMgr_capi.o [1]
  .rodata                 const    0x00144d48     0x5c  app_Main10msMgr_capi.o [1]
  .rodata                 const    0x00144da4     0x5c  app_Main10msMgr_capi.o [1]
  .rodata                 const    0x00144e00     0x5c  app_Main10msMgr_capi.o [1]
  .rodata                 const    0x00144e5c     0x5c  app_Main10msMgr_capi.o [1]
  .rodata                 const    0x00144eb8     0x5c  app_Main10msMgr_capi.o [1]
  .rodata                 const    0x00144f14     0x5c  app_Main10msMgr_capi.o [1]
  .rodata                 const    0x00144f70     0x5c  app_Main10msMgr_capi.o [1]
  .rodata                 const    0x00144fcc     0x58  app_Main10msMgr_capi.o [1]
  .rodata                 const    0x00145024     0x58  app_Main10msMgr_capi.o [1]
  .rodata                 const    0x0014507c     0x58  app_Main10msMgr_capi.o [1]
  .rodata                 const    0x001450d4     0x58  app_Main10msMgr_capi.o [1]
  .rodata                 const    0x0014512c     0x58  app_Main10msMgr_capi.o [1]
  .rodata                 const    0x00145184     0x58  app_Main10msMgr_capi.o [1]
  .rodata                 const    0x001451dc     0x58  app_Main10msMgr_capi.o [1]
  .rodata                 const    0x00145234     0x58  app_Main10msMgr_capi.o [1]
  .rodata                 const    0x0014528c     0x58  app_Main10msMgr_capi.o [1]
  .rodata                 const    0x001452e4     0x58  app_Main10msMgr_capi.o [1]
  .rodata                 const    0x0014533c     0x58  app_Main10msMgr_capi.o [1]
  .rodata                 const    0x00145394     0x58  app_Main10msMgr_capi.o [1]
  .rodata                 const    0x001453ec     0x58  app_Main10msMgr_capi.o [1]
  .rodata                 const    0x00145444     0x58  app_Main10msMgr_capi.o [1]
  .rodata                 const    0x0014549c     0x58  app_Main10msMgr_capi.o [1]
  .rodata                 const    0x001454f4     0x58  app_Main10msMgr_capi.o [1]
  .rodata                 const    0x0014554c     0x58  app_Main10msMgr_capi.o [1]
  .rodata                 const    0x001455a4     0x58  app_Main10msMgr_capi.o [1]
  .rodata                 const    0x001455fc     0x58  app_Main10msMgr_capi.o [1]
  .rodata                 const    0x00145654     0x58  app_Main10msMgr_capi.o [1]
  .rodata                 const    0x001456ac     0x58  app_Main10msMgr_capi.o [1]
  .rodata                 const    0x00145704     0x58  app_Main10msMgr_capi.o [1]
  .rodata                 const    0x0014575c     0x58  app_Main10msMgr_capi.o [1]
  .rodata                 const    0x001457b4     0x58  app_Main10msMgr_capi.o [1]
  .rodata                 const    0x0014580c     0x58  app_Main10msMgr_capi.o [1]
  .rodata                 const    0x00145864     0x58  app_Main10msMgr_capi.o [1]
  .rodata                 const    0x001458bc     0x58  app_Main10msMgr_capi.o [1]
  .rodata                 const    0x00145914     0x58  app_Main10msMgr_capi.o [1]
  .rodata                 const    0x0014596c     0x58  app_Main10msMgr_capi.o [1]
  .rodata                 const    0x001459c4     0x58  app_Main10msMgr_capi.o [1]
  .rodata                 const    0x00145a1c     0x58  app_Main10msMgr_capi.o [1]
  .rodata                 const    0x00145a74     0x58  app_Main10msMgr_capi.o [1]
  .rodata                 const    0x00145acc     0x58  app_Main10msMgr_capi.o [1]
  .rodata                 const    0x00145b24     0x58  app_Main10msMgr_capi.o [1]
  .rodata                 const    0x00145b7c     0x58  app_Main10msMgr_capi.o [1]
  .rodata                 const    0x00145bd4     0x58  app_Main10msMgr_capi.o [1]
  .rodata                 const    0x00145c2c     0x58  app_Main10msMgr_capi.o [1]
  .rodata                 const    0x00145c84     0x58  app_Main10msMgr_capi.o [1]
  .rodata                 const    0x00145cdc     0x58  app_Main10msMgr_capi.o [1]
  .rodata                 const    0x00145d34     0x58  app_Main10msMgr_capi.o [1]
  .rodata                 const    0x00145d8c     0x58  app_Main10msMgr_capi.o [1]
  .rodata                 const    0x00145de4     0x58  app_Main10msMgr_capi.o [1]
  .rodata                 const    0x00145e3c     0x58  app_Main10msMgr_capi.o [1]
  .rodata                 const    0x00145e94     0x58  app_Main10msMgr_capi.o [1]
  .rodata                 const    0x00145eec     0x58  app_Main10msMgr_capi.o [1]
  .rodata                 const    0x00145f44     0x58  app_Main10msMgr_capi.o [1]
  .rodata                 const    0x00145f9c     0x58  app_Main10msMgr_capi.o [1]
  .rodata                 const    0x00145ff4     0x58  app_Main10msMgr_capi.o [1]
  .rodata                 const    0x0014604c     0x58  app_Main10msMgr_capi.o [1]
  .rodata                 const    0x001460a4     0x58  app_Main10msMgr_capi.o [1]
  .rodata                 const    0x001460fc     0x58  app_Main10msMgr_capi.o [1]
  .rodata                 const    0x00146154     0x58  app_Main10msMgr_capi.o [1]
  .rodata                 const    0x001461ac     0x58  app_Main10msMgr_capi.o [1]
  .rodata                 const    0x00146204     0x58  app_Main10msMgr_capi.o [1]
  .rodata                 const    0x0014625c     0x58  app_Main10msMgr_capi.o [1]
  .rodata                 const    0x001462b4     0x58  app_Main10msMgr_capi.o [1]
  .rodata                 const    0x0014630c     0x58  app_Main10msMgr_capi.o [1]
  .rodata                 const    0x00146364     0x58  app_Main10msMgr_capi.o [1]
  .rodata                 const    0x001463bc     0x58  app_Main10msMgr_capi.o [1]
  .rodata                 const    0x00146414     0x58  app_Main10msMgr_capi.o [1]
  .rodata                 const    0x0014646c     0x58  app_Main10msMgr_capi.o [1]
  .rodata                 const    0x001464c4     0x58  app_Main10msMgr_capi.o [1]
  .rodata                 const    0x0014651c     0x58  app_Main10msMgr_capi.o [1]
  .rodata                 const    0x00146574     0x58  app_Main10msMgr_capi.o [1]
  .rodata                 const    0x001465cc     0x58  app_Main10msMgr_capi.o [1]
  .rodata                 const    0x00146624     0x58  app_Main10msMgr_capi.o [1]
  .rodata                 const    0x0014667c     0x58  app_Main10msMgr_capi.o [1]
  .rodata                 const    0x001466d4     0x58  app_Main10msMgr_capi.o [1]
  .rodata                 const    0x0014672c     0x58  app_Main10msMgr_capi.o [1]
  .rodata                 const    0x00146784     0x58  app_Main10msMgr_capi.o [1]
  .rodata                 const    0x001467dc     0x58  app_Main10msMgr_capi.o [1]
  .rodata                 const    0x00146834     0x58  app_Main10msMgr_capi.o [1]
  .rodata                 const    0x0014688c     0x58  app_Main10msMgr_capi.o [1]
  .rodata                 const    0x001468e4     0x58  app_Main10msMgr_capi.o [1]
  .rodata                 const    0x0014693c     0x58  app_Main10msMgr_capi.o [1]
  .rodata                 const    0x00146994     0x58  app_Main10msMgr_capi.o [1]
  .rodata                 const    0x001469ec     0x58  app_Main10msMgr_capi.o [1]
  .rodata                 const    0x00146a44     0x58  app_Main10msMgr_capi.o [1]
  .rodata                 const    0x00146a9c     0x58  app_Main10msMgr_capi.o [1]
  .rodata                 const    0x00146af4     0x58  app_Main10msMgr_capi.o [1]
  .rodata                 const    0x00146b4c     0x58  app_Main10msMgr_capi.o [1]
  .rodata                 const    0x00146ba4     0x58  app_Main10msMgr_capi.o [1]
  .rodata                 const    0x00146bfc     0x58  app_Main10msMgr_capi.o [1]
  .rodata                 const    0x00146c54     0x58  app_Main10msMgr_capi.o [1]
  .rodata                 const    0x00146cac     0x58  app_Main10msMgr_capi.o [1]
  .rodata                 const    0x00146d04     0x58  app_Main10msMgr_capi.o [1]
  .rodata                 const    0x00146d5c     0x58  app_Main10msMgr_capi.o [1]
  .rodata                 const    0x00146db4     0x58  app_Main10msMgr_capi.o [1]
  .rodata                 const    0x00146e0c     0x58  app_Main10msMgr_capi.o [1]
  .rodata                 const    0x00146e64     0x58  app_Main10msMgr_capi.o [1]
  .rodata                 const    0x00146ebc     0x58  app_Main10msMgr_capi.o [1]
  .rodata                 const    0x00146f14     0x58  app_Main10msMgr_capi.o [1]
  .rodata                 const    0x00146f6c     0x58  app_Main10msMgr_capi.o [1]
  .rodata                 const    0x00146fc4     0x58  app_Main10msMgr_capi.o [1]
  .rodata                 const    0x0014701c     0x58  app_Main10msMgr_capi.o [1]
  .rodata                 const    0x00147074     0x58  app_Main10msMgr_capi.o [1]
  .rodata                 const    0x001470cc     0x58  app_Main10msMgr_capi.o [1]
  .rodata                 const    0x00147124     0x58  app_Main10msMgr_capi.o [1]
  .rodata                 const    0x0014717c     0x58  app_Main10msMgr_capi.o [1]
  .rodata                 const    0x001471d4     0x58  app_Main10msMgr_capi.o [1]
  .rodata                 const    0x0014722c     0x58  app_Main10msMgr_capi.o [1]
  .rodata                 const    0x00147284     0x58  app_Main10msMgr_capi.o [1]
  .rodata                 const    0x001472dc     0x58  app_Main10msMgr_capi.o [1]
  .rodata                 const    0x00147334     0x58  app_Main10msMgr_capi.o [1]
  .rodata                 const    0x0014738c     0x54  app_Main10msMgr_capi.o [1]
  .rodata                 const    0x001473e0     0x54  app_Main10msMgr_capi.o [1]
  .rodata                 const    0x00147434     0x54  app_Main10msMgr_capi.o [1]
  .rodata                 const    0x00147488     0x54  app_Main10msMgr_capi.o [1]
  .rodata                 const    0x001474dc     0x54  app_Main10msMgr_capi.o [1]
  .rodata                 const    0x00147530     0x54  app_Main10msMgr_capi.o [1]
  .rodata                 const    0x00147584     0x54  app_Main10msMgr_capi.o [1]
  .rodata                 const    0x001475d8     0x54  app_Main10msMgr_capi.o [1]
  .rodata                 const    0x0014762c     0x54  app_Main10msMgr_capi.o [1]
  .rodata                 const    0x00147680     0x54  app_Main10msMgr_capi.o [1]
  .rodata                 const    0x001476d4     0x54  app_Main10msMgr_capi.o [1]
  .rodata                 const    0x00147728     0x54  app_Main10msMgr_capi.o [1]
  .rodata                 const    0x0014777c     0x54  app_Main10msMgr_capi.o [1]
  .rodata                 const    0x001477d0     0x54  app_Main10msMgr_capi.o [1]
  .rodata                 const    0x00147824     0x54  app_Main10msMgr_capi.o [1]
  .rodata                 const    0x00147878     0x54  app_Main10msMgr_capi.o [1]
  .rodata                 const    0x001478cc     0x54  app_Main10msMgr_capi.o [1]
  .rodata                 const    0x00147920     0x54  app_Main10msMgr_capi.o [1]
  .rodata                 const    0x00147974     0x54  app_Main10msMgr_capi.o [1]
  .rodata                 const    0x001479c8     0x54  app_Main10msMgr_capi.o [1]
  .rodata                 const    0x00147a1c     0x54  app_Main10msMgr_capi.o [1]
  .rodata                 const    0x00147a70     0x54  app_Main10msMgr_capi.o [1]
  .rodata                 const    0x00147ac4     0x54  app_Main10msMgr_capi.o [1]
  .rodata                 const    0x00147b18     0x54  app_Main10msMgr_capi.o [1]
  .rodata                 const    0x00147b6c     0x54  app_Main10msMgr_capi.o [1]
  .rodata                 const    0x00147bc0     0x54  app_Main10msMgr_capi.o [1]
  .rodata                 const    0x00147c14     0x54  app_Main10msMgr_capi.o [1]
  .rodata                 const    0x00147c68     0x54  app_Main10msMgr_capi.o [1]
  .rodata                 const    0x00147cbc     0x54  app_Main10msMgr_capi.o [1]
  .rodata                 const    0x00147d10     0x54  app_Main10msMgr_capi.o [1]
  .rodata                 const    0x00147d64     0x54  app_Main10msMgr_capi.o [1]
  .rodata                 const    0x00147db8     0x54  app_Main10msMgr_capi.o [1]
  .rodata                 const    0x00147e0c     0x54  app_Main10msMgr_capi.o [1]
  .rodata                 const    0x00147e60     0x54  app_Main10msMgr_capi.o [1]
  .rodata                 const    0x00147eb4     0x54  app_Main10msMgr_capi.o [1]
  .rodata                 const    0x00147f08     0x54  app_Main10msMgr_capi.o [1]
  .rodata                 const    0x00147f5c     0x54  app_Main10msMgr_capi.o [1]
  .rodata                 const    0x00147fb0     0x54  app_Main10msMgr_capi.o [1]
  .rodata                 const    0x00148004     0x54  app_Main10msMgr_capi.o [1]
  .rodata                 const    0x00148058     0x54  app_Main10msMgr_capi.o [1]
  .rodata                 const    0x001480ac     0x54  app_Main10msMgr_capi.o [1]
  .rodata                 const    0x00148100     0x54  app_Main10msMgr_capi.o [1]
  .rodata                 const    0x00148154     0x54  app_Main10msMgr_capi.o [1]
  .rodata                 const    0x001481a8     0x54  app_Main10msMgr_capi.o [1]
  .rodata                 const    0x001481fc     0x54  app_Main10msMgr_capi.o [1]
  .rodata                 const    0x00148250     0x54  app_Main10msMgr_capi.o [1]
  .rodata                 const    0x001482a4     0x54  app_Main10msMgr_capi.o [1]
  .rodata                 const    0x001482f8     0x54  app_Main10msMgr_capi.o [1]
  .rodata                 const    0x0014834c     0x54  app_Main10msMgr_capi.o [1]
  .rodata                 const    0x001483a0     0x54  app_Main10msMgr_capi.o [1]
  .rodata                 const    0x001483f4     0x54  app_Main10msMgr_capi.o [1]
  .rodata                 const    0x00148448     0x54  app_Main10msMgr_capi.o [1]
  .rodata                 const    0x0014849c     0x54  app_Main10msMgr_capi.o [1]
  .rodata                 const    0x001484f0     0x54  app_Main10msMgr_capi.o [1]
  .rodata                 const    0x00148544     0x54  app_Main10msMgr_capi.o [1]
  .rodata                 const    0x00148598     0x54  app_Main10msMgr_capi.o [1]
  .rodata                 const    0x001485ec     0x54  app_Main10msMgr_capi.o [1]
  .rodata                 const    0x00148640     0x54  app_Main10msMgr_capi.o [1]
  .rodata                 const    0x00148694     0x54  app_Main10msMgr_capi.o [1]
  .rodata                 const    0x001486e8     0x54  app_Main10msMgr_capi.o [1]
  .rodata                 const    0x0014873c     0x54  app_Main10msMgr_capi.o [1]
  .rodata                 const    0x00148790     0x54  app_Main10msMgr_capi.o [1]
  .rodata                 const    0x001487e4     0x54  app_Main10msMgr_capi.o [1]
  .rodata                 const    0x00148838     0x54  app_Main10msMgr_capi.o [1]
  .rodata                 const    0x0014888c     0x54  app_Main10msMgr_capi.o [1]
  .rodata                 const    0x001488e0     0x54  app_Main10msMgr_capi.o [1]
  .rodata                 const    0x00148934     0x54  app_Main10msMgr_capi.o [1]
  .rodata                 const    0x00148988     0x54  app_Main10msMgr_capi.o [1]
  .rodata                 const    0x001489dc     0x54  app_Main10msMgr_capi.o [1]
  .rodata                 const    0x00148a30     0x54  app_Main10msMgr_capi.o [1]
  .rodata                 const    0x00148a84     0x54  app_Main10msMgr_capi.o [1]
  .rodata                 const    0x00148ad8     0x54  app_Main10msMgr_capi.o [1]
  .rodata                 const    0x00148b2c     0x54  app_Main10msMgr_capi.o [1]
  .rodata                 const    0x00148b80     0x54  app_Main10msMgr_capi.o [1]
  .rodata                 const    0x00148bd4     0x54  app_Main10msMgr_capi.o [1]
  .rodata                 const    0x00148c28     0x54  app_Main10msMgr_capi.o [1]
  .rodata                 const    0x00148c7c     0x54  app_Main10msMgr_capi.o [1]
  .rodata                 const    0x00148cd0     0x54  app_Main10msMgr_capi.o [1]
  .rodata                 const    0x00148d24     0x54  app_Main10msMgr_capi.o [1]
  .rodata                 const    0x00148d78     0x54  app_Main10msMgr_capi.o [1]
  .rodata                 const    0x00148dcc     0x54  app_Main10msMgr_capi.o [1]
  .rodata                 const    0x00148e20     0x54  app_Main10msMgr_capi.o [1]
  .rodata                 const    0x00148e74     0x54  app_Main10msMgr_capi.o [1]
  .rodata                 const    0x00148ec8     0x54  app_Main10msMgr_capi.o [1]
  .rodata                 const    0x00148f1c     0x54  app_Main10msMgr_capi.o [1]
  .rodata                 const    0x00148f70     0x54  app_Main10msMgr_capi.o [1]
  .rodata                 const    0x00148fc4     0x54  app_Main10msMgr_capi.o [1]
  .rodata                 const    0x00149018     0x54  app_Main10msMgr_capi.o [1]
  .rodata                 const    0x0014906c     0x54  app_Main10msMgr_capi.o [1]
  .rodata                 const    0x001490c0     0x54  app_Main10msMgr_capi.o [1]
  .rodata                 const    0x00149114     0x54  app_Main10msMgr_capi.o [1]
  .rodata                 const    0x00149168     0x54  app_Main10msMgr_capi.o [1]
  .rodata                 const    0x001491bc     0x54  app_Main10msMgr_capi.o [1]
  .rodata                 const    0x00149210     0x54  app_Main10msMgr_capi.o [1]
  .rodata                 const    0x00149264     0x54  app_Main10msMgr_capi.o [1]
  .rodata                 const    0x001492b8     0x54  app_Main10msMgr_capi.o [1]
  .rodata                 const    0x0014930c     0x54  app_Main10msMgr_capi.o [1]
  .rodata                 const    0x00149360     0x54  app_Main10msMgr_capi.o [1]
  .rodata                 const    0x001493b4     0x54  app_Main10msMgr_capi.o [1]
  .rodata                 const    0x00149408     0x54  app_Main10msMgr_capi.o [1]
  .rodata                 const    0x0014945c     0x54  app_Main10msMgr_capi.o [1]
  .rodata                 const    0x001494b0     0x54  app_Main10msMgr_capi.o [1]
  .rodata                 const    0x00149504     0x54  app_Main10msMgr_capi.o [1]
  .rodata                 const    0x00149558     0x54  app_Main10msMgr_capi.o [1]
  .rodata                 const    0x001495ac     0x54  app_Main10msMgr_capi.o [1]
  .rodata                 const    0x00149600     0x54  app_Main10msMgr_capi.o [1]
  .rodata                 const    0x00149654     0x54  app_Main10msMgr_capi.o [1]
  .rodata                 const    0x001496a8     0x54  app_Main10msMgr_capi.o [1]
  .rodata                 const    0x001496fc     0x54  app_Main10msMgr_capi.o [1]
  .rodata                 const    0x00149750     0x54  app_Main10msMgr_capi.o [1]
  .rodata                 const    0x001497a4     0x54  app_Main10msMgr_capi.o [1]
  .rodata                 const    0x001497f8     0x54  app_Main10msMgr_capi.o [1]
  .rodata                 const    0x0014984c     0x54  app_Main10msMgr_capi.o [1]
  .rodata                 const    0x001498a0     0x54  app_Main10msMgr_capi.o [1]
  .rodata                 const    0x001498f4     0x54  app_Main10msMgr_capi.o [1]
  .rodata                 const    0x00149948     0x54  app_Main10msMgr_capi.o [1]
  .rodata                 const    0x0014999c     0x54  app_Main10msMgr_capi.o [1]
  .rodata                 const    0x001499f0     0x54  app_Main10msMgr_capi.o [1]
  .rodata                 const    0x00149a44     0x54  app_Main10msMgr_capi.o [1]
  .rodata                 const    0x00149a98     0x54  app_Main10msMgr_capi.o [1]
  .rodata                 const    0x00149aec     0x54  app_Main10msMgr_capi.o [1]
  .rodata                 const    0x00149b40     0x54  app_Main10msMgr_capi.o [1]
  .rodata                 const    0x00149b94     0x54  app_Main10msMgr_capi.o [1]
  .rodata                 const    0x00149be8     0x54  app_Main10msMgr_capi.o [1]
  .rodata                 const    0x00149c3c     0x54  app_Main10msMgr_capi.o [1]
  .rodata                 const    0x00149c90     0x54  app_Main10msMgr_capi.o [1]
  .rodata                 const    0x00149ce4     0x54  app_Main10msMgr_capi.o [1]
  .rodata                 const    0x00149d38     0x54  app_Main10msMgr_capi.o [1]
  .rodata                 const    0x00149d8c     0x54  app_Main10msMgr_capi.o [1]
  .rodata                 const    0x00149de0     0x54  app_Main10msMgr_capi.o [1]
  .rodata                 const    0x00149e34     0x54  app_Main10msMgr_capi.o [1]
  .rodata                 const    0x00149e88     0x54  app_Main10msMgr_capi.o [1]
  .rodata                 const    0x00149edc     0x54  app_Main10msMgr_capi.o [1]
  .rodata                 const    0x00149f30     0x54  app_Main10msMgr_capi.o [1]
  .rodata                 const    0x00149f84     0x54  app_Main10msMgr_capi.o [1]
  .rodata                 const    0x00149fd8     0x54  app_Main10msMgr_capi.o [1]
  .rodata                 const    0x0014a02c     0x54  app_Main10msMgr_capi.o [1]
  .rodata                 const    0x0014a080     0x54  app_Main10msMgr_capi.o [1]
  .rodata                 const    0x0014a0d4     0x54  app_Main10msMgr_capi.o [1]
  .rodata                 const    0x0014a128     0x54  app_Main10msMgr_capi.o [1]
  .rodata                 const    0x0014a17c     0x54  app_Main10msMgr_capi.o [1]
  .rodata                 const    0x0014a1d0     0x54  app_Main10msMgr_capi.o [1]
  .rodata                 const    0x0014a224     0x54  app_Main10msMgr_capi.o [1]
  .rodata                 const    0x0014a278     0x54  app_Main10msMgr_capi.o [1]
  .rodata                 const    0x0014a2cc     0x54  app_Main10msMgr_capi.o [1]
  .rodata                 const    0x0014a320     0x54  app_Main10msMgr_capi.o [1]
  .rodata                 const    0x0014a374     0x54  app_Main10msMgr_capi.o [1]
  .rodata                 const    0x0014a3c8     0x54  app_Main10msMgr_capi.o [1]
  .rodata                 const    0x0014a41c     0x54  app_Main10msMgr_capi.o [1]
[...]
app_Main10msMgr_IO_WriteDigitalOutput5
                        0x00107ad1    0x5c  Code  Gb  app_Main10msMgr.o [1]
app_Main10msMgr_IO_WriteDigitalOutput7
                        0x00107b35    0x5c  Code  Gb  app_Main10msMgr.o [1]
app_Main10msMgr_InitializeDataMapInfo
                        0x0012086d    0x44  Code  Gb  app_Main10msMgr_capi.o [1]
app_Main10msMgr_Level1SectionSetup
                        0x0010096d   0x35e  Code  Lc  app_Main10msMgr.o [1]
app_Main10msMgr_Level3ChargingSession
                        0x00100635   0x2ee  Code  Lc  app_Main10msMgr.o [1]
app_Main10msMgr_M       0x00154d88     0x4  Data  Gb  app_Main10msMgr.o [1]
app_Main10msMgr_MEM_ReadSignal
                        0x00101431    0x44  Code  Gb  app_Main10msMgr.o [1]
app_Main10msMgr_MEM_ReadSignal_o
                        0x00107bf5    0x44  Code  Gb  app_Main10msMgr.o [1]
app_Main10msMgr_MEM_SaveSignal
                        0x0010147d    0x3e  Code  Gb  app_Main10msMgr.o [1]
app_Main10msMgr_MEM_SaveSignal_b
                        0x00107c3d    0x3e  Code  Gb  app_Main10msMgr.o [1]
app_Main10msMgr_M_      0x08014848    0x2c  Data  Gb  app_Main10msMgr.o [1]
app_Main10msMgr_Mode_Driving
                        0x0010a205   0x534  Code  Lc  app_Main10msMgr.o [1]
app_Main10msMgr_Neutral
                        0x00108119   0x410  Code  Lc  app_Main10msMgr.o [1]
app_Main10msMgr_ON      0x001097f9   0x3e4  Code  Lc  app_Main10msMgr.o [1]
app_Main10msMgr_ON_b    0x0010907d   0x710  Code  Lc  app_Main10msMgr.o [1]
app_Main10msMgr_P       0x08000330  0x1ed0  Data  Gb  app_Main10msMgr_data.o [1]
app_Main10msMgr_PrevZCX
                        0x080148b4     0x8  Data  Gb  app_Main10msMgr.o [1]
app_Main10msMgr_RUN     0x00100d21   0x23a  Code  Lc  app_Main10msMgr.o [1]
app_Main10msMgr_Run     0x00108ced   0x376  Code  Lc  app_Main10msMgr.o [1]
app_Main10msMgr_Run_g   0x00107ced   0x356  Code  Lc  app_Main10msMgr.o [1]
app_Main10msMgr_SYS_ResetStatusManager
                        0x0010606d    0x32  Code  Gb  app_Main10msMgr.o [1]
app_Main10msMgr_SYS_Shutdown
                        0x001060b1     0x2  Code  Gb  app_Main10msMgr.o [1]
app_Main10msMgr_TP_DT   0x00109c29   0x5ca  Code  Lc  app_Main10msMgr.o [1]
app_Main10msMgr_TimeTriggerLogic
                        0x00100397   0x19c  Code  Gb  app_Main10msMgr.o [1]
app_Main10msMgr_TimeTriggerLogic_Init
                        0x00100389     0xe  Code  Gb  app_Main10msMgr.o [1]
app_Main10msMgr_Timeout
                        0x001060c1    0x68  Code  Gb  app_Main10msMgr.o [1]
app_Main10msMgr_Timeout_Init
                        0x001060b3     0xe  Code  Gb  app_Main10msMgr.o [1]
app_Main10msMgr_TorqueLimitedDueToOverSpeed
                        0x0010a755   0x1dc  Code  Lc  app_Main10msMgr.o [1]
app_Main10msMgr_enter_atomic_Init
                        0x00108049    0x70  Code  Lc  app_Main10msMgr.o [1]
app_Main10msMgr_exit_internal_GatherMotorInfo
                        0x00108655   0x116  Code  Lc  app_Main10msMgr.o [1]
app_Main10msMgr_fcn     0x0010a979  0xd422  Code  Gb  app_Main10msMgr.o [1]
app_Main10msMgr_initialize
                        0x00117e29  0x12b8  Code  Gb  app_Main10msMgr.o [1]
app_Main10msMgr_terminate
                        0x001192f5     0x2  Code  Gb  app_Main10msMgr.o [1]
app_Main1msMgr_InitializeDataMapInfo
                        0x00128dd1    0x44  Code  Gb  app_Main1msMgr_capi.o [1]
app_Main1msMgr_M        0x00154d98     0x4  Data  Gb  app_Main1msMgr.o [1]
app_Main1msMgr_M_       0x080147b8    0x30  Data  Gb  app_Main1msMgr.o [1]
app_Main1msMgr_P        0x080148c0     0x8  Data  Gb  app_Main1msMgr_data.o [1]
app_Main1msMgr_fcn      0x00120fd5     0xc  Code  Gb  app_Main1msMgr.o [1]
app_Main1msMgr_initialize
                        0x00120fe1    0x28  Code  Gb  app_Main1msMgr.o [1]
app_Main1msMgr_terminate
                        0x00121011     0x2  Code  Gb  app_Main1msMgr.o [1]
app_Main50msMgr_InitializeDataMapInfo
                        0x00128e25    0x44  Code  Gb  app_Main50msMgr_capi.o [1]
app_Main50msMgr_M       0x00154d9c     0x4  Data  Gb  app_Main50msMgr.o [1]
app_Main50msMgr_M_      0x080147e8    0x30  Data  Gb  app_Main50msMgr.o [1]
app_Main50msMgr_P       0x080148c8     0x8  Data  Gb  app_Main50msMgr_data.o [1]
app_Main50msMgr_fcn     0x00121015     0xc  Code  Gb  app_Main50msMgr.o [1]
app_Main50msMgr_initialize
                        0x00121021    0x28  Code  Gb  app_Main50msMgr.o [1]
app_Main50msMgr_terminate
                        0x00121051     0x2  Code  Gb  app_Main50msMgr.o [1]
bFirstRun$1             0x0800de76     0x1  Data  Lc  FlashStateMachine.SetActiveBank.obj [3]
ceil                    0x00120621          Code  Gb  ceil.o [5]
ceill                   0x00120621          Code  Gb  ceil.o [5]
exit                    0x00154021     0x4  Code  Gb  exit.o [4]
floor                   0x001200a5          Code  Gb  floor.o [5]
floorl                  0x001200a5          Code  Gb  floor.o [5]
fmod                    0x001201ac          Code  Gb  fmod.o [5]
fmodl                   0x001201ac          Code  Gb  fmod.o [5]
internal_Pow            0x00128271   0x47a  Code  Lc  pow.o [5]
lnbias                  0x001377c8   0x420  Data  Lc  pow.o [5]
local_APP_DIAG_u8AppValidCheck
                        0x0013516d    0x1c  Code  Gb  app_diag_gf.o [1]
local_APP_DIAG_u8NonEmptyReceivedFrameElements
                        0x00134bfd    0x2e  Code  Gb  app_diag_gf.o [1]
local_APP_DIAG_u8SingleFrameMessageLengthOrInvalidFormatErrorCheck
                        0x00134c2b    0xa6  Code  Gb  app_diag_gf.o [1]
local_APP_DIAG_vdAppValidSet
                        0x00135115    0x56  Code  Gb  app_diag_gf.o [1]
local_APP_DIAG_vdClearDtcReadServic
                        0x00134e1f    0x3a  Code  Gb  app_diag_gf.o [1]
local_APP_DIAG_vdClearReceivingVariables
                        0x00134dbb    0x64  Code  Gb  app_diag_gf.o [1]
local_APP_DIAG_vdClear_Diagnostic
                        0x001344a3    0x5a  Code  Gb  app_diag.o [1]
local_APP_DIAG_vdDefaultEcuModeClear
                        0x001350cd    0x48  Code  Gb  app_diag_gf.o [1]
local_APP_DIAG_vdDefaultEcuModeSet
                        0x00135041    0x60  Code  Gb  app_diag_gf.o [1]
local_APP_DIAG_vdDiagHeartBeat
                        0x001352b5     0x2  Code  Gb  app_diag_gf.o [1]
local_APP_DIAG_vdDiag_Session_Control
                        0x00132ee3   0x358  Code  Gb  app_diag.o [1]
local_APP_DIAG_vdECU_Reset
                        0x0013323b    0x38  Code  Gb  app_diag.o [1]
local_APP_DIAG_vdFramePositiveResponseWithFullArrayBytes
                        0x00134e59    0x26  Code  Gb  app_diag_gf.o [1]
local_APP_DIAG_vdIO_Control_Identifier
                        0x001332f9   0xa0c  Code  Gb  app_diag.o [1]
local_APP_DIAG_vdMainStateMachine
                        0x00132b23   0x3c0  Code  Gb  app_diag.o [1]
local_APP_DIAG_vdMemory_ReadByAddress
                        0x00134315    0xb8  Code  Gb  app_diag.o [1]
local_APP_DIAG_vdMemory_WriteByAddress
                        0x001341bd   0x158  Code  Gb  app_diag.o [1]
local_APP_DIAG_vdProgRequestClear
                        0x001351e5    0x4e  Code  Gb  app_diag_gf.o [1]
local_APP_DIAG_vdProgRequestSet
                        0x0013518d    0x56  Code  Gb  app_diag_gf.o [1]
local_APP_DIAG_vdReadDataByIdentifierDataAdjustment
                        0x001343cd    0xd6  Code  Gb  app_diag.o [1]
local_APP_DIAG_vdRead_DTC
                        0x0013450d   0x224  Code  Gb  app_diag.o [1]
local_APP_DIAG_vdRead_DataByIdentifier
                        0x00133dd9   0x3e4  Code  Gb  app_diag.o [1]
local_APP_DIAG_vdResetAllGlobalVariables
                        0x00134cd1    0xea  Code  Gb  app_diag_gf.o [1]
local_APP_DIAG_vdServeDiagRequest
                        0x00132a8d    0x96  Code  Gb  app_diag.o [1]
local_APP_DIAG_vdShutDownAndResetWithAppValidModification
                        0x001352b7     0xc  Code  Gb  app_diag_gf.o [1]
local_APP_DIAG_vdSingleFrameNegativeResponse
                        0x00134fe1    0x5e  Code  Gb  app_diag_gf.o [1]
local_APP_DIAG_vdSingleFramePositiveResponse
                        0x00134f2d    0xb4  Code  Gb  app_diag_gf.o [1]
local_APP_DIAG_vdSingleFramePositiveResponseWithoutSubfunction
                        0x00134e7f    0xae  Code  Gb  app_diag_gf.o [1]
local_APP_DIAG_vdTester_Present
                        0x00133273    0x46  Code  Gb  app_diag.o [1]
local_APP_DIAG_vdWrite_DataByIdentifier
                        0x00133d05    0xc4  Code  Gb  app_diag.o [1]
local_ECU_COM_vdDataConversion
                        0x0011dba5   0x3ce  Code  Gb  ecu_com.o [1]
local_ECU_COM_vdPack    0x0011df79   0xba6  Code  Gb  ecu_com.o [1]
local_ECU_COM_vdPostPack
                        0x0011eb1f    0x92  Code  Gb  ecu_com.o [1]
local_ECU_COM_vdPreUnpack
                        0x0011ce97    0xb2  Code  Gb  ecu_com.o [1]
local_ECU_COM_vdUnpack  0x0011cf4d   0xc42  Code  Gb  ecu_com.o [1]
local_ECU_DIAG_vdApplicationCallback
                        0x00134b95    0x4c  Code  Gb  ecu_diag.o [1]
local_ECU_DIAG_vdResetTimerOverFlowFlag
                        0x00134b85    0x10  Code  Gb  ecu_diag.o [1]
local_ECU_DIAG_vdSetTimerOverFlowFlag
                        0x00134b75    0x10  Code  Gb  ecu_diag.o [1]
local_ECU_IO_POUT_vdInitialize
                        0x0011fe07    0x50  Code  Gb  ecu_io.o [1]
local_ECU_IO_eExpConfig
                        0x0011fa35    0xba  Code  Gb  ecu_io.o [1]
local_ECU_IO_eExpReadAllReg
                        0x0011f9b5    0x80  Code  Gb  ecu_io.o [1]
local_ECU_IO_eExpReadInputs
                        0x0011fc45    0x7a  Code  Gb  ecu_io.o [1]
local_ECU_IO_eSendReceiveFrame
                        0x0011f7d3    0xae  Code  Gb  ecu_io.o [1]
local_ECU_IO_vdDioMgr   0x0011f881    0x52  Code  Gb  ecu_io.o [1]
local_ECU_IO_vdExpDataChangeCallback
                        0x0011fddf    0x28  Code  Gb  ecu_io.o [1]
local_ECU_IO_vdExpDecodeInputs
                        0x0011fcc5    0xb6  Code  Gb  ecu_io.o [1]
local_ECU_IO_vdExpMgr   0x0011f8d3    0xe2  Code  Gb  ecu_io.o [1]
local_ECU_IO_vdExpSetInterrupts
                        0x0011fb7d    0xc8  Code  Gb  ecu_io.o [1]
local_ECU_IO_vdExpSetTopology
                        0x0011faef    0x7c  Code  Gb  ecu_io.o [1]
local_ECU_IO_vdReadSpiDataCallback
                        0x0011fd81    0x5e  Code  Gb  ecu_io.o [1]
local_ECU_MEM_INT_vdDeInit
                        0x0011974b   0x114  Code  Gb  ecu_mem.o [1]
local_ECU_MEM_INT_vdInit
                        0x00119687    0xc4  Code  Gb  ecu_mem.o [1]
local_ECU_PWM_vdPwmInputMgr
                        0x0011f5e1    0x46  Code  Gb  ecu_io.o [1]
local_ECU_SERIAL_vdResetBuffer
                        0x00135fd7    0x4a  Code  Gb  ecu_serial.o [1]
local_ECU_SERIAL_vdUartRxCallback
                        0x00136021   0xa30  Code  Gb  ecu_serial.o [1]
local_OS_u32GetSystemTickTrigVal
                        0x00127e5b     0xe  Code  Gb  os.o [1]
local_OS_vdAddTask      0x00127e69    0x82  Code  Gb  os.o [1]
local_OS_vdTrigger      0x00127e31    0x2a  Code  Gb  os.o [1]
local_UC_CAN_eCheckMsgObjForNewData
                        0x00124143    0xf8  Code  Gb  uc_can.o [1]
local_UC_CAN_eGetMsgIndexFromObjId
                        0x00124485    0xb4  Code  Gb  uc_can.o [1]
local_UC_CAN_eInterruptHandler
                        0x00124673   0x14a  Code  Gb  uc_can.o [1]
local_UC_CAN_eResetMsgObjInt
                        0x00124539   0x13a  Code  Gb  uc_can.o [1]
local_UC_CAN_eSetMsgObjIntLine
                        0x0012423b   0x24a  Code  Gb  uc_can.o [1]
local_UC_DIO_eInputInterruptHandler
                        0x00126ea3    0x48  Code  Gb  uc_dio.o [1]
local_UC_DIO_ePinConfigure
                        0x00126e35    0x6e  Code  Gb  uc_dio.o [1]
local_UC_PWM_PIN_ReadFrequencyDutyCycle
                        0x001277e9   0x47e  Code  Gb  uc_pwm.o [1]
local_UC_SPI_eActiveDeviceSendSpiFrameSync
                        0x00126525   0x3a2  Code  Gb  uc_spi.o [1]
local_UC_SPI_eReceiveDataSync
                        0x00126439    0xe4  Code  Gb  uc_spi.o [1]
local_UC_SPI_eRxInterruptHandler
                        0x001268c7    0xee  Code  Gb  uc_spi.o [1]
local_UC_SPI_eTxInterruptHandler
                        0x001269b5    0x58  Code  Gb  uc_spi.o [1]
local_UC_UART_vdInterruptHandlerRx
                        0x00135ced   0x114  Code  Gb  uc_uart.o [1]
local_UC_UART_vdInterruptHandlerTx
                        0x00135e01    0x48  Code  Gb  uc_uart.o [1]
local_UC_UART_vdUpdateBaudRate
                        0x00135e49    0x32  Code  Gb  uc_uart.o [1]
local_vdFaultLedsControl
                        0x00120f37    0x8c  Code  Gb  app_FaultMgr.o [1]
local_vdSaveDtcsToRAM   0x00120ed7    0x60  Code  Gb  app_FaultMgr.o [1]
look1_binlcpw           0x00120689    0xd0  Code  Gb  look1_binlcpw.o [1]
look1_binlxpw           0x0011ffad    0xf6  Code  Gb  look1_binlxpw.o [1]
main                    0x001380ed    0xaa  Code  Gb  main.o [1]
mmiStatic               0x08002448    0x68  Data  Lc  app_Main100msMgr_capi.o [1]
mmiStatic               0x08003e0c    0x68  Data  Lc  app_Main10msMgr_capi.o [1]
mmiStatic               0x08003e78    0x68  Data  Lc  app_Main1msMgr_capi.o [1]
mmiStatic               0x08003ee4    0x68  Data  Lc  app_Main50msMgr_capi.o [1]
pow                     0x001286f3     0x4  Code  Gb  pow.o [5]
round                   0x00128ecd    0x4a  Code  Gb  round.o [5]
rtBlockParameters       0x00136a6c   0x80c  Data  Lc  app_Main100msMgr_capi.o [1]
rtBlockParameters       0x00129b00  0x4de4  Data  Lc  app_Main10msMgr_capi.o [1]
rtBlockParameters       0x00154098    0x28  Data  Lc  app_Main1msMgr_capi.o [1]
rtBlockParameters       0x001540e8    0x28  Data  Lc  app_Main50msMgr_capi.o [1]
rtBlockSignals          0x00154180    0x1c  Data  Lc  app_Main100msMgr_capi.o [1]
rtBlockSignals          0x0012e8e4  0x4114  Data  Lc  app_Main10msMgr_capi.o [1]
rtBlockSignals          0x001542b4    0x1c  Data  Lc  app_Main1msMgr_capi.o [1]
rtBlockSignals          0x00154308    0x1c  Data  Lc  app_Main50msMgr_capi.o [1]
rtBlockStates           0x00154048    0x28  Data  Lc  app_Main100msMgr_capi.o [1]
rtBlockStates           0x00137278   0x550  Data  Lc  app_Main10msMgr_capi.o [1]
rtBlockStates           0x001540c0    0x28  Data  Lc  app_Main1msMgr_capi.o [1]
rtBlockStates           0x00154110    0x28  Data  Lc  app_Main50msMgr_capi.o [1]
rtDataAddrMap           0x080022b0   0x198  Data  Lc  app_Main100msMgr_capi.o [1]
rtDataAddrMap           0x080024b0  0x195c  Data  Lc  app_Main10msMgr_capi.o [1]
rtDataAddrMap           0x08003e74     0x4  Data  Lc  app_Main1msMgr_capi.o [1]
rtDataAddrMap           0x08003ee0     0x4  Data  Lc  app_Main50msMgr_capi.o [1]
rtDataTypeMap           0x001544ac    0x14  Data  Lc  app_Main100msMgr_capi.o [1]
rtDataTypeMap           0x00137f98   0x154  Data  Lc  app_Main10msMgr_capi.o [1]
rtDataTypeMap           0x001547b0    0x14  Data  Lc  app_Main1msMgr_capi.o [1]
rtDataTypeMap           0x001547c4    0x14  Data  Lc  app_Main50msMgr_capi.o [1]
rtDimensionArray        0x00154ca8     0x8  Data  Lc  app_Main100msMgr_capi.o [1]
rtDimensionArray        0x0014e5a8    0x48  Data  Lc  app_Main10msMgr_capi.o [1]
rtDimensionArray        0x00154d58     0x8  Data  Lc  app_Main1msMgr_capi.o [1]
rtDimensionArray        0x00154d78     0x8  Data  Lc  app_Main50msMgr_capi.o [1]
rtDimensionMap          0x00154808    0x10  Data  Lc  app_Main100msMgr_capi.o [1]
rtDimensionMap          0x00138304    0x90  Data  Lc  app_Main10msMgr_capi.o [1]
rtDimensionMap          0x00154a68    0x10  Data  Lc  app_Main1msMgr_capi.o [1]
rtDimensionMap          0x00154aa8    0x10  Data  Lc  app_Main50msMgr_capi.o [1]
rtElementMap            0x001547f8    0x10  Data  Lc  app_Main100msMgr_capi.o [1]
rtElementMap            0x00154a28    0x10  Data  Lc  app_Main10msMgr_capi.o [1]
rtElementMap            0x00154a58    0x10  Data  Lc  app_Main1msMgr_capi.o [1]
rtElementMap            0x00154a98    0x10  Data  Lc  app_Main50msMgr_capi.o [1]
rtFixPtMap              0x00154ac4     0xc  Data  Lc  app_Main100msMgr_capi.o [1]
rtFixPtMap              0x0014e5f0    0x48  Data  Lc  app_Main10msMgr_capi.o [1]
rtFixPtMap              0x00154c14     0xc  Data  Lc  app_Main1msMgr_capi.o [1]
rtFixPtMap              0x00154c2c     0xc  Data  Lc  app_Main50msMgr_capi.o [1]
rtGetInf                0x0012818d    0x3c  Code  Gb  rtGetInf.o [1]
rtGetInfF               0x001281c9    0x10  Code  Gb  rtGetInf.o [1]
rtGetMinusInf           0x001281d9    0x3c  Code  Gb  rtGetInf.o [1]
rtGetMinusInfF          0x00128215     0xe  Code  Gb  rtGetInf.o [1]
rtGetNaN                0x00128129    0x3c  Code  Gb  rtGetNaN.o [1]
rtGetNaNF               0x00128165    0x14  Code  Gb  rtGetNaN.o [1]
rtInf                   0x080148d0     0x8  Data  Gb  rt_nonfinite.o [1]
rtInfF                  0x08014918     0x4  Data  Gb  rt_nonfinite.o [1]
rtIsInf                 0x0012014f    0x2a  Code  Gb  rt_nonfinite.o [1]
rtIsNaN                 0x00120191    0x14  Code  Gb  rt_nonfinite.o [1]
rtMinusInf              0x080148d8     0x8  Data  Gb  rt_nonfinite.o [1]
rtMinusInfF             0x0801491c     0x4  Data  Gb  rt_nonfinite.o [1]
rtModelParameters       0x001547e8    0x10  Data  Lc  app_Main100msMgr_capi.o [1]
rtModelParameters       0x00154a18    0x10  Data  Lc  app_Main10msMgr_capi.o [1]
rtModelParameters       0x00154a48    0x10  Data  Lc  app_Main1msMgr_capi.o [1]
rtModelParameters       0x00154a88    0x10  Data  Lc  app_Main50msMgr_capi.o [1]
rtNaN                   0x080148e0     0x8  Data  Gb  rt_nonfinite.o [1]
rtNaNF                  0x08014920     0x4  Data  Gb  rt_nonfinite.o [1]
rtRootInputs            0x0015419c    0x1c  Data  Lc  app_Main100msMgr_capi.o [1]
rtRootInputs            0x0015427c    0x1c  Data  Lc  app_Main10msMgr_capi.o [1]
rtRootInputs            0x001542d0    0x1c  Data  Lc  app_Main1msMgr_capi.o [1]
rtRootInputs            0x00154324    0x1c  Data  Lc  app_Main50msMgr_capi.o [1]
rtRootOutputs           0x001541b8    0x1c  Data  Lc  app_Main100msMgr_capi.o [1]
rtRootOutputs           0x00154298    0x1c  Data  Lc  app_Main10msMgr_capi.o [1]
rtRootOutputs           0x001542ec    0x1c  Data  Lc  app_Main1msMgr_capi.o [1]
rtRootOutputs           0x00154340    0x1c  Data  Lc  app_Main50msMgr_capi.o [1]
rtSampleTimeMap         0x00154ad0     0xc  Data  Lc  app_Main100msMgr_capi.o [1]
rtSampleTimeMap         0x001544d8    0x18  Data  Lc  app_Main10msMgr_capi.o [1]
rtSampleTimeMap         0x00154c20     0xc  Data  Lc  app_Main1msMgr_capi.o [1]
rtSampleTimeMap         0x00154c38     0xc  Data  Lc  app_Main50msMgr_capi.o [1]
rtVarDimsAddrMap        0x080148ec     0x4  Data  Lc  app_Main100msMgr_capi.o [1]
rtVarDimsAddrMap        0x080148f0     0x4  Data  Lc  app_Main10msMgr_capi.o [1]
rtVarDimsAddrMap        0x080148f4     0x4  Data  Lc  app_Main1msMgr_capi.o [1]
rtVarDimsAddrMap        0x080148f8     0x4  Data  Lc  app_Main50msMgr_capi.o [1]
rt_InitInfAndNaN        0x0012010d    0x42  Code  Gb  rt_nonfinite.o [1]
rt_powd_snf             0x00120369   0x1b4  Code  Gb  rt_powd_snf.o [1]
rt_remd_snf             0x0012051d   0x104  Code  Gb  rt_remd_snf.o [1]
rt_roundd_snf           0x00120759    0xa0  Code  Gb  rt_roundd_snf.o [1]
rtcapiStoredFloats      0x001544c0    0x18  Data  Lc  app_Main10msMgr_capi.o [1]
sqrt                    0x00128255          Code  Gb  sqrt.o [5]
sqrtl                   0x00128255          Code  Gb  sqrt.o [5]
u8ReadBootFlag          0x0801496b     0x1  Data  Gb  ecu_mem.o [1]


[1] = C:\Tools\Jenkins\workspace\Neuton_VCU2019\01_Software\Flash_Debug\Obj
[2] = command line
[3] = F021_API_CortexR4_BE.lib
[4] = dl7Sx_tbn.a
[5] = m7Sx_tbv.a
[6] = rt7Sx_tb.a
[7] = sh7Sxs_b.a

  189 091 bytes of readonly  code memory
        6 bytes of readwrite code memory
  176 045 bytes of readonly  data memory
   84 335 bytes of readwrite data memory (+ 2 616 absolute)

Errors: none
Warnings: none
